Archive member included to satisfy reference by file (symbol)

D:/STM32CubeIDE_1.19.0/STM32CubeIDE/plugins/com.st.stm32cube.ide.mcu.externaltools.gnu-tools-for-stm32.14.3.rel1.win32_1.0.100.202602081740/tools/bin/../lib/gcc/arm-none-eabi/14.3.1/../../../../arm-none-eabi/lib/thumb/v8-m.main+fp/hard\libc_nano.a(libc_a-exit.o)
                              D:/STM32CubeIDE_1.19.0/STM32CubeIDE/plugins/com.st.stm32cube.ide.mcu.externaltools.gnu-tools-for-stm32.14.3.rel1.win32_1.0.100.202602081740/tools/bin/../lib/gcc/arm-none-eabi/14.3.1/../../../../arm-none-eabi/lib/thumb/v8-m.main+fp/hard/crt0.o (exit)
D:/STM32CubeIDE_1.19.0/STM32CubeIDE/plugins/com.st.stm32cube.ide.mcu.externaltools.gnu-tools-for-stm32.14.3.rel1.win32_1.0.100.202602081740/tools/bin/../lib/gcc/arm-none-eabi/14.3.1/../../../../arm-none-eabi/lib/thumb/v8-m.main+fp/hard\libc_nano.a(libc_a-findfp.o)
                              D:/STM32CubeIDE_1.19.0/STM32CubeIDE/plugins/com.st.stm32cube.ide.mcu.externaltools.gnu-tools-for-stm32.14.3.rel1.win32_1.0.100.202602081740/tools/bin/../lib/gcc/arm-none-eabi/14.3.1/../../../../arm-none-eabi/lib/thumb/v8-m.main+fp/hard\libc_nano.a(libc_a-exit.o) (__stdio_exit_handler)
D:/STM32CubeIDE_1.19.0/STM32CubeIDE/plugins/com.st.stm32cube.ide.mcu.externaltools.gnu-tools-for-stm32.14.3.rel1.win32_1.0.100.202602081740/tools/bin/../lib/gcc/arm-none-eabi/14.3.1/../../../../arm-none-eabi/lib/thumb/v8-m.main+fp/hard\libc_nano.a(libc_a-fwalk.o)
                              D:/STM32CubeIDE_1.19.0/STM32CubeIDE/plugins/com.st.stm32cube.ide.mcu.externaltools.gnu-tools-for-stm32.14.3.rel1.win32_1.0.100.202602081740/tools/bin/../lib/gcc/arm-none-eabi/14.3.1/../../../../arm-none-eabi/lib/thumb/v8-m.main+fp/hard\libc_nano.a(libc_a-findfp.o) (_fwalk_sglue)
D:/STM32CubeIDE_1.19.0/STM32CubeIDE/plugins/com.st.stm32cube.ide.mcu.externaltools.gnu-tools-for-stm32.14.3.rel1.win32_1.0.100.202602081740/tools/bin/../lib/gcc/arm-none-eabi/14.3.1/../../../../arm-none-eabi/lib/thumb/v8-m.main+fp/hard\libc_nano.a(libc_a-stdio.o)
                              D:/STM32CubeIDE_1.19.0/STM32CubeIDE/plugins/com.st.stm32cube.ide.mcu.externaltools.gnu-tools-for-stm32.14.3.rel1.win32_1.0.100.202602081740/tools/bin/../lib/gcc/arm-none-eabi/14.3.1/../../../../arm-none-eabi/lib/thumb/v8-m.main+fp/hard\libc_nano.a(libc_a-findfp.o) (__sread)
D:/STM32CubeIDE_1.19.0/STM32CubeIDE/plugins/com.st.stm32cube.ide.mcu.externaltools.gnu-tools-for-stm32.14.3.rel1.win32_1.0.100.202602081740/tools/bin/../lib/gcc/arm-none-eabi/14.3.1/../../../../arm-none-eabi/lib/thumb/v8-m.main+fp/hard\libc_nano.a(libc_a-memset.o)
                              D:/STM32CubeIDE_1.19.0/STM32CubeIDE/plugins/com.st.stm32cube.ide.mcu.externaltools.gnu-tools-for-stm32.14.3.rel1.win32_1.0.100.202602081740/tools/bin/../lib/gcc/arm-none-eabi/14.3.1/../../../../arm-none-eabi/lib/thumb/v8-m.main+fp/hard/crt0.o (memset)
D:/STM32CubeIDE_1.19.0/STM32CubeIDE/plugins/com.st.stm32cube.ide.mcu.externaltools.gnu-tools-for-stm32.14.3.rel1.win32_1.0.100.202602081740/tools/bin/../lib/gcc/arm-none-eabi/14.3.1/../../../../arm-none-eabi/lib/thumb/v8-m.main+fp/hard\libc_nano.a(libc_a-closer.o)
                              D:/STM32CubeIDE_1.19.0/STM32CubeIDE/plugins/com.st.stm32cube.ide.mcu.externaltools.gnu-tools-for-stm32.14.3.rel1.win32_1.0.100.202602081740/tools/bin/../lib/gcc/arm-none-eabi/14.3.1/../../../../arm-none-eabi/lib/thumb/v8-m.main+fp/hard\libc_nano.a(libc_a-stdio.o) (_close_r)
D:/STM32CubeIDE_1.19.0/STM32CubeIDE/plugins/com.st.stm32cube.ide.mcu.externaltools.gnu-tools-for-stm32.14.3.rel1.win32_1.0.100.202602081740/tools/bin/../lib/gcc/arm-none-eabi/14.3.1/../../../../arm-none-eabi/lib/thumb/v8-m.main+fp/hard\libc_nano.a(libc_a-reent.o)
                              D:/STM32CubeIDE_1.19.0/STM32CubeIDE/plugins/com.st.stm32cube.ide.mcu.externaltools.gnu-tools-for-stm32.14.3.rel1.win32_1.0.100.202602081740/tools/bin/../lib/gcc/arm-none-eabi/14.3.1/../../../../arm-none-eabi/lib/thumb/v8-m.main+fp/hard\libc_nano.a(libc_a-closer.o) (errno)
D:/STM32CubeIDE_1.19.0/STM32CubeIDE/plugins/com.st.stm32cube.ide.mcu.externaltools.gnu-tools-for-stm32.14.3.rel1.win32_1.0.100.202602081740/tools/bin/../lib/gcc/arm-none-eabi/14.3.1/../../../../arm-none-eabi/lib/thumb/v8-m.main+fp/hard\libc_nano.a(libc_a-impure.o)
                              D:/STM32CubeIDE_1.19.0/STM32CubeIDE/plugins/com.st.stm32cube.ide.mcu.externaltools.gnu-tools-for-stm32.14.3.rel1.win32_1.0.100.202602081740/tools/bin/../lib/gcc/arm-none-eabi/14.3.1/../../../../arm-none-eabi/lib/thumb/v8-m.main+fp/hard\libc_nano.a(libc_a-reent.o) (_impure_ptr)
D:/STM32CubeIDE_1.19.0/STM32CubeIDE/plugins/com.st.stm32cube.ide.mcu.externaltools.gnu-tools-for-stm32.14.3.rel1.win32_1.0.100.202602081740/tools/bin/../lib/gcc/arm-none-eabi/14.3.1/../../../../arm-none-eabi/lib/thumb/v8-m.main+fp/hard\libc_nano.a(libc_a-lseekr.o)
[...]
Memory Configuration

Name             Origin             Length             Attributes
ROM              0x08000000         0x00080000         xr
RAM              0x20000000         0x00020000         xrw
*default*        0x00000000         0xffffffff

Linker script and memory map

LOAD D:/STM32CubeIDE_1.19.0/STM32CubeIDE/plugins/com.st.stm32cube.ide.mcu.externaltools.gnu-tools-for-stm32.14.3.rel1.win32_1.0.100.202602081740/tools/bin/../lib/gcc/arm-none-eabi/14.3.1/thumb/v8-m.main+fp/hard/crti.o
LOAD D:/STM32CubeIDE_1.19.0/STM32CubeIDE/plugins/com.st.stm32cube.ide.mcu.externaltools.gnu-tools-for-stm32.14.3.rel1.win32_1.0.100.202602081740/tools/bin/../lib/gcc/arm-none-eabi/14.3.1/thumb/v8-m.main+fp/hard/crtbegin.o
LOAD D:/STM32CubeIDE_1.19.0/STM32CubeIDE/plugins/com.st.stm32cube.ide.mcu.externaltools.gnu-tools-for-stm32.14.3.rel1.win32_1.0.100.202602081740/tools/bin/../lib/gcc/arm-none-eabi/14.3.1/../../../../arm-none-eabi/lib/thumb/v8-m.main+fp/hard/crt0.o
START GROUP
LOAD D:/STM32CubeIDE_1.19.0/STM32CubeIDE/plugins/com.st.stm32cube.ide.mcu.externaltools.gnu-tools-for-stm32.14.3.rel1.win32_1.0.100.202602081740/tools/bin/../lib/gcc/arm-none-eabi/14.3.1/../../../../arm-none-eabi/lib/thumb/v8-m.main+fp/hard\libc_nano.a
LOAD D:/STM32CubeIDE_1.19.0/STM32CubeIDE/plugins/com.st.stm32cube.ide.mcu.externaltools.gnu-tools-for-stm32.14.3.rel1.win32_1.0.100.202602081740/tools/bin/../lib/gcc/arm-none-eabi/14.3.1/../../../../arm-none-eabi/lib/thumb/v8-m.main+fp/hard\libm.a
END GROUP
LOAD CMakeFiles/workpls.dir/main.c.obj
LOAD CMakeFiles/workpls.dir/generated/middleware/mx_freertos_app.c.obj
LOAD CMakeFiles/workpls.dir/generated/hal/mx_cortex_mpu.c.obj
LOAD CMakeFiles/workpls.dir/generated/hal/mx_cortex_nvic.c.obj
LOAD CMakeFiles/workpls.dir/generated/hal/mx_gpio_default.c.obj
LOAD CMakeFiles/workpls.dir/generated/hal/mx_icache.c.obj
LOAD CMakeFiles/workpls.dir/generated/hal/mx_rcc.c.obj
LOAD CMakeFiles/workpls.dir/generated/hal/mx_system.c.obj
LOAD CMakeFiles/workpls.dir/generated/hal/mx_tim2.c.obj
LOAD CMakeFiles/workpls.dir/generated/hal/mx_usart2.c.obj
LOAD CMakeFiles/workpls.dir/middleware/freertos/croutine.c.obj
LOAD CMakeFiles/workpls.dir/middleware/freertos/event_groups.c.obj
LOAD CMakeFiles/workpls.dir/middleware/freertos/list.c.obj
LOAD CMakeFiles/workpls.dir/middleware/freertos/queue.c.obj
LOAD CMakeFiles/workpls.dir/middleware/freertos/tasks.c.obj
LOAD CMakeFiles/workpls.dir/middleware/freertos/timers.c.obj
LOAD CMakeFiles/workpls.dir/middleware/freertos/portable/GCC/ARM_CM33_NTZ/non_secure/mpu_wrappers_v2_asm.c.obj
LOAD CMakeFiles/workpls.dir/middleware/freertos/portable/GCC/ARM_CM33_NTZ/non_secure/port.c.obj
LOAD CMakeFiles/workpls.dir/middleware/freertos/portable/GCC/ARM_CM33_NTZ/non_secure/portasm.c.obj
LOAD CMakeFiles/workpls.dir/middleware/freertos/portable/MemMang/heap_4.c.obj
LOAD CMakeFiles/workpls.dir/user_modifiable/Device/STM32C562RET6/system_stm32c5xx.c.obj
LOAD CMakeFiles/workpls.dir/user_modifiable/Device/STM32C562RET6/startup_stm32c562xx.c.obj
LOAD CMakeFiles/workpls.dir/stm32c5xx_drivers/hal/stm32c5xx_hal.c.obj
LOAD CMakeFiles/workpls.dir/stm32c5xx_drivers/hal/stm32c5xx_hal_cortex.c.obj
LOAD CMakeFiles/workpls.dir/stm32c5xx_drivers/hal/stm32c5xx_hal_dma.c.obj
LOAD CMakeFiles/workpls.dir/stm32c5xx_drivers/hal/stm32c5xx_hal_flash.c.obj
LOAD CMakeFiles/workpls.dir/stm32c5xx_drivers/hal/stm32c5xx_hal_flash_itf.c.obj
LOAD CMakeFiles/workpls.dir/stm32c5xx_drivers/hal/stm32c5xx_hal_gpio.c.obj
LOAD CMakeFiles/workpls.dir/stm32c5xx_drivers/hal/stm32c5xx_hal_icache.c.obj
LOAD CMakeFiles/workpls.dir/stm32c5xx_drivers/hal/stm32c5xx_hal_pwr.c.obj
LOAD CMakeFiles/workpls.dir/stm32c5xx_drivers/hal/stm32c5xx_hal_q.c.obj
LOAD CMakeFiles/workpls.dir/stm32c5xx_drivers/hal/stm32c5xx_hal_rcc.c.obj
LOAD CMakeFiles/workpls.dir/stm32c5xx_drivers/hal/stm32c5xx_hal_tim.c.obj
LOAD CMakeFiles/workpls.dir/stm32c5xx_drivers/hal/stm32c5xx_hal_uart.c.obj
LOAD CMakeFiles/workpls.dir/utilities/syscalls/syscalls.c.obj
LOAD CMakeFiles/workpls.dir/utilities/syscalls/sysmem.c.obj
START GROUP
LOAD D:/STM32CubeIDE_1.19.0/STM32CubeIDE/plugins/com.st.stm32cube.ide.mcu.externaltools.gnu-tools-for-stm32.14.3.rel1.win32_1.0.100.202602081740/tools/bin/../lib/gcc/arm-none-eabi/14.3.1/thumb/v8-m.main+fp/hard\libgcc.a
LOAD D:/STM32CubeIDE_1.19.0/STM32CubeIDE/plugins/com.st.stm32cube.ide.mcu.externaltools.gnu-tools-for-stm32.14.3.rel1.win32_1.0.100.202602081740/tools/bin/../lib/gcc/arm-none-eabi/14.3.1/../../../../arm-none-eabi/lib/thumb/v8-m.main+fp/hard\libc_nano.a
END GROUP
START GROUP
LOAD D:/STM32CubeIDE_1.19.0/STM32CubeIDE/plugins/com.st.stm32cube.ide.mcu.externaltools.gnu-tools-for-stm32.14.3.rel1.win32_1.0.100.202602081740/tools/bin/../lib/gcc/arm-none-eabi/14.3.1/thumb/v8-m.main+fp/hard\libgcc.a
LOAD D:/STM32CubeIDE_1.19.0/STM32CubeIDE/plugins/com.st.stm32cube.ide.mcu.externaltools.gnu-tools-for-stm32.14.3.rel1.win32_1.0.100.202602081740/tools/bin/../lib/gcc/arm-none-eabi/14.3.1/../../../../arm-none-eabi/lib/thumb/v8-m.main+fp/hard\libc_nano.a
LOAD D:/STM32CubeIDE_1.19.0/STM32CubeIDE/plugins/com.st.stm32cube.ide.mcu.externaltools.gnu-tools-for-stm32.14.3.rel1.win32_1.0.100.202602081740/tools/bin/../lib/gcc/arm-none-eabi/14.3.1/../../../../arm-none-eabi/lib/thumb/v8-m.main+fp/hard\libnosys.a
END GROUP
START GROUP
LOAD D:/STM32CubeIDE_1.19.0/STM32CubeIDE/plugins/com.st.stm32cube.ide.mcu.externaltools.gnu-tools-for-stm32.14.3.rel1.win32_1.0.100.202602081740/tools/bin/../lib/gcc/arm-none-eabi/14.3.1/thumb/v8-m.main+fp/hard\libgcc.a
LOAD D:/STM32CubeIDE_1.19.0/STM32CubeIDE/plugins/com.st.stm32cube.ide.mcu.externaltools.gnu-tools-for-stm32.14.3.rel1.win32_1.0.100.202602081740/tools/bin/../lib/gcc/arm-none-eabi/14.3.1/../../../../arm-none-eabi/lib/thumb/v8-m.main+fp/hard\libc_nano.a
LOAD D:/STM32CubeIDE_1.19.0/STM32CubeIDE/plugins/com.st.stm32cube.ide.mcu.externaltools.gnu-tools-for-stm32.14.3.rel1.win32_1.0.100.202602081740/tools/bin/../lib/gcc/arm-none-eabi/14.3.1/../../../../arm-none-eabi/lib/thumb/v8-m.main+fp/hard\libnosys.a
END GROUP
LOAD D:/STM32CubeIDE_1.19.0/STM32CubeIDE/plugins/com.st.stm32cube.ide.mcu.externaltools.gnu-tools-for-stm32.14.3.rel1.win32_1.0.100.202602081740/tools/bin/../lib/gcc/arm-none-eabi/14.3.1/thumb/v8-m.main+fp/hard/crtend.o
LOAD D:/STM32CubeIDE_1.19.0/STM32CubeIDE/plugins/com.st.stm32cube.ide.mcu.externaltools.gnu-tools-for-stm32.14.3.rel1.win32_1.0.100.202602081740/tools/bin/../lib/gcc/arm-none-eabi/14.3.1/thumb/v8-m.main+fp/hard/crtn.o
                0x00000200                        HEAP_SIZE = 0x200
                0x00000400                        STACK_SIZE = 0x400

.vectors        0x08000000      0x188
                0x08000000                        . = ALIGN (0x8)
 *(.vectors)
 .vectors       0x08000000      0x188 CMakeFiles/workpls.dir/user_modifiable/Device/STM32C562RET6/startup_stm32c562xx.c.obj
                0x08000000                __Vectors
                0x08000188                        . = ALIGN (0x8)

.text           0x08000188     0x6430
                0x08000188                        . = ALIGN (0x8)
 *(.text)
 .text          0x08000188       0x40 D:/STM32CubeIDE_1.19.0/STM32CubeIDE/plugins/com.st.stm32cube.ide.mcu.externaltools.gnu-tools-for-stm32.14.3.rel1.win32_1.0.100.202602081740/tools/bin/../lib/gcc/arm-none-eabi/14.3.1/thumb/v8-m.main+fp/hard/crtbegin.o
 .text          0x080001c8       0x7c D:/STM32CubeIDE_1.19.0/STM32CubeIDE/plugins/com.st.stm32cube.ide.mcu.externaltools.gnu-tools-for-stm32.14.3.rel1.win32_1.0.100.202602081740/tools/bin/../lib/gcc/arm-none-eabi/14.3.1/../../../../arm-none-eabi/lib/thumb/v8-m.main+fp/hard/crt0.o
                0x080001c8                _stack_init
                0x080001d0                _start
                0x080001d0                _mainCRTStartup
 .text          0x08000244       0x30 D:/STM32CubeIDE_1.19.0/STM32CubeIDE/plugins/com.st.stm32cube.ide.mcu.externaltools.gnu-tools-for-stm32.14.3.rel1.win32_1.0.100.202602081740/tools/bin/../lib/gcc/arm-none-eabi/14.3.1/thumb/v8-m.main+fp/hard\libgcc.a(_aeabi_uldivmod.o)
                0x08000244                __aeabi_uldivmod
 .text          0x08000274      0x34c D:/STM32CubeIDE_1.19.0/STM32CubeIDE/plugins/com.st.stm32cube.ide.mcu.externaltools.gnu-tools-for-stm32.14.3.rel1.win32_1.0.100.202602081740/tools/bin/../lib/gcc/arm-none-eabi/14.3.1/thumb/v8-m.main+fp/hard\libgcc.a(_udivmoddi4.o)
                0x08000274                __udivmoddi4
 .text          0x080005c0        0x4 D:/STM32CubeIDE_1.19.0/STM32CubeIDE/plugins/com.st.stm32cube.ide.mcu.externaltools.gnu-tools-for-stm32.14.3.rel1.win32_1.0.100.202602081740/tools/bin/../lib/gcc/arm-none-eabi/14.3.1/thumb/v8-m.main+fp/hard\libgcc.a(_dvmd_tls.o)
                0x080005c0                __aeabi_idiv0
                0x080005c0                __aeabi_ldiv0
 .text          0x080005c4       0x10 D:/STM32CubeIDE_1.19.0/STM32CubeIDE/plugins/com.st.stm32cube.ide.mcu.externaltools.gnu-tools-for-stm32.14.3.rel1.win32_1.0.100.202602081740/tools/bin/../lib/gcc/arm-none-eabi/14.3.1/../../../../arm-none-eabi/lib/thumb/v8-m.main+fp/hard\libc_nano.a(libc_a-strlen.o)
                0x080005c4                strlen
 *(.text*)
 .text.exit     0x080005d4       0x24 D:/STM32CubeIDE_1.19.0/STM32CubeIDE/plugins/com.st.stm32cube.ide.mcu.externaltools.gnu-tools-for-stm32.14.3.rel1.win32_1.0.100.202602081740/tools/bin/../lib/gcc/arm-none-eabi/14.3.1/../../../../arm-none-eabi/lib/thumb/v8-m.main+fp/hard\libc_nano.a(libc_a-exit.o)
                0x080005d4                exit
 .text.memset   0x080005f8       0x10 D:/STM32CubeIDE_1.19.0/STM32CubeIDE/plugins/com.st.stm32cube.ide.mcu.externaltools.gnu-tools-for-stm32.14.3.rel1.win32_1.0.100.202602081740/tools/bin/../lib/gcc/arm-none-eabi/14.3.1/../../../../arm-none-eabi/lib/thumb/v8-m.main+fp/hard\libc_nano.a(libc_a-memset.o)
                0x080005f8                memset
 .text.__libc_init_array
                0x08000608       0x48 D:/STM32CubeIDE_1.19.0/STM32CubeIDE/plugins/com.st.stm32cube.ide.mcu.externaltools.gnu-tools-for-stm32.14.3.rel1.win32_1.0.100.202602081740/tools/bin/../lib/gcc/arm-none-eabi/14.3.1/../../../../arm-none-eabi/lib/thumb/v8-m.main+fp/hard\libc_nano.a(libc_a-init.o)
                0x08000608                __libc_init_array
 .text.main     0x08000650       0x26 CMakeFiles/workpls.dir/main.c.obj
                0x08000650                main
 *fill*         0x08000676        0x2 
 .text.print_uart
                0x08000678       0x40 CMakeFiles/workpls.dir/generated/middleware/mx_freertos_app.c.obj
 .text.task_a_sensor
                0x080006b8        0xc CMakeFiles/workpls.dir/generated/middleware/mx_freertos_app.c.obj
 .text.task_b_calc
                0x080006c4        0xc CMakeFiles/workpls.dir/generated/middleware/mx_freertos_app.c.obj
 .text.task_c_monitor
                0x080006d0        0xc CMakeFiles/workpls.dir/generated/middleware/mx_freertos_app.c.obj
 .text.app_synctasks_init
                0x080006dc       0x80 CMakeFiles/workpls.dir/generated/middleware/mx_freertos_app.c.obj
                0x080006dc                app_synctasks_init
 .text.mx_cortex_mpu_init
                0x0800075c       0x5c CMakeFiles/workpls.dir/generated/hal/mx_cortex_mpu.c.obj
                0x0800075c                mx_cortex_mpu_init
 .text.mx_cortex_nvic_init
                0x080007b8       0x30 CMakeFiles/workpls.dir/generated/hal/mx_cortex_nvic.c.obj
                0x080007b8                mx_cortex_nvic_init
 .text.LL_AHB2_GRP1_EnableClock
                0x080007e8       0x60 CMakeFiles/workpls.dir/generated/hal/mx_gpio_default.c.obj
 .text.HAL_RCC_GPIOA_EnableClock
                0x08000848        0xe CMakeFiles/workpls.dir/generated/hal/mx_gpio_default.c.obj
 .text.HAL_RCC_GPIOC_EnableClock
                0x08000856        0xe CMakeFiles/workpls.dir/generated/hal/mx_gpio_default.c.obj
 .text.mx_gpio_default_init
                0x08000864       0x80 CMakeFiles/workpls.dir/generated/hal/mx_gpio_default.c.obj
                0x08000864                mx_gpio_default_init
 .text.mx_icache_init
                0x080008e4       0x28 CMakeFiles/workpls.dir/generated/hal/mx_icache.c.obj
                0x080008e4                mx_icache_init
 .text.mx_icache_gethandle
                0x0800090c       0x14 CMakeFiles/workpls.dir/generated/hal/mx_icache.c.obj
                0x0800090c                mx_icache_gethandle
 .text.mx_rcc_init
                0x08000920       0xc0 CMakeFiles/workpls.dir/generated/hal/mx_rcc.c.obj
                0x08000920                mx_rcc_init
 .text.mx_rcc_peripherals_clock_config
                0x080009e0       0x12 CMakeFiles/workpls.dir/generated/hal/mx_rcc.c.obj
                0x080009e0                mx_rcc_peripherals_clock_config
 .text.mx_system_init
                0x080009f2       0xe8 CMakeFiles/workpls.dir/generated/hal/mx_system.c.obj
                0x080009f2                mx_system_init
 .text.pre_system_init_hook
                0x08000ada       0x12 CMakeFiles/workpls.dir/generated/hal/mx_system.c.obj
                0x08000ada                pre_system_init_hook
 .text.post_system_init_hook
                0x08000aec       0x12 CMakeFiles/workpls.dir/generated/hal/mx_system.c.obj
                0x08000aec                post_system_init_hook
 *fill*         0x08000afe        0x2 
 .text.LL_APB1_GRP1_EnableClock
                0x08000b00       0x60 CMakeFiles/workpls.dir/generated/hal/mx_tim2.c.obj
 .text.HAL_RCC_TIM2_EnableClock
                0x08000b60        0xe CMakeFiles/workpls.dir/generated/hal/mx_tim2.c.obj
 *fill*         0x08000b6e        0x2 
 .text.mx_tim2_init
                0x08000b70       0xa8 CMakeFiles/workpls.dir/generated/hal/mx_tim2.c.obj
                0x08000b70                mx_tim2_init
 .text.LL_AHB2_GRP1_EnableClock
                0x08000c18       0x60 CMakeFiles/workpls.dir/generated/hal/mx_usart2.c.obj
 .text.LL_APB1_GRP1_EnableClock
                0x08000c78       0x60 CMakeFiles/workpls.dir/generated/hal/mx_usart2.c.obj
 .text.HAL_RCC_GPIOA_EnableClock
                0x08000cd8        0xe CMakeFiles/workpls.dir/generated/hal/mx_usart2.c.obj
 .text.HAL_RCC_USART2_EnableClock
                0x08000ce6       0x10 CMakeFiles/workpls.dir/generated/hal/mx_usart2.c.obj
 *fill*         0x08000cf6        0x2 
 .text.mx_usart2_uart_init
                0x08000cf8       0xbc CMakeFiles/workpls.dir/generated/hal/mx_usart2.c.obj
                0x08000cf8                mx_usart2_uart_init
 .text.mx_usart2_uart_gethandle
                0x08000db4       0x14 CMakeFiles/workpls.dir/generated/hal/mx_usart2.c.obj
                0x08000db4                mx_usart2_uart_gethandle
 .text.USART2_IRQHandler
                0x08000dc8       0x14 CMakeFiles/workpls.dir/generated/hal/mx_usart2.c.obj
                0x08000dc8                USART2_IRQHandler
 .text.vListInitialise
                0x08000ddc       0x40 CMakeFiles/workpls.dir/middleware/freertos/list.c.obj
                0x08000ddc                vListInitialise
 .text.vListInitialiseItem
                0x08000e1c       0x1a CMakeFiles/workpls.dir/middleware/freertos/list.c.obj
                0x08000e1c                vListInitialiseItem
 .text.vListInsert
                0x08000e36       0x72 CMakeFiles/workpls.dir/middleware/freertos/list.c.obj
                0x08000e36                vListInsert
 .text.uxListRemove
                0x08000ea8       0x54 CMakeFiles/workpls.dir/middleware/freertos/list.c.obj
                0x08000ea8                uxListRemove
 .text.xQueueGenericReset
                0x08000efc       0xf2 CMakeFiles/workpls.dir/middleware/freertos/queue.c.obj
                0x08000efc                xQueueGenericReset
 .text.xQueueGenericCreate
                0x08000fee       0x8e CMakeFiles/workpls.dir/middleware/freertos/queue.c.obj
                0x08000fee                xQueueGenericCreate
 .text.prvInitialiseNewQueue
                0x0800107c       0x44 CMakeFiles/workpls.dir/middleware/freertos/queue.c.obj
 .text.xQueueReceive
                0x080010c0      0x178 CMakeFiles/workpls.dir/middleware/freertos/queue.c.obj
                0x080010c0                xQueueReceive
 .text.prvCopyDataToQueue
                0x08001238       0xd4 CMakeFiles/workpls.dir/middleware/freertos/queue.c.obj
 .text.prvCopyDataFromQueue
                0x0800130c       0x4c CMakeFiles/workpls.dir/middleware/freertos/queue.c.obj
 .text.prvUnlockQueue
                0x08001358       0xbe CMakeFiles/workpls.dir/middleware/freertos/queue.c.obj
 .text.prvIsQueueEmpty
                0x08001416       0x2c CMakeFiles/workpls.dir/middleware/freertos/queue.c.obj
 *fill*         0x08001442        0x2 
 .text.vQueueAddToRegistry
                0x08001444       0x8c CMakeFiles/workpls.dir/middleware/freertos/queue.c.obj
                0x08001444                vQueueAddToRegistry
 .text.vQueueWaitForMessageRestricted
                0x080014d0       0x68 CMakeFiles/workpls.dir/middleware/freertos/queue.c.obj
                0x080014d0                vQueueWaitForMessageRestricted
 .text.prvNotifyQueueSetContainer
                0x08001538       0xb6 CMakeFiles/workpls.dir/middleware/freertos/queue.c.obj
 .text.prvCreateTask
                0x080015ee       0x78 CMakeFiles/workpls.dir/middleware/freertos/tasks.c.obj
 .text.xTaskCreate
                0x08001666       0x46 CMakeFiles/workpls.dir/middleware/freertos/tasks.c.obj
                0x08001666                xTaskCreate
 .text.prvInitialiseNewTask
                0x080016ac      0x104 CMakeFiles/workpls.dir/middleware/freertos/tasks.c.obj
 .text.prvAddNewTaskToReadyList
                0x080017b0      0x11c CMakeFiles/workpls.dir/middleware/freertos/tasks.c.obj
 .text.prvCreateIdleTasks
                0x080018cc       0xac CMakeFiles/workpls.dir/middleware/freertos/tasks.c.obj
 .text.vTaskStartScheduler
                0x08001978       0x68 CMakeFiles/workpls.dir/middleware/freertos/tasks.c.obj
                0x08001978                vTaskStartScheduler
 .text.vTaskSuspendAll
                0x080019e0       0x1c CMakeFiles/workpls.dir/middleware/freertos/tasks.c.obj
                0x080019e0                vTaskSuspendAll
 .text.xTaskResumeAll
                0x080019fc      0x1f4 CMakeFiles/workpls.dir/middleware/freertos/tasks.c.obj
                0x080019fc                xTaskResumeAll
 .text.xTaskGetTickCount
                0x08001bf0       0x20 CMakeFiles/workpls.dir/middleware/freertos/tasks.c.obj
                0x08001bf0                xTaskGetTickCount
 .text.uxTaskGetNumberOfTasks
                0x08001c10       0x18 CMakeFiles/workpls.dir/middleware/freertos/tasks.c.obj
                0x08001c10                uxTaskGetNumberOfTasks
 .text.xTaskIncrementTick
                0x08001c28      0x224 CMakeFiles/workpls.dir/middleware/freertos/tasks.c.obj
                0x08001c28                xTaskIncrementTick
 .text.vTaskSwitchContext
                0x08001e4c       0xac CMakeFiles/workpls.dir/middleware/freertos/tasks.c.obj
                0x08001e4c                vTaskSwitchContext
 .text.vTaskPlaceOnEventList
                0x08001ef8       0x3c CMakeFiles/workpls.dir/middleware/freertos/tasks.c.obj
                0x08001ef8                vTaskPlaceOnEventList
 .text.vTaskPlaceOnEventListRestricted
                0x08001f34       0x7c CMakeFiles/workpls.dir/middleware/freertos/tasks.c.obj
                0x08001f34                vTaskPlaceOnEventListRestricted
 .text.xTaskRemoveFromEventList
                0x08001fb0      0x1a0 CMakeFiles/workpls.dir/middleware/freertos/tasks.c.obj
                0x08001fb0                xTaskRemoveFromEventList
 .text.vTaskInternalSetTimeOutState
                0x08002150       0x2c CMakeFiles/workpls.dir/middleware/freertos/tasks.c.obj
                0x08002150                vTaskInternalSetTimeOutState
 .text.xTaskCheckForTimeOut
                0x0800217c       0xb0 CMakeFiles/workpls.dir/middleware/freertos/tasks.c.obj
                0x0800217c                xTaskCheckForTimeOut
 .text.vTaskMissedYield
                0x0800222c       0x18 CMakeFiles/workpls.dir/middleware/freertos/tasks.c.obj
                0x0800222c                vTaskMissedYield
 .text.prvIdleTask
                0x08002244       0x20 CMakeFiles/workpls.dir/middleware/freertos/tasks.c.obj
 .text.prvInitialiseTaskLists
                0x08002264       0x80 CMakeFiles/workpls.dir/middleware/freertos/tasks.c.obj
 .text.prvCheckTasksWaitingTermination
                0x080022e4       0x5c CMakeFiles/workpls.dir/middleware/freertos/tasks.c.obj
 .text.prvDeleteTCB
                0x08002340       0x20 CMakeFiles/workpls.dir/middleware/freertos/tasks.c.obj
 .text.prvResetNextTaskUnblockTime
                0x08002360       0x38 CMakeFiles/workpls.dir/middleware/freertos/tasks.c.obj
 .text.xTaskGetSchedulerState
                0x08002398       0x3c CMakeFiles/workpls.dir/middleware/freertos/tasks.c.obj
                0x08002398                xTaskGetSchedulerState
 .text.xTaskPriorityDisinherit
                0x080023d4      0x114 CMakeFiles/workpls.dir/middleware/freertos/tasks.c.obj
                0x080023d4                xTaskPriorityDisinherit
 .text.prvAddCurrentTaskToDelayedList
                0x080024e8       0xe0 CMakeFiles/workpls.dir/middleware/freertos/tasks.c.obj
 .text.xTimerCreateTimerTask
                0x080025c8       0x54 CMakeFiles/workpls.dir/middleware/freertos/timers.c.obj
                0x080025c8                xTimerCreateTimerTask
 .text.prvReloadTimer
                0x0800261c       0x42 CMakeFiles/workpls.dir/middleware/freertos/timers.c.obj
 *fill*         0x0800265e        0x2 
 .text.prvProcessExpiredTimer
                0x08002660       0x60 CMakeFiles/workpls.dir/middleware/freertos/timers.c.obj
 .text.prvTimerTask
                0x080026c0       0x26 CMakeFiles/workpls.dir/middleware/freertos/timers.c.obj
 *fill*         0x080026e6        0x2 
 .text.prvProcessTimerOrBlockTask
                0x080026e8       0x8c CMakeFiles/workpls.dir/middleware/freertos/timers.c.obj
 .text.prvGetNextExpireTime
                0x08002774       0x48 CMakeFiles/workpls.dir/middleware/freertos/timers.c.obj
 .text.prvSampleTimeNow
                0x080027bc       0x40 CMakeFiles/workpls.dir/middleware/freertos/timers.c.obj
 .text.prvInsertTimerInActiveList
                0x080027fc       0x84 CMakeFiles/workpls.dir/middleware/freertos/timers.c.obj
 .text.prvProcessReceivedCommands
                0x08002880      0x184 CMakeFiles/workpls.dir/middleware/freertos/timers.c.obj
 .text.prvSwitchTimerLists
                0x08002a04       0x4c CMakeFiles/workpls.dir/middleware/freertos/timers.c.obj
 .text.prvCheckForValidListAndQueue
                0x08002a50       0x6c CMakeFiles/workpls.dir/middleware/freertos/timers.c.obj
 .text.vPortSetupTimerInterrupt
                0x08002abc       0x34 CMakeFiles/workpls.dir/middleware/freertos/portable/GCC/ARM_CM33_NTZ/non_secure/port.c.obj
                0x08002abc                vPortSetupTimerInterrupt
 .text.prvTaskExitError
                0x08002af0       0x38 CMakeFiles/workpls.dir/middleware/freertos/portable/GCC/ARM_CM33_NTZ/non_secure/port.c.obj
 .text.vPortYield
                0x08002b28       0x24 CMakeFiles/workpls.dir/middleware/freertos/portable/GCC/ARM_CM33_NTZ/non_secure/port.c.obj
                0x08002b28                vPortYield
 .text.vPortEnterCritical
                0x08002b4c       0x24 CMakeFiles/workpls.dir/middleware/freertos/portable/GCC/ARM_CM33_NTZ/non_secure/port.c.obj
                0x08002b4c                vPortEnterCritical
 .text.vPortExitCritical
                0x08002b70       0x34 CMakeFiles/workpls.dir/middleware/freertos/portable/GCC/ARM_CM33_NTZ/non_secure/port.c.obj
                0x08002b70                vPortExitCritical
 .text.SysTick_Handler
                0x08002ba4       0x30 CMakeFiles/workpls.dir/middleware/freertos/portable/GCC/ARM_CM33_NTZ/non_secure/port.c.obj
                0x08002ba4                SysTick_Handler
 .text.vPortSVCHandler_C
                0x08002bd4       0x32 CMakeFiles/workpls.dir/middleware/freertos/portable/GCC/ARM_CM33_NTZ/non_secure/port.c.obj
                0x08002bd4                vPortSVCHandler_C
 *fill*         0x08002c06        0x2 
 .text.pxPortInitialiseStack
                0x08002c08      0x114 CMakeFiles/workpls.dir/middleware/freertos/portable/GCC/ARM_CM33_NTZ/non_secure/port.c.obj
                0x08002c08                pxPortInitialiseStack
 .text.xPortStartScheduler
                0x08002d1c      0x12c CMakeFiles/workpls.dir/middleware/freertos/portable/GCC/ARM_CM33_NTZ/non_secure/port.c.obj
                0x08002d1c                xPortStartScheduler
 .text.vRestoreContextOfFirstTask
                0x08002e48       0x34 CMakeFiles/workpls.dir/middleware/freertos/portable/GCC/ARM_CM33_NTZ/non_secure/portasm.c.obj
                0x08002e48                vRestoreContextOfFirstTask
 .text.vStartFirstTask
                0x08002e7c       0x20 CMakeFiles/workpls.dir/middleware/freertos/portable/GCC/ARM_CM33_NTZ/non_secure/portasm.c.obj
                0x08002e7c                vStartFirstTask
 .text.ulSetInterruptMask
                0x08002e9c       0x1a CMakeFiles/workpls.dir/middleware/freertos/portable/GCC/ARM_CM33_NTZ/non_secure/portasm.c.obj
                0x08002e9c                ulSetInterruptMask
 .text.vClearInterruptMask
                0x08002eb6       0x10 CMakeFiles/workpls.dir/middleware/freertos/portable/GCC/ARM_CM33_NTZ/non_secure/portasm.c.obj
                0x08002eb6                vClearInterruptMask
 *fill*         0x08002ec6        0x2 
 .text.PendSV_Handler
                0x08002ec8       0x4c CMakeFiles/workpls.dir/middleware/freertos/portable/GCC/ARM_CM33_NTZ/non_secure/portasm.c.obj
                0x08002ec8                PendSV_Handler
 .text.SVC_Handler
                0x08002f14       0x18 CMakeFiles/workpls.dir/middleware/freertos/portable/GCC/ARM_CM33_NTZ/non_secure/portasm.c.obj
                0x08002f14                SVC_Handler
 .text.pvPortMalloc
                0x08002f2c      0x20c CMakeFiles/workpls.dir/middleware/freertos/portable/MemMang/heap_4.c.obj
                0x08002f2c                pvPortMalloc
 .text.vPortFree
                0x08003138       0xbc CMakeFiles/workpls.dir/middleware/freertos/portable/MemMang/heap_4.c.obj
                0x08003138                vPortFree
 .text.prvHeapInit
                0x080031f4       0xb4 CMakeFiles/workpls.dir/middleware/freertos/portable/MemMang/heap_4.c.obj
 .text.prvInsertBlockIntoFreeList
                0x080032a8       0xe0 CMakeFiles/workpls.dir/middleware/freertos/portable/MemMang/heap_4.c.obj
 .text.SCB_SetVTOR
                0x08003388       0x20 CMakeFiles/workpls.dir/user_modifiable/Device/STM32C562RET6/system_stm32c5xx.c.obj
 .text.SCB_EnableFPU
                0x080033a8       0x24 CMakeFiles/workpls.dir/user_modifiable/Device/STM32C562RET6/system_stm32c5xx.c.obj
 .text.SystemInit
                0x080033cc       0x18 CMakeFiles/workpls.dir/user_modifiable/Device/STM32C562RET6/system_stm32c5xx.c.obj
                0x080033cc                SystemInit
 .text.Reset_Handler
                0x080033e4       0xc4 CMakeFiles/workpls.dir/user_modifiable/Device/STM32C562RET6/startup_stm32c562xx.c.obj
                0x080033e4                Reset_Handler
 .text.HardFault_Handler
                0x080034a8        0x8 CMakeFiles/workpls.dir/user_modifiable/Device/STM32C562RET6/startup_stm32c562xx.c.obj
                0x080034a8                HardFault_Handler
 .text.Default_IRQHandler
                0x080034b0        0x8 CMakeFiles/workpls.dir/user_modifiable/Device/STM32C562RET6/startup_stm32c562xx.c.obj
                0x080034b0                EXTI2_IRQHandler
                0x080034b0                TIM8_CC_IRQHandler
                0x080034b0                EXTI5_IRQHandler
                0x080034b0                DebugMon_Handler
                0x080034b0                TIM8_TRGI_COM_DIR_IDX_IRQHandler
                0x080034b0                EXTI13_IRQHandler
                0x080034b0                LPDMA2_CH1_IRQHandler
                0x080034b0                I2C1_ERR_IRQHandler
                0x080034b0                TIM1_CC_IRQHandler
                0x080034b0                LPDMA1_CH6_IRQHandler
                0x080034b0                TAMP_IRQHandler
                0x080034b0                TIM6_IRQHandler
                0x080034b0                EXTI12_IRQHandler
                0x080034b0                CORDIC_IRQHandler
                0x080034b0                USB_DRD_FS_IRQHandler
                0x080034b0                NMI_Handler
                0x080034b0                EXTI3_IRQHandler
                0x080034b0                EXTI8_IRQHandler
                0x080034b0                PWR_PVD_IRQHandler
                0x080034b0                EXTI0_IRQHandler
                0x080034b0                I2C2_EV_IRQHandler
                0x080034b0                FPU_IRQHandler
                0x080034b0                FDCAN1_IT1_IRQHandler
                0x080034b0                RAMCFG_IRQHandler
                0x080034b0                UsageFault_Handler
                0x080034b0                TIM1_UPD_IRQHandler
                0x080034b0                SPI1_IRQHandler
                0x080034b0                ADC1_IRQHandler
                0x080034b0                EXTI15_IRQHandler
                0x080034b0                TIM17_IRQHandler
                0x080034b0                USART3_IRQHandler
                0x080034b0                RTC_IRQHandler
                0x080034b0                EXTI9_IRQHandler
                0x080034b0                UART5_IRQHandler
                0x080034b0                LPDMA2_CH3_IRQHandler
                0x080034b0                LPDMA1_CH1_IRQHandler
                0x080034b0                I2C1_EV_IRQHandler
                0x080034b0                TIM16_IRQHandler
                0x080034b0                UART4_IRQHandler
                0x080034b0                RCC_IRQHandler
                0x080034b0                LPDMA1_CH5_IRQHandler
                0x080034b0                LPDMA2_CH2_IRQHandler
                0x080034b0                TIM12_IRQHandler
                0x080034b0                TIM7_IRQHandler
                0x080034b0                TIM5_IRQHandler
                0x080034b0                I3C1_EV_IRQHandler
                0x080034b0                TIM15_IRQHandler
                0x080034b0                TIM8_BRK_TERR_IERR_IRQHandler
                0x080034b0                TIM8_UPD_IRQHandler
                0x080034b0                ADC2_IRQHandler
                0x080034b0                SPI2_IRQHandler
                0x080034b0                MemManage_Handler
                0x080034b0                LPDMA1_CH3_IRQHandler
                0x080034b0                EXTI14_IRQHandler
                0x080034b0                EXTI11_IRQHandler
                0x080034b0                CRS_IRQHandler
                0x080034b0                EXTI4_IRQHandler
                0x080034b0                TIM1_BRK_TERR_IERR_IRQHandler
                0x080034b0                RNG_IRQHandler
                0x080034b0                TIM1_TRGI_COM_DIR_IDX_IRQHandler
                0x080034b0                LPDMA2_CH0_IRQHandler
                0x080034b0                I3C1_ERR_IRQHandler
                0x080034b0                WWDG_IRQHandler
                0x080034b0                Default_IRQHandler
                0x080034b0                IWDG_IRQHandler
                0x080034b0                LPUART1_IRQHandler
                0x080034b0                FDCAN1_IT0_IRQHandler
                0x080034b0                TIM2_IRQHandler
                0x080034b0                LPDMA1_CH2_IRQHandler
                0x080034b0                EXTI7_IRQHandler
                0x080034b0                EXTI1_IRQHandler
                0x080034b0                AES_IRQHandler
                0x080034b0                DAC1_IRQHandler
                0x080034b0                LPDMA1_CH4_IRQHandler
                0x080034b0                FLASH_IRQHandler
                0x080034b0                I2C2_ERR_IRQHandler
                0x080034b0                BusFault_Handler
                0x080034b0                USART1_IRQHandler
                0x080034b0                EXTI10_IRQHandler
                0x080034b0                SPI3_IRQHandler
                0x080034b0                LPDMA1_CH0_IRQHandler
                0x080034b0                EXTI6_IRQHandler
                0x080034b0                COMP1_IRQHandler
                0x080034b0                LPTIM1_IRQHandler
                0x080034b0                ICACHE_IRQHandler
                0x080034b0                LPDMA1_CH7_IRQHandler
                0x080034b0                HASH_IRQHandler
 .text.Default_IRQHandler_Hook
                0x080034b8        0x8 CMakeFiles/workpls.dir/user_modifiable/Device/STM32C562RET6/startup_stm32c562xx.c.obj
                0x080034b8                Default_IRQHandler_Hook
 .text.LL_RCC_GetAHBPrescaler
                0x080034c0       0x1c CMakeFiles/workpls.dir/stm32c5xx_drivers/hal/stm32c5xx_hal.c.obj
 .text.LL_FLASH_EnablePrefetch
                0x080034dc       0x20 CMakeFiles/workpls.dir/stm32c5xx_drivers/hal/stm32c5xx_hal.c.obj
 .text.HAL_Init
                0x080034fc       0x44 CMakeFiles/workpls.dir/stm32c5xx_drivers/hal/stm32c5xx_hal.c.obj
                0x080034fc                HAL_Init
 .text.HAL_InitTick
                0x08003540       0x68 CMakeFiles/workpls.dir/stm32c5xx_drivers/hal/stm32c5xx_hal.c.obj
                0x08003540                HAL_InitTick
 .text.HAL_UpdateCoreClock
                0x080035a8       0x30 CMakeFiles/workpls.dir/stm32c5xx_drivers/hal/stm32c5xx_hal.c.obj
                0x080035a8                HAL_UpdateCoreClock
 .text.HAL_GetTick
                0x080035d8       0x18 CMakeFiles/workpls.dir/stm32c5xx_drivers/hal/stm32c5xx_hal.c.obj
                0x080035d8                HAL_GetTick
 .text.__NVIC_SetPriorityGrouping
                0x080035f0       0x48 CMakeFiles/workpls.dir/stm32c5xx_drivers/hal/stm32c5xx_hal_cortex.c.obj
 .text.__NVIC_GetPriorityGrouping
                0x08003638       0x1c CMakeFiles/workpls.dir/stm32c5xx_drivers/hal/stm32c5xx_hal_cortex.c.obj
 .text.__NVIC_EnableIRQ
                0x08003654       0x3c CMakeFiles/workpls.dir/stm32c5xx_drivers/hal/stm32c5xx_hal_cortex.c.obj
 .text.__NVIC_SetPriority
                0x08003690       0x54 CMakeFiles/workpls.dir/stm32c5xx_drivers/hal/stm32c5xx_hal_cortex.c.obj
 .text.NVIC_EncodePriority
                0x080036e4       0x66 CMakeFiles/workpls.dir/stm32c5xx_drivers/hal/stm32c5xx_hal_cortex.c.obj
 *fill*         0x0800374a        0x2 
 .text.ARM_MPU_Enable
                0x0800374c       0x44 CMakeFiles/workpls.dir/stm32c5xx_drivers/hal/stm32c5xx_hal_cortex.c.obj
 .text.ARM_MPU_Disable
                0x08003790       0x40 CMakeFiles/workpls.dir/stm32c5xx_drivers/hal/stm32c5xx_hal_cortex.c.obj
 .text.ARM_MPU_SetMemAttrEx
                0x080037d0       0x6a CMakeFiles/workpls.dir/stm32c5xx_drivers/hal/stm32c5xx_hal_cortex.c.obj
 *fill*         0x0800383a        0x2 
 .text.ARM_MPU_SetMemAttr
                0x0800383c       0x28 CMakeFiles/workpls.dir/stm32c5xx_drivers/hal/stm32c5xx_hal_cortex.c.obj
 .text.ARM_MPU_SetRegionEx
                0x08003864       0x2c CMakeFiles/workpls.dir/stm32c5xx_drivers/hal/stm32c5xx_hal_cortex.c.obj
 .text.ARM_MPU_SetRegion
                0x08003890       0x24 CMakeFiles/workpls.dir/stm32c5xx_drivers/hal/stm32c5xx_hal_cortex.c.obj
 .text.SysTick_SetClkSource
                0x080038b4       0x38 CMakeFiles/workpls.dir/stm32c5xx_drivers/hal/stm32c5xx_hal_cortex.c.obj
 .text.SysTick_GetClkSource
                0x080038ec       0x1c CMakeFiles/workpls.dir/stm32c5xx_drivers/hal/stm32c5xx_hal_cortex.c.obj
 .text.SysTick_EnableIT
                0x08003908       0x20 CMakeFiles/workpls.dir/stm32c5xx_drivers/hal/stm32c5xx_hal_cortex.c.obj
 .text.SysTick_Enable
                0x08003928       0x20 CMakeFiles/workpls.dir/stm32c5xx_drivers/hal/stm32c5xx_hal_cortex.c.obj
 .text.SysTick_SetReload
                0x08003948       0x30 CMakeFiles/workpls.dir/stm32c5xx_drivers/hal/stm32c5xx_hal_cortex.c.obj
 .text.SysTick_SetCounter
                0x08003978       0x20 CMakeFiles/workpls.dir/stm32c5xx_drivers/hal/stm32c5xx_hal_cortex.c.obj
 .text.HAL_CORTEX_NVIC_SetPriorityGrouping
                0x08003998       0x1a CMakeFiles/workpls.dir/stm32c5xx_drivers/hal/stm32c5xx_hal_cortex.c.obj
                0x08003998                HAL_CORTEX_NVIC_SetPriorityGrouping
 .text.HAL_CORTEX_NVIC_SetPriority
                0x080039b2       0x36 CMakeFiles/workpls.dir/stm32c5xx_drivers/hal/stm32c5xx_hal_cortex.c.obj
                0x080039b2                HAL_CORTEX_NVIC_SetPriority
 .text.HAL_CORTEX_NVIC_EnableIRQ
                0x080039e8       0x1c CMakeFiles/workpls.dir/stm32c5xx_drivers/hal/stm32c5xx_hal_cortex.c.obj
                0x080039e8                HAL_CORTEX_NVIC_EnableIRQ
 .text.HAL_CORTEX_SYSTICK_SetFreq
                0x08003a04       0x66 CMakeFiles/workpls.dir/stm32c5xx_drivers/hal/stm32c5xx_hal_cortex.c.obj
                0x08003a04                HAL_CORTEX_SYSTICK_SetFreq
 .text.HAL_CORTEX_SYSTICK_SetClkSource
                0x08003a6a       0x1a CMakeFiles/workpls.dir/stm32c5xx_drivers/hal/stm32c5xx_hal_cortex.c.obj
                0x08003a6a                HAL_CORTEX_SYSTICK_SetClkSource
 .text.HAL_CORTEX_MPU_Enable
                0x08003a84       0x26 CMakeFiles/workpls.dir/stm32c5xx_drivers/hal/stm32c5xx_hal_cortex.c.obj
                0x08003a84                HAL_CORTEX_MPU_Enable
 .text.HAL_CORTEX_MPU_Disable
                0x08003aaa        0xc CMakeFiles/workpls.dir/stm32c5xx_drivers/hal/stm32c5xx_hal_cortex.c.obj
                0x08003aaa                HAL_CORTEX_MPU_Disable
 .text.HAL_CORTEX_MPU_SetCacheMemAttr
                0x08003ab6       0x2a CMakeFiles/workpls.dir/stm32c5xx_drivers/hal/stm32c5xx_hal_cortex.c.obj
                0x08003ab6                HAL_CORTEX_MPU_SetCacheMemAttr
 .text.HAL_CORTEX_MPU_SetConfigRegion
                0x08003ae0       0x54 CMakeFiles/workpls.dir/stm32c5xx_drivers/hal/stm32c5xx_hal_cortex.c.obj
                0x08003ae0                HAL_CORTEX_MPU_SetConfigRegion
 .text.HAL_CORTEX_MPU_EnableRegion
                0x08003b34       0x2c CMakeFiles/workpls.dir/stm32c5xx_drivers/hal/stm32c5xx_hal_cortex.c.obj
                0x08003b34                HAL_CORTEX_MPU_EnableRegion
 .text.LL_FLASH_SetLatency
                0x08003b60       0x26 CMakeFiles/workpls.dir/stm32c5xx_drivers/hal/stm32c5xx_hal_flash_itf.c.obj
 .text.LL_FLASH_SetProgrammingDelay
                0x08003b86       0x26 CMakeFiles/workpls.dir/stm32c5xx_drivers/hal/stm32c5xx_hal_flash_itf.c.obj
 .text.HAL_FLASH_ITF_SetLatency
                0x08003bac       0x24 CMakeFiles/workpls.dir/stm32c5xx_drivers/hal/stm32c5xx_hal_flash_itf.c.obj
                0x08003bac                HAL_FLASH_ITF_SetLatency
 .text.HAL_FLASH_ITF_SetProgrammingDelay
                0x08003bd0       0x24 CMakeFiles/workpls.dir/stm32c5xx_drivers/hal/stm32c5xx_hal_flash_itf.c.obj
                0x08003bd0                HAL_FLASH_ITF_SetProgrammingDelay
 .text.LL_GPIO_SetPinMode
                0x08003bf4       0x9c CMakeFiles/workpls.dir/stm32c5xx_drivers/hal/stm32c5xx_hal_gpio.c.obj
 .text.LL_GPIO_SetPinOutputType
                0x08003c90       0x56 CMakeFiles/workpls.dir/stm32c5xx_drivers/hal/stm32c5xx_hal_gpio.c.obj
 .text.LL_GPIO_SetPinSpeed
                0x08003ce6       0xa0 CMakeFiles/workpls.dir/stm32c5xx_drivers/hal/stm32c5xx_hal_gpio.c.obj
 .text.LL_GPIO_SetPinPull
                0x08003d86       0xa0 CMakeFiles/workpls.dir/stm32c5xx_drivers/hal/stm32c5xx_hal_gpio.c.obj
 .text.LL_GPIO_SetAFPin_0_7
                0x08003e26       0xa0 CMakeFiles/workpls.dir/stm32c5xx_drivers/hal/stm32c5xx_hal_gpio.c.obj
 .text.LL_GPIO_SetAFPin_8_15
                0x08003ec6       0xa4 CMakeFiles/workpls.dir/stm32c5xx_drivers/hal/stm32c5xx_hal_gpio.c.obj
 .text.LL_GPIO_WriteOutputPin
                0x08003f6a       0x2a CMakeFiles/workpls.dir/stm32c5xx_drivers/hal/stm32c5xx_hal_gpio.c.obj
 .text.HAL_GPIO_Init
                0x08003f94      0x134 CMakeFiles/workpls.dir/stm32c5xx_drivers/hal/stm32c5xx_hal_gpio.c.obj
                0x08003f94                HAL_GPIO_Init
 .text.LL_ICACHE_Enable
                0x080040c8       0x20 CMakeFiles/workpls.dir/stm32c5xx_drivers/hal/stm32c5xx_hal_icache.c.obj
 .text.LL_ICACHE_EnableIT
                0x080040e8       0x22 CMakeFiles/workpls.dir/stm32c5xx_drivers/hal/stm32c5xx_hal_icache.c.obj
 .text.HAL_ICACHE_Init
                0x0800410a       0x34 CMakeFiles/workpls.dir/stm32c5xx_drivers/hal/stm32c5xx_hal_icache.c.obj
                0x0800410a                HAL_ICACHE_Init
 .text.HAL_ICACHE_Start
                0x0800413e       0x32 CMakeFiles/workpls.dir/stm32c5xx_drivers/hal/stm32c5xx_hal_icache.c.obj
                0x0800413e                HAL_ICACHE_Start
 .text.LL_RCC_LSI_IsReady
                0x08004170       0x28 CMakeFiles/workpls.dir/stm32c5xx_drivers/hal/stm32c5xx_hal_rcc.c.obj
 .text.LL_RCC_HSIK_IsReady
                0x08004198       0x24 CMakeFiles/workpls.dir/stm32c5xx_drivers/hal/stm32c5xx_hal_rcc.c.obj
 .text.LL_RCC_HSIK_GetDivider
                0x080041bc       0x1c CMakeFiles/workpls.dir/stm32c5xx_drivers/hal/stm32c5xx_hal_rcc.c.obj
 .text.LL_RCC_PSIS_Enable
                0x080041d8       0x20 CMakeFiles/workpls.dir/stm32c5xx_drivers/hal/stm32c5xx_hal_rcc.c.obj
 .text.LL_RCC_PSIS_IsReady
                0x080041f8       0x28 CMakeFiles/workpls.dir/stm32c5xx_drivers/hal/stm32c5xx_hal_rcc.c.obj
 .text.LL_RCC_PSIDIV3_IsReady
                0x08004220       0x28 CMakeFiles/workpls.dir/stm32c5xx_drivers/hal/stm32c5xx_hal_rcc.c.obj
 .text.LL_RCC_PSIK_IsReady
                0x08004248       0x28 CMakeFiles/workpls.dir/stm32c5xx_drivers/hal/stm32c5xx_hal_rcc.c.obj
 .text.LL_RCC_PSIK_GetDivider
                0x08004270       0x1c CMakeFiles/workpls.dir/stm32c5xx_drivers/hal/stm32c5xx_hal_rcc.c.obj
 .text.LL_RCC_ConfigPSI
                0x0800428c       0x38 CMakeFiles/workpls.dir/stm32c5xx_drivers/hal/stm32c5xx_hal_rcc.c.obj
 .text.LL_RCC_GetConfigPSI
                0x080042c4       0x40 CMakeFiles/workpls.dir/stm32c5xx_drivers/hal/stm32c5xx_hal_rcc.c.obj
 .text.LL_RCC_HSE_Enable
                0x08004304       0x20 CMakeFiles/workpls.dir/stm32c5xx_drivers/hal/stm32c5xx_hal_rcc.c.obj
 .text.LL_RCC_HSE_IsReady
                0x08004324       0x28 CMakeFiles/workpls.dir/stm32c5xx_drivers/hal/stm32c5xx_hal_rcc.c.obj
 .text.LL_RCC_HSE_ConfigBypass
                0x0800434c       0x2c CMakeFiles/workpls.dir/stm32c5xx_drivers/hal/stm32c5xx_hal_rcc.c.obj
 .text.LL_RCC_SetSysClkSource
                0x08004378       0x28 CMakeFiles/workpls.dir/stm32c5xx_drivers/hal/stm32c5xx_hal_rcc.c.obj
 .text.LL_RCC_GetSysClkSource
                0x080043a0       0x1c CMakeFiles/workpls.dir/stm32c5xx_drivers/hal/stm32c5xx_hal_rcc.c.obj
 .text.LL_RCC_GetAHBPrescaler
                0x080043bc       0x1c CMakeFiles/workpls.dir/stm32c5xx_drivers/hal/stm32c5xx_hal_rcc.c.obj
 .text.LL_RCC_GetSystickClockSource
                0x080043d8       0x1c CMakeFiles/workpls.dir/stm32c5xx_drivers/hal/stm32c5xx_hal_rcc.c.obj
 .text.LL_RCC_GetAPB1Prescaler
                0x080043f4       0x1c CMakeFiles/workpls.dir/stm32c5xx_drivers/hal/stm32c5xx_hal_rcc.c.obj
 .text.LL_RCC_GetAPB2Prescaler
                0x08004410       0x1c CMakeFiles/workpls.dir/stm32c5xx_drivers/hal/stm32c5xx_hal_rcc.c.obj
 .text.LL_RCC_GetAPB3Prescaler
                0x0800442c       0x1c CMakeFiles/workpls.dir/stm32c5xx_drivers/hal/stm32c5xx_hal_rcc.c.obj
 .text.LL_RCC_ConfigBusClock
                0x08004448       0x2c CMakeFiles/workpls.dir/stm32c5xx_drivers/hal/stm32c5xx_hal_rcc.c.obj
 .text.LL_RCC_SetClockSource
                0x08004474       0x54 CMakeFiles/workpls.dir/stm32c5xx_drivers/hal/stm32c5xx_hal_rcc.c.obj
 .text.LL_RCC_SetUSARTClockSource
                0x080044c8       0x16 CMakeFiles/workpls.dir/stm32c5xx_drivers/hal/stm32c5xx_hal_rcc.c.obj
 *fill*         0x080044de        0x2 
 .text.LL_RCC_GetClockSource
                0x080044e0       0x48 CMakeFiles/workpls.dir/stm32c5xx_drivers/hal/stm32c5xx_hal_rcc.c.obj
 .text.LL_RCC_GetUSARTClockSource
                0x08004528       0x18 CMakeFiles/workpls.dir/stm32c5xx_drivers/hal/stm32c5xx_hal_rcc.c.obj
 .text.LL_RCC_GetUARTClockSource
                0x08004540       0x18 CMakeFiles/workpls.dir/stm32c5xx_drivers/hal/stm32c5xx_hal_rcc.c.obj
 .text.LL_RCC_GetLPUARTClockSource
                0x08004558       0x24 CMakeFiles/workpls.dir/stm32c5xx_drivers/hal/stm32c5xx_hal_rcc.c.obj
 .text.HAL_RCC_HSE_Enable
                0x0800457c       0x3c CMakeFiles/workpls.dir/stm32c5xx_drivers/hal/stm32c5xx_hal_rcc.c.obj
                0x0800457c                HAL_RCC_HSE_Enable
 .text.HAL_RCC_PSIS_Enable
                0x080045b8       0x1c CMakeFiles/workpls.dir/stm32c5xx_drivers/hal/stm32c5xx_hal_rcc.c.obj
                0x080045b8                HAL_RCC_PSIS_Enable
 .text.HAL_RCC_PSI_SetConfig
                0x080045d4       0x5c CMakeFiles/workpls.dir/stm32c5xx_drivers/hal/stm32c5xx_hal_rcc.c.obj
                0x080045d4                HAL_RCC_PSI_SetConfig
 .text.HAL_RCC_PSI_GetConfig
                0x08004630       0x34 CMakeFiles/workpls.dir/stm32c5xx_drivers/hal/stm32c5xx_hal_rcc.c.obj
                0x08004630                HAL_RCC_PSI_GetConfig
 .text.HAL_RCC_SetSYSCLKSource
                0x08004664       0x52 CMakeFiles/workpls.dir/stm32c5xx_drivers/hal/stm32c5xx_hal_rcc.c.obj
                0x08004664                HAL_RCC_SetSYSCLKSource
 .text.HAL_RCC_GetSYSCLKSource
                0x080046b6       0x12 CMakeFiles/workpls.dir/stm32c5xx_drivers/hal/stm32c5xx_hal_rcc.c.obj
                0x080046b6                HAL_RCC_GetSYSCLKSource
 .text.HAL_RCC_SetBusClockConfig
                0x080046c8       0x44 CMakeFiles/workpls.dir/stm32c5xx_drivers/hal/stm32c5xx_hal_rcc.c.obj
                0x080046c8                HAL_RCC_SetBusClockConfig
 .text.HAL_RCC_GetPSIClockFreq
                0x0800470c       0x9c CMakeFiles/workpls.dir/stm32c5xx_drivers/hal/stm32c5xx_hal_rcc.c.obj
                0x0800470c                HAL_RCC_GetPSIClockFreq
 .text.HAL_RCC_GetSYSCLKFreq
                0x080047a8       0x4c CMakeFiles/workpls.dir/stm32c5xx_drivers/hal/stm32c5xx_hal_rcc.c.obj
                0x080047a8                HAL_RCC_GetSYSCLKFreq
 .text.HAL_RCC_GetHCLKFreq
                0x080047f4       0x20 CMakeFiles/workpls.dir/stm32c5xx_drivers/hal/stm32c5xx_hal_rcc.c.obj
                0x080047f4                HAL_RCC_GetHCLKFreq
 .text.HAL_RCC_GetPCLK1Freq
                0x08004814       0x24 CMakeFiles/workpls.dir/stm32c5xx_drivers/hal/stm32c5xx_hal_rcc.c.obj
                0x08004814                HAL_RCC_GetPCLK1Freq
 .text.HAL_RCC_GetPCLK2Freq
                0x08004838       0x24 CMakeFiles/workpls.dir/stm32c5xx_drivers/hal/stm32c5xx_hal_rcc.c.obj
                0x08004838                HAL_RCC_GetPCLK2Freq
 .text.HAL_RCC_GetPCLK3Freq
                0x0800485c       0x24 CMakeFiles/workpls.dir/stm32c5xx_drivers/hal/stm32c5xx_hal_rcc.c.obj
                0x0800485c                HAL_RCC_GetPCLK3Freq
 .text.HAL_RCC_USART2_SetKernelClkSource
                0x08004880       0x1a CMakeFiles/workpls.dir/stm32c5xx_drivers/hal/stm32c5xx_hal_rcc.c.obj
                0x08004880                HAL_RCC_USART2_SetKernelClkSource
 *fill*         0x0800489a        0x2 
 .text.HAL_RCC_UART_GetKernelClkFreq
                0x0800489c       0xa0 CMakeFiles/workpls.dir/stm32c5xx_drivers/hal/stm32c5xx_hal_rcc.c.obj
                0x0800489c                HAL_RCC_UART_GetKernelClkFreq
 .text.HAL_RCC_USART1_GetKernelClkFreq
                0x0800493c       0xb0 CMakeFiles/workpls.dir/stm32c5xx_drivers/hal/stm32c5xx_hal_rcc.c.obj
                0x0800493c                HAL_RCC_USART1_GetKernelClkFreq
 .text.HAL_RCC_USART2_GetKernelClkFreq
                0x080049ec       0xb4 CMakeFiles/workpls.dir/stm32c5xx_drivers/hal/stm32c5xx_hal_rcc.c.obj
                0x080049ec                HAL_RCC_USART2_GetKernelClkFreq
 .text.HAL_RCC_USART3_GetKernelClkFreq
                0x08004aa0       0xb4 CMakeFiles/workpls.dir/stm32c5xx_drivers/hal/stm32c5xx_hal_rcc.c.obj
                0x08004aa0                HAL_RCC_USART3_GetKernelClkFreq
 .text.HAL_RCC_UART4_GetKernelClkFreq
                0x08004b54       0xb4 CMakeFiles/workpls.dir/stm32c5xx_drivers/hal/stm32c5xx_hal_rcc.c.obj
                0x08004b54                HAL_RCC_UART4_GetKernelClkFreq
 .text.HAL_RCC_UART5_GetKernelClkFreq
                0x08004c08       0xb4 CMakeFiles/workpls.dir/stm32c5xx_drivers/hal/stm32c5xx_hal_rcc.c.obj
                0x08004c08                HAL_RCC_UART5_GetKernelClkFreq
 .text.HAL_RCC_LPUART1_GetKernelClkFreq
                0x08004cbc       0x88 CMakeFiles/workpls.dir/stm32c5xx_drivers/hal/stm32c5xx_hal_rcc.c.obj
                0x08004cbc                HAL_RCC_LPUART1_GetKernelClkFreq
 .text.HAL_RCC_GetSysTickExternalClkFreq
                0x08004d44       0x3e CMakeFiles/workpls.dir/stm32c5xx_drivers/hal/stm32c5xx_hal_rcc.c.obj
                0x08004d44                HAL_RCC_GetSysTickExternalClkFreq
 .text.RCC_WaitForTimeout
                0x08004d82       0x54 CMakeFiles/workpls.dir/stm32c5xx_drivers/hal/stm32c5xx_hal_rcc.c.obj
 .text.RCC_GetDividerValue
                0x08004dd6      0x132 CMakeFiles/workpls.dir/stm32c5xx_drivers/hal/stm32c5xx_hal_rcc.c.obj
 .text.LL_TIM_EnableUpdateEvent
                0x08004f08       0x20 CMakeFiles/workpls.dir/stm32c5xx_drivers/hal/stm32c5xx_hal_tim.c.obj
 .text.LL_TIM_SetUpdateSource
                0x08004f28       0x26 CMakeFiles/workpls.dir/stm32c5xx_drivers/hal/stm32c5xx_hal_tim.c.obj
 .text.LL_TIM_GetUpdateSource
                0x08004f4e       0x1c CMakeFiles/workpls.dir/stm32c5xx_drivers/hal/stm32c5xx_hal_tim.c.obj
 .text.LL_TIM_SetCounterMode
                0x08004f6a       0x26 CMakeFiles/workpls.dir/stm32c5xx_drivers/hal/stm32c5xx_hal_tim.c.obj
 .text.LL_TIM_SetClockDivision
                0x08004f90       0x26 CMakeFiles/workpls.dir/stm32c5xx_drivers/hal/stm32c5xx_hal_tim.c.obj
 .text.LL_TIM_SetClockDivision2
                0x08004fb6       0x26 CMakeFiles/workpls.dir/stm32c5xx_drivers/hal/stm32c5xx_hal_tim.c.obj
 .text.LL_TIM_SetPrescaler
                0x08004fdc       0x1c CMakeFiles/workpls.dir/stm32c5xx_drivers/hal/stm32c5xx_hal_tim.c.obj
 .text.LL_TIM_SetAutoReload
                0x08004ff8       0x1c CMakeFiles/workpls.dir/stm32c5xx_drivers/hal/stm32c5xx_hal_tim.c.obj
 .text.LL_TIM_SetRepetitionCounter
                0x08005014       0x1c CMakeFiles/workpls.dir/stm32c5xx_drivers/hal/stm32c5xx_hal_tim.c.obj
 .text.LL_TIM_SetClockSource
                0x08005030       0x2a CMakeFiles/workpls.dir/stm32c5xx_drivers/hal/stm32c5xx_hal_tim.c.obj
 .text.LL_TIM_SetTriggerInput
                0x0800505a       0x2a CMakeFiles/workpls.dir/stm32c5xx_drivers/hal/stm32c5xx_hal_tim.c.obj
 .text.LL_TIM_GenerateEvent_UPDATE
                0x08005084       0x20 CMakeFiles/workpls.dir/stm32c5xx_drivers/hal/stm32c5xx_hal_tim.c.obj
 .text.TIM_SetClockSource
                0x080050a4       0xb4 CMakeFiles/workpls.dir/stm32c5xx_drivers/hal/stm32c5xx_hal_tim.c.obj
 .text.HAL_TIM_Init
                0x08005158       0x54 CMakeFiles/workpls.dir/stm32c5xx_drivers/hal/stm32c5xx_hal_tim.c.obj
                0x08005158                HAL_TIM_Init
 .text.HAL_TIM_SetConfig
                0x080051ac      0x130 CMakeFiles/workpls.dir/stm32c5xx_drivers/hal/stm32c5xx_hal_tim.c.obj
                0x080051ac                HAL_TIM_SetConfig
 .text.HAL_TIM_SetDTSPrescaler
                0x080052dc       0x28 CMakeFiles/workpls.dir/stm32c5xx_drivers/hal/stm32c5xx_hal_tim.c.obj
                0x080052dc                HAL_TIM_SetDTSPrescaler
 .text.HAL_TIM_SetDTS2Prescaler
                0x08005304       0x24 CMakeFiles/workpls.dir/stm32c5xx_drivers/hal/stm32c5xx_hal_tim.c.obj
                0x08005304                HAL_TIM_SetDTS2Prescaler
 .text.HAL_TIM_EnableUpdateGeneration
                0x08005328       0x1e CMakeFiles/workpls.dir/stm32c5xx_drivers/hal/stm32c5xx_hal_tim.c.obj
                0x08005328                HAL_TIM_EnableUpdateGeneration
 .text.HAL_TIM_SetUpdateSource
                0x08005346       0x28 CMakeFiles/workpls.dir/stm32c5xx_drivers/hal/stm32c5xx_hal_tim.c.obj
                0x08005346                HAL_TIM_SetUpdateSource
 .text.LL_USART_Enable
                0x0800536e       0x20 CMakeFiles/workpls.dir/stm32c5xx_drivers/hal/stm32c5xx_hal_uart.c.obj
 .text.LL_USART_Disable
                0x0800538e       0x20 CMakeFiles/workpls.dir/stm32c5xx_drivers/hal/stm32c5xx_hal_uart.c.obj
 .text.LL_USART_IsEnabled
                0x080053ae       0x26 CMakeFiles/workpls.dir/stm32c5xx_drivers/hal/stm32c5xx_hal_uart.c.obj
 .text.LL_USART_ConfigXfer
                0x080053d4       0x3c CMakeFiles/workpls.dir/stm32c5xx_drivers/hal/stm32c5xx_hal_uart.c.obj
 .text.LL_USART_IsEnabledDirectionRx
                0x08005410       0x26 CMakeFiles/workpls.dir/stm32c5xx_drivers/hal/stm32c5xx_hal_uart.c.obj
 .text.LL_USART_IsEnabledDirectionTx
                0x08005436       0x26 CMakeFiles/workpls.dir/stm32c5xx_drivers/hal/stm32c5xx_hal_uart.c.obj
 .text.LL_USART_SetTransferDirection
                0x0800545c       0x48 CMakeFiles/workpls.dir/stm32c5xx_drivers/hal/stm32c5xx_hal_uart.c.obj
 .text.LL_USART_SetPrescaler
                0x080054a4       0x28 CMakeFiles/workpls.dir/stm32c5xx_drivers/hal/stm32c5xx_hal_uart.c.obj
 .text.LL_USART_DisableRxTimeout
                0x080054cc       0x20 CMakeFiles/workpls.dir/stm32c5xx_drivers/hal/stm32c5xx_hal_uart.c.obj
 .text.LL_USART_SetHWFlowCtrl
                0x080054ec       0x26 CMakeFiles/workpls.dir/stm32c5xx_drivers/hal/stm32c5xx_hal_uart.c.obj
 .text.LL_USART_EnableOneBitSample
                0x08005512       0x20 CMakeFiles/workpls.dir/stm32c5xx_drivers/hal/stm32c5xx_hal_uart.c.obj
 .text.LL_USART_DisableOneBitSample
                0x08005532       0x20 CMakeFiles/workpls.dir/stm32c5xx_drivers/hal/stm32c5xx_hal_uart.c.obj
 *fill*         0x08005552        0x2 
 .text.LL_USART_SetBaudRate
                0x08005554       0x9c CMakeFiles/workpls.dir/stm32c5xx_drivers/hal/stm32c5xx_hal_uart.c.obj
 .text.LL_USART_IsEnabledHalfDuplex
                0x080055f0       0x26 CMakeFiles/workpls.dir/stm32c5xx_drivers/hal/stm32c5xx_hal_uart.c.obj
 .text.LL_USART_ConfigAsyncMode
                0x08005616       0x2c CMakeFiles/workpls.dir/stm32c5xx_drivers/hal/stm32c5xx_hal_uart.c.obj
 .text.LL_USART_IsActiveFlag_RTO
                0x08005642       0x28 CMakeFiles/workpls.dir/stm32c5xx_drivers/hal/stm32c5xx_hal_uart.c.obj
 .text.LL_USART_IsActiveFlag_TEACK
                0x0800566a       0x28 CMakeFiles/workpls.dir/stm32c5xx_drivers/hal/stm32c5xx_hal_uart.c.obj
 .text.LL_USART_IsActiveFlag_REACK
                0x08005692       0x28 CMakeFiles/workpls.dir/stm32c5xx_drivers/hal/stm32c5xx_hal_uart.c.obj
 .text.LL_USART_ClearFlag_PE
                0x080056ba       0x1a CMakeFiles/workpls.dir/stm32c5xx_drivers/hal/stm32c5xx_hal_uart.c.obj
 .text.LL_USART_ClearFlag_FE
                0x080056d4       0x1a CMakeFiles/workpls.dir/stm32c5xx_drivers/hal/stm32c5xx_hal_uart.c.obj
 .text.LL_USART_ClearFlag_NE
                0x080056ee       0x1a CMakeFiles/workpls.dir/stm32c5xx_drivers/hal/stm32c5xx_hal_uart.c.obj
 .text.LL_USART_ClearFlag_ORE
                0x08005708       0x1a CMakeFiles/workpls.dir/stm32c5xx_drivers/hal/stm32c5xx_hal_uart.c.obj
 .text.LL_USART_ClearFlag_IDLE
                0x08005722       0x1a CMakeFiles/workpls.dir/stm32c5xx_drivers/hal/stm32c5xx_hal_uart.c.obj
 .text.LL_USART_ClearFlag_LBD
                0x0800573c       0x1c CMakeFiles/workpls.dir/stm32c5xx_drivers/hal/stm32c5xx_hal_uart.c.obj
 .text.LL_USART_ClearFlag_RTO
                0x08005758       0x1c CMakeFiles/workpls.dir/stm32c5xx_drivers/hal/stm32c5xx_hal_uart.c.obj
 .text.LL_USART_ClearFlag_CM
                0x08005774       0x1c CMakeFiles/workpls.dir/stm32c5xx_drivers/hal/stm32c5xx_hal_uart.c.obj
 .text.LL_USART_ClearFlag_WKUP
                0x08005790       0x1c CMakeFiles/workpls.dir/stm32c5xx_drivers/hal/stm32c5xx_hal_uart.c.obj
 .text.LL_USART_DisableIT_CR1
                0x080057ac       0x46 CMakeFiles/workpls.dir/stm32c5xx_drivers/hal/stm32c5xx_hal_uart.c.obj
 .text.LL_USART_DisableIT_IDLE
                0x080057f2       0x42 CMakeFiles/workpls.dir/stm32c5xx_drivers/hal/stm32c5xx_hal_uart.c.obj
 .text.LL_USART_DisableIT_TC
                0x08005834       0x42 CMakeFiles/workpls.dir/stm32c5xx_drivers/hal/stm32c5xx_hal_uart.c.obj
 .text.LL_USART_DisableIT_CM
                0x08005876       0x42 CMakeFiles/workpls.dir/stm32c5xx_drivers/hal/stm32c5xx_hal_uart.c.obj
 .text.LL_USART_DisableIT_RTO
                0x080058b8       0x42 CMakeFiles/workpls.dir/stm32c5xx_drivers/hal/stm32c5xx_hal_uart.c.obj
 .text.LL_USART_DisableIT_RXFF
                0x080058fa       0x42 CMakeFiles/workpls.dir/stm32c5xx_drivers/hal/stm32c5xx_hal_uart.c.obj
 .text.LL_USART_DisableIT_LBD
                0x0800593c       0x20 CMakeFiles/workpls.dir/stm32c5xx_drivers/hal/stm32c5xx_hal_uart.c.obj
 .text.LL_USART_DisableIT_CR3
                0x0800595c       0x4a CMakeFiles/workpls.dir/stm32c5xx_drivers/hal/stm32c5xx_hal_uart.c.obj
 .text.LL_USART_IsEnabledIT_RXFF
                0x080059a6       0x28 CMakeFiles/workpls.dir/stm32c5xx_drivers/hal/stm32c5xx_hal_uart.c.obj
 .text.LL_USART_IsEnabledIT_LBD
                0x080059ce       0x26 CMakeFiles/workpls.dir/stm32c5xx_drivers/hal/stm32c5xx_hal_uart.c.obj
 .text.LL_USART_IsEnabledDMAReq_RX
                0x080059f4       0x26 CMakeFiles/workpls.dir/stm32c5xx_drivers/hal/stm32c5xx_hal_uart.c.obj
 .text.LL_USART_TransmitData8
                0x08005a1a       0x1e CMakeFiles/workpls.dir/stm32c5xx_drivers/hal/stm32c5xx_hal_uart.c.obj
 .text.LL_USART_TransmitData9
                0x08005a38       0x22 CMakeFiles/workpls.dir/stm32c5xx_drivers/hal/stm32c5xx_hal_uart.c.obj
 *fill*         0x08005a5a        0x2 
 .text.LL_LPUART_DIV
                0x08005a5c       0x8c CMakeFiles/workpls.dir/stm32c5xx_drivers/hal/stm32c5xx_hal_uart.c.obj
 .text.LL_LPUART_ConfigXfer
                0x08005ae8       0x3c CMakeFiles/workpls.dir/stm32c5xx_drivers/hal/stm32c5xx_hal_uart.c.obj
 .text.LL_LPUART_SetBaudRate
                0x08005b24       0x2c CMakeFiles/workpls.dir/stm32c5xx_drivers/hal/stm32c5xx_hal_uart.c.obj
 .text.HAL_UART_Init
                0x08005b50       0x5e CMakeFiles/workpls.dir/stm32c5xx_drivers/hal/stm32c5xx_hal_uart.c.obj
                0x08005b50                HAL_UART_Init
 *fill*         0x08005bae        0x2 
 .text.HAL_UART_SetConfig
                0x08005bb0      0x198 CMakeFiles/workpls.dir/stm32c5xx_drivers/hal/stm32c5xx_hal_uart.c.obj
                0x08005bb0                HAL_UART_SetConfig
 .text.HAL_UART_Transmit
                0x08005d48      0x13e CMakeFiles/workpls.dir/stm32c5xx_drivers/hal/stm32c5xx_hal_uart.c.obj
                0x08005d48                HAL_UART_Transmit
 *fill*         0x08005e86        0x2 
 .text.HAL_UART_IRQHandler
                0x08005e88      0x3b8 CMakeFiles/workpls.dir/stm32c5xx_drivers/hal/stm32c5xx_hal_uart.c.obj
                0x08005e88                HAL_UART_IRQHandler
 .text.HAL_UART_TxCpltCallback
                0x08006240       0x14 CMakeFiles/workpls.dir/stm32c5xx_drivers/hal/stm32c5xx_hal_uart.c.obj
                0x08006240                HAL_UART_TxCpltCallback
 .text.HAL_UART_RxCpltCallback
                0x08006254       0x1a CMakeFiles/workpls.dir/stm32c5xx_drivers/hal/stm32c5xx_hal_uart.c.obj
                0x08006254                HAL_UART_RxCpltCallback
 .text.HAL_UART_ErrorCallback
                0x0800626e       0x14 CMakeFiles/workpls.dir/stm32c5xx_drivers/hal/stm32c5xx_hal_uart.c.obj
                0x0800626e                HAL_UART_ErrorCallback
 .text.HAL_UART_WakeupCallback
                0x08006282       0x14 CMakeFiles/workpls.dir/stm32c5xx_drivers/hal/stm32c5xx_hal_uart.c.obj
                0x08006282                HAL_UART_WakeupCallback
 .text.HAL_UART_RxFifoFullCallback
                0x08006296       0x14 CMakeFiles/workpls.dir/stm32c5xx_drivers/hal/stm32c5xx_hal_uart.c.obj
                0x08006296                HAL_UART_RxFifoFullCallback
 .text.HAL_UART_TxFifoEmptyCallback
                0x080062aa       0x14 CMakeFiles/workpls.dir/stm32c5xx_drivers/hal/stm32c5xx_hal_uart.c.obj
                0x080062aa                HAL_UART_TxFifoEmptyCallback
 .text.HAL_UART_LINBreakCallback
                0x080062be       0x14 CMakeFiles/workpls.dir/stm32c5xx_drivers/hal/stm32c5xx_hal_uart.c.obj
                0x080062be                HAL_UART_LINBreakCallback
 .text.HAL_UART_ClearToSendCallback
                0x080062d2       0x14 CMakeFiles/workpls.dir/stm32c5xx_drivers/hal/stm32c5xx_hal_uart.c.obj
                0x080062d2                HAL_UART_ClearToSendCallback
 *fill*         0x080062e6        0x2 
 .text.UART_CheckEnabledState
                0x080062e8       0xb0 CMakeFiles/workpls.dir/stm32c5xx_drivers/hal/stm32c5xx_hal_uart.c.obj
 .text.UART_WaitOnFlagUntilTimeout
                0x08006398       0xb6 CMakeFiles/workpls.dir/stm32c5xx_drivers/hal/stm32c5xx_hal_uart.c.obj
 *fill*         0x0800644e        0x2 
 .text.UART_EndRxTransfer
                0x08006450       0xbc CMakeFiles/workpls.dir/stm32c5xx_drivers/hal/stm32c5xx_hal_uart.c.obj
 .text.UART_EndTransmit_IT
                0x0800650c       0x30 CMakeFiles/workpls.dir/stm32c5xx_drivers/hal/stm32c5xx_hal_uart.c.obj
 .text._kill    0x0800653c       0x20 CMakeFiles/workpls.dir/utilities/syscalls/syscalls.c.obj
                0x0800653c                _kill
 .text._exit    0x0800655c       0x16 CMakeFiles/workpls.dir/utilities/syscalls/syscalls.c.obj
                0x0800655c                _exit
 *fill*         0x08006572        0x2 
 .text.__errno  0x08006574        0xc D:/STM32CubeIDE_1.19.0/STM32CubeIDE/plugins/com.st.stm32cube.ide.mcu.externaltools.gnu-tools-for-stm32.14.3.rel1.win32_1.0.100.202602081740/tools/bin/../lib/gcc/arm-none-eabi/14.3.1/../../../../arm-none-eabi/lib/thumb/v8-m.main+fp/hard\libc_nano.a(libc_a-errno.o)
                0x08006574                __errno
 .text.memcpy   0x08006580       0x1a D:/STM32CubeIDE_1.19.0/STM32CubeIDE/plugins/com.st.stm32cube.ide.mcu.externaltools.gnu-tools-for-stm32.14.3.rel1.win32_1.0.100.202602081740/tools/bin/../lib/gcc/arm-none-eabi/14.3.1/../../../../arm-none-eabi/lib/thumb/v8-m.main+fp/hard\libc_nano.a(libc_a-memcpy-stub.o)
                0x08006580                memcpy
 *(.glue_7)
 .glue_7        0x0800659a        0x0 linker stubs
 *(.glue_7t)
 .glue_7t       0x0800659a        0x0 linker stubs
 *(.eh_frame)
 *fill*         0x0800659a        0x2 
 .eh_frame      0x0800659c        0x0 D:/STM32CubeIDE_1.19.0/STM32CubeIDE/plugins/com.st.stm32cube.ide.mcu.externaltools.gnu-tools-for-stm32.14.3.rel1.win32_1.0.100.202602081740/tools/bin/../lib/gcc/arm-none-eabi/14.3.1/thumb/v8-m.main+fp/hard/crtbegin.o
 *(.init)
 .init          0x0800659c        0x4 D:/STM32CubeIDE_1.19.0/STM32CubeIDE/plugins/com.st.stm32cube.ide.mcu.externaltools.gnu-tools-for-stm32.14.3.rel1.win32_1.0.100.202602081740/tools/bin/../lib/gcc/arm-none-eabi/14.3.1/thumb/v8-m.main+fp/hard/crti.o
                0x0800659c                _init
 .init          0x080065a0        0x8 D:/STM32CubeIDE_1.19.0/STM32CubeIDE/plugins/com.st.stm32cube.ide.mcu.externaltools.gnu-tools-for-stm32.14.3.rel1.win32_1.0.100.202602081740/tools/bin/../lib/gcc/arm-none-eabi/14.3.1/thumb/v8-m.main+fp/hard/crtn.o
 *(.fini)
 .fini          0x080065a8        0x4 D:/STM32CubeIDE_1.19.0/STM32CubeIDE/plugins/com.st.stm32cube.ide.mcu.externaltools.gnu-tools-for-stm32.14.3.rel1.win32_1.0.100.202602081740/tools/bin/../lib/gcc/arm-none-eabi/14.3.1/thumb/v8-m.main+fp/hard/crti.o
                0x080065a8                _fini
 .fini          0x080065ac        0x8 D:/STM32CubeIDE_1.19.0/STM32CubeIDE/plugins/com.st.stm32cube.ide.mcu.externaltools.gnu-tools-for-stm32.14.3.rel1.win32_1.0.100.202602081740/tools/bin/../lib/gcc/arm-none-eabi/14.3.1/thumb/v8-m.main+fp/hard/crtn.o
                0x080065b8                        . = ALIGN (0x8)
 *fill*         0x080065b4        0x4 
                0x080065b8                        _etext = .

.vfp11_veneer   0x080065b8        0x0
 .vfp11_veneer  0x080065b8        0x0 linker stubs

.v4_bx          0x080065b8        0x0
 .v4_bx         0x080065b8        0x0 linker stubs

.iplt           0x080065b8        0x0
 .iplt          0x080065b8        0x0 D:/STM32CubeIDE_1.19.0/STM32CubeIDE/plugins/com.st.stm32cube.ide.mcu.externaltools.gnu-tools-for-stm32.14.3.rel1.win32_1.0.100.202602081740/tools/bin/../lib/gcc/arm-none-eabi/14.3.1/thumb/v8-m.main+fp/hard/crtbegin.o

.rodata         0x080065b8       0xe0
                0x080065b8                        . = ALIGN (0x8)
 *(.rodata)
 .rodata        0x080065b8       0x48 CMakeFiles/workpls.dir/generated/middleware/mx_freertos_app.c.obj
 .rodata        0x08006600        0x5 CMakeFiles/workpls.dir/middleware/freertos/tasks.c.obj
 *fill*         0x08006605        0x3 
 .rodata        0x08006608        0xd CMakeFiles/workpls.dir/middleware/freertos/timers.c.obj
 *(.rodata*)
 *fill*         0x08006615        0x3 
 .rodata.uxTopUsedPriority
                0x08006618        0x4 CMakeFiles/workpls.dir/middleware/freertos/tasks.c.obj
 .rodata.AHBPrescTable
                0x0800661c       0x10 CMakeFiles/workpls.dir/user_modifiable/Device/STM32C562RET6/system_stm32c5xx.c.obj
                0x0800661c                AHBPrescTable
 .rodata.APBPrescTable
                0x0800662c        0x8 CMakeFiles/workpls.dir/user_modifiable/Device/STM32C562RET6/system_stm32c5xx.c.obj
                0x0800662c                APBPrescTable
 .rodata.USART_PRESCALER_TAB
                0x08006634       0x40 CMakeFiles/workpls.dir/stm32c5xx_drivers/hal/stm32c5xx_hal_uart.c.obj
 .rodata.LL_LPUART_PRESCALER_TAB
                0x08006674       0x20 CMakeFiles/workpls.dir/stm32c5xx_drivers/hal/stm32c5xx_hal_uart.c.obj
                0x08006698                        . = ALIGN (0x8)
 *fill*         0x08006694        0x4 

.ARM.extab      0x08006698        0x0
                0x08006698                        . = ALIGN (0x8)
 *(.ARM.extab* .gnu.linkonce.armextab.*)
                0x08006698                        . = ALIGN (0x8)

.ARM            0x08006698        0x8
                0x08006698                        . = ALIGN (0x8)
                0x08006698                        __exidx_start = .
 *(.ARM.exidx*)
 .ARM.exidx     0x08006698        0x8 D:/STM32CubeIDE_1.19.0/STM32CubeIDE/plugins/com.st.stm32cube.ide.mcu.externaltools.gnu-tools-for-stm32.14.3.rel1.win32_1.0.100.202602081740/tools/bin/../lib/gcc/arm-none-eabi/14.3.1/../../../../arm-none-eabi/lib/thumb/v8-m.main+fp/hard/crt0.o
                                 0x10 (size before relaxing)
 .ARM.exidx     0x080066a0        0x0 D:/STM32CubeIDE_1.19.0/STM32CubeIDE/plugins/com.st.stm32cube.ide.mcu.externaltools.gnu-tools-for-stm32.14.3.rel1.win32_1.0.100.202602081740/tools/bin/../lib/gcc/arm-none-eabi/14.3.1/thumb/v8-m.main+fp/hard\libgcc.a(_udivmoddi4.o)
                                  0x8 (size before relaxing)
 .ARM.exidx     0x080066a0        0x0 D:/STM32CubeIDE_1.19.0/STM32CubeIDE/plugins/com.st.stm32cube.ide.mcu.externaltools.gnu-tools-for-stm32.14.3.rel1.win32_1.0.100.202602081740/tools/bin/../lib/gcc/arm-none-eabi/14.3.1/../../../../arm-none-eabi/lib/thumb/v8-m.main+fp/hard\libc_nano.a(libc_a-strlen.o)
                                  0x8 (size before relaxing)
                0x080066a0                        __exidx_end = .
                0x080066a0                        . = ALIGN (0x8)

.preinit_array  0x080066a0        0x0
                0x080066a0                        . = ALIGN (0x8)
                0x080066a0                        PROVIDE (__preinit_array_start = .)
 *(.preinit_array*)
                0x080066a0                        PROVIDE (__preinit_array_end = .)
                0x080066a0                        . = ALIGN (0x8)

.init_array     0x080066a0        0x8
                0x080066a0                        . = ALIGN (0x8)
                0x080066a0                        PROVIDE (__init_array_start = .)
 *(SORT_BY_NAME(.init_array.*))
 *(.init_array*)
 .init_array    0x080066a0        0x4 D:/STM32CubeIDE_1.19.0/STM32CubeIDE/plugins/com.st.stm32cube.ide.mcu.externaltools.gnu-tools-for-stm32.14.3.rel1.win32_1.0.100.202602081740/tools/bin/../lib/gcc/arm-none-eabi/14.3.1/thumb/v8-m.main+fp/hard/crtbegin.o
                0x080066a4                        PROVIDE (__init_array_end = .)
                0x080066a8                        . = ALIGN (0x8)
 *fill*         0x080066a4        0x4 

.fini_array     0x080066a8        0x8
                0x080066a8                        . = ALIGN (0x8)
                [!provide]                        PROVIDE (__fini_array_start = .)
 *(SORT_BY_NAME(.fini_array.*))
 *(.fini_array*)
 .fini_array    0x080066a8        0x4 D:/STM32CubeIDE_1.19.0/STM32CubeIDE/plugins/com.st.stm32cube.ide.mcu.externaltools.gnu-tools-for-stm32.14.3.rel1.win32_1.0.100.202602081740/tools/bin/../lib/gcc/arm-none-eabi/14.3.1/thumb/v8-m.main+fp/hard/crtbegin.o
                [!provide]                        PROVIDE (__fini_array_end = .)
                0x080066b0                        . = ALIGN (0x8)
 *fill*         0x080066ac        0x4 

.copy.table     0x080066b0        0xc
                0x080066b0                        . = ALIGN (0x8)
                0x080066b0                        __copy_table_start__ = .
                0x080066b0        0x4 LONG 0x80066c8 LOADADDR (.data)
                0x080066b4        0x4 LONG 0x20000000 ADDR (.data)
                0x080066b8        0x4 LONG 0x18 (SIZEOF (.data) / 0x4)
                0x080066bc                        __copy_table_end__ = .

.zero.table     0x080066bc        0xc
                0x080066c0                        . = ALIGN (0x8)
 *fill*         0x080066bc        0x4 
                0x080066c0                        __zero_table_start__ = .
                0x080066c0        0x4 LONG 0x20000060 ADDR (.bss)
                0x080066c4        0x4 LONG 0x966 (SIZEOF (.bss) / 0x4)
                0x080066c8                        __zero_table_end__ = .

.rel.dyn        0x080066c8        0x0
 .rel.iplt      0x080066c8        0x0 D:/STM32CubeIDE_1.19.0/STM32CubeIDE/plugins/com.st.stm32cube.ide.mcu.externaltools.gnu-tools-for-stm32.14.3.rel1.win32_1.0.100.202602081740/tools/bin/../lib/gcc/arm-none-eabi/14.3.1/thumb/v8-m.main+fp/hard/crtbegin.o

.data           0x20000000       0x60 load address 0x080066c8
                0x20000000                        . = ALIGN (0x8)
                0x080066c8                        _sidata = LOADADDR (.data)
                0x20000000                        __data_start__ = .
                0x20000000                        _sdata = .
 *(.data)
 *(.data*)
 .data._impure_ptr
                0x20000000        0x4 D:/STM32CubeIDE_1.19.0/STM32CubeIDE/plugins/com.st.stm32cube.ide.mcu.externaltools.gnu-tools-for-stm32.14.3.rel1.win32_1.0.100.202602081740/tools/bin/../lib/gcc/arm-none-eabi/14.3.1/../../../../arm-none-eabi/lib/thumb/v8-m.main+fp/hard\libc_nano.a(libc_a-impure.o)
                0x20000000                _impure_ptr
 .data._impure_data
                0x20000004       0x4c D:/STM32CubeIDE_1.19.0/STM32CubeIDE/plugins/com.st.stm32cube.ide.mcu.externaltools.gnu-tools-for-stm32.14.3.rel1.win32_1.0.100.202602081740/tools/bin/../lib/gcc/arm-none-eabi/14.3.1/../../../../arm-none-eabi/lib/thumb/v8-m.main+fp/hard\libc_nano.a(libc_a-impure.o)
                0x20000004                _impure_data
 .data.ulCriticalNesting
                0x20000050        0x4 CMakeFiles/workpls.dir/middleware/freertos/portable/GCC/ARM_CM33_NTZ/non_secure/port.c.obj
 .data.SystemCoreClock
                0x20000054        0x4 CMakeFiles/workpls.dir/user_modifiable/Device/STM32C562RET6/system_stm32c5xx.c.obj
                0x20000054                SystemCoreClock
 .data.uwTickPrio
                0x20000058        0x4 CMakeFiles/workpls.dir/stm32c5xx_drivers/hal/stm32c5xx_hal.c.obj
                0x20000058                uwTickPrio
 .data.uwTickFreq
                0x2000005c        0x1 CMakeFiles/workpls.dir/stm32c5xx_drivers/hal/stm32c5xx_hal.c.obj
                0x2000005c                uwTickFreq
                0x20000060                        . = ALIGN (0x8)
 *fill*         0x2000005d        0x3 
                0x20000060                        _edata = .

.igot.plt       0x20000060        0x0 load address 0x08006728
 .igot.plt      0x20000060        0x0 D:/STM32CubeIDE_1.19.0/STM32CubeIDE/plugins/com.st.stm32cube.ide.mcu.externaltools.gnu-tools-for-stm32.14.3.rel1.win32_1.0.100.202602081740/tools/bin/../lib/gcc/arm-none-eabi/14.3.1/thumb/v8-m.main+fp/hard/crtbegin.o

.bss            0x20000060     0x2598 load address 0x08006728
                0x20000060                        . = ALIGN (0x8)
                0x20000060                        _sbss = .
                0x20000060                        __bss_start__ = _sbss
 *(.bss)
 .bss           0x20000060       0x1c D:/STM32CubeIDE_1.19.0/STM32CubeIDE/plugins/com.st.stm32cube.ide.mcu.externaltools.gnu-tools-for-stm32.14.3.rel1.win32_1.0.100.202602081740/tools/bin/../lib/gcc/arm-none-eabi/14.3.1/thumb/v8-m.main+fp/hard/crtbegin.o
 *(.bss*)
 .bss.__sf      0x2000007c      0x138 D:/STM32CubeIDE_1.19.0/STM32CubeIDE/plugins/com.st.stm32cube.ide.mcu.externaltools.gnu-tools-for-stm32.14.3.rel1.win32_1.0.100.202602081740/tools/bin/../lib/gcc/arm-none-eabi/14.3.1/../../../../arm-none-eabi/lib/thumb/v8-m.main+fp/hard\libc_nano.a(libc_a-findfp.o)
                0x2000007c                __sf
 .bss.__stdio_exit_handler
                0x200001b4        0x4 D:/STM32CubeIDE_1.19.0/STM32CubeIDE/plugins/com.st.stm32cube.ide.mcu.externaltools.gnu-tools-for-stm32.14.3.rel1.win32_1.0.100.202602081740/tools/bin/../lib/gcc/arm-none-eabi/14.3.1/../../../../arm-none-eabi/lib/thumb/v8-m.main+fp/hard\libc_nano.a(libc_a-findfp.o)
                0x200001b4                __stdio_exit_handler
 .bss.uart_handle
                0x200001b8        0x4 CMakeFiles/workpls.dir/generated/middleware/mx_freertos_app.c.obj
 .bss.hICACHE   0x200001bc        0x8 CMakeFiles/workpls.dir/generated/hal/mx_icache.c.obj
 .bss.hTIM2     0x200001c4       0x34 CMakeFiles/workpls.dir/generated/hal/mx_tim2.c.obj
 .bss.hUSART2   0x200001f8       0x3c CMakeFiles/workpls.dir/generated/hal/mx_usart2.c.obj
 .bss.xQueueRegistry
                0x20000234       0x40 CMakeFiles/workpls.dir/middleware/freertos/queue.c.obj
                0x20000234                xQueueRegistry
 .bss.pxCurrentTCB
                0x20000274        0x4 CMakeFiles/workpls.dir/middleware/freertos/tasks.c.obj
                0x20000274                pxCurrentTCB
 .bss.pxReadyTasksLists
                0x20000278      0x280 CMakeFiles/workpls.dir/middleware/freertos/tasks.c.obj
 .bss.xDelayedTaskList1
                0x200004f8       0x14 CMakeFiles/workpls.dir/middleware/freertos/tasks.c.obj
 .bss.xDelayedTaskList2
                0x2000050c       0x14 CMakeFiles/workpls.dir/middleware/freertos/tasks.c.obj
 .bss.pxDelayedTaskList
                0x20000520        0x4 CMakeFiles/workpls.dir/middleware/freertos/tasks.c.obj
 .bss.pxOverflowDelayedTaskList
                0x20000524        0x4 CMakeFiles/workpls.dir/middleware/freertos/tasks.c.obj
 .bss.xPendingReadyList
                0x20000528       0x14 CMakeFiles/workpls.dir/middleware/freertos/tasks.c.obj
 .bss.xTasksWaitingTermination
                0x2000053c       0x14 CMakeFiles/workpls.dir/middleware/freertos/tasks.c.obj
 .bss.uxDeletedTasksWaitingCleanUp
                0x20000550        0x4 CMakeFiles/workpls.dir/middleware/freertos/tasks.c.obj
 .bss.xSuspendedTaskList
                0x20000554       0x14 CMakeFiles/workpls.dir/middleware/freertos/tasks.c.obj
 .bss.uxCurrentNumberOfTasks
                0x20000568        0x4 CMakeFiles/workpls.dir/middleware/freertos/tasks.c.obj
 .bss.xTickCount
                0x2000056c        0x4 CMakeFiles/workpls.dir/middleware/freertos/tasks.c.obj
 .bss.uxTopReadyPriority
                0x20000570        0x4 CMakeFiles/workpls.dir/middleware/freertos/tasks.c.obj
 .bss.xSchedulerRunning
                0x20000574        0x4 CMakeFiles/workpls.dir/middleware/freertos/tasks.c.obj
 .bss.xPendedTicks
                0x20000578        0x4 CMakeFiles/workpls.dir/middleware/freertos/tasks.c.obj
 .bss.xYieldPendings
                0x2000057c        0x4 CMakeFiles/workpls.dir/middleware/freertos/tasks.c.obj
 .bss.xNumOfOverflows
                0x20000580        0x4 CMakeFiles/workpls.dir/middleware/freertos/tasks.c.obj
 .bss.uxTaskNumber
                0x20000584        0x4 CMakeFiles/workpls.dir/middleware/freertos/tasks.c.obj
 .bss.xNextTaskUnblockTime
                0x20000588        0x4 CMakeFiles/workpls.dir/middleware/freertos/tasks.c.obj
 .bss.xIdleTaskHandles
                0x2000058c        0x4 CMakeFiles/workpls.dir/middleware/freertos/tasks.c.obj
 .bss.uxSchedulerSuspended
                0x20000590        0x4 CMakeFiles/workpls.dir/middleware/freertos/tasks.c.obj
 .bss.xActiveTimerList1
                0x20000594       0x14 CMakeFiles/workpls.dir/middleware/freertos/timers.c.obj
 .bss.xActiveTimerList2
                0x200005a8       0x14 CMakeFiles/workpls.dir/middleware/freertos/timers.c.obj
 .bss.pxCurrentTimerList
                0x200005bc        0x4 CMakeFiles/workpls.dir/middleware/freertos/timers.c.obj
 .bss.pxOverflowTimerList
                0x200005c0        0x4 CMakeFiles/workpls.dir/middleware/freertos/timers.c.obj
 .bss.xTimerQueue
                0x200005c4        0x4 CMakeFiles/workpls.dir/middleware/freertos/timers.c.obj
 .bss.xTimerTaskHandle
                0x200005c8        0x4 CMakeFiles/workpls.dir/middleware/freertos/timers.c.obj
 .bss.xLastTime.0
                0x200005cc        0x4 CMakeFiles/workpls.dir/middleware/freertos/timers.c.obj
 .bss.ucMaxSysCallPriority
                0x200005d0        0x1 CMakeFiles/workpls.dir/middleware/freertos/portable/GCC/ARM_CM33_NTZ/non_secure/port.c.obj
 *fill*         0x200005d1        0x3 
 .bss.ulMaxPRIGROUPValue
                0x200005d4        0x4 CMakeFiles/workpls.dir/middleware/freertos/portable/GCC/ARM_CM33_NTZ/non_secure/port.c.obj
 .bss.ucHeap    0x200005d8     0x2000 CMakeFiles/workpls.dir/middleware/freertos/portable/MemMang/heap_4.c.obj
 .bss.xStart    0x200025d8        0x8 CMakeFiles/workpls.dir/middleware/freertos/portable/MemMang/heap_4.c.obj
 .bss.pxEnd     0x200025e0        0x4 CMakeFiles/workpls.dir/middleware/freertos/portable/MemMang/heap_4.c.obj
 .bss.xFreeBytesRemaining
                0x200025e4        0x4 CMakeFiles/workpls.dir/middleware/freertos/portable/MemMang/heap_4.c.obj
 .bss.xMinimumEverFreeBytesRemaining
                0x200025e8        0x4 CMakeFiles/workpls.dir/middleware/freertos/portable/MemMang/heap_4.c.obj
 .bss.xNumberOfSuccessfulAllocations
                0x200025ec        0x4 CMakeFiles/workpls.dir/middleware/freertos/portable/MemMang/heap_4.c.obj
 .bss.xNumberOfSuccessfulFrees
                0x200025f0        0x4 CMakeFiles/workpls.dir/middleware/freertos/portable/MemMang/heap_4.c.obj
 .bss.uwTick    0x200025f4        0x4 CMakeFiles/workpls.dir/stm32c5xx_drivers/hal/stm32c5xx_hal.c.obj
                0x200025f4                uwTick
 *(COMMON)
                0x200025f8                        . = ALIGN (0x8)
                0x200025f8                        _ebss = .
                0x200025f8                        __bss_end__ = _ebss

.heap           0x200025f8      0x200 load address 0x08006728
                0x200025f8                        . = ALIGN (0x8)
                0x200025f8                        __end__ = .
                [!provide]                        PROVIDE (end = .)
                0x200025f8                        _heap_start = .
                0x200027f8                        . = (. + HEAP_SIZE)
 *fill*         0x200025f8      0x200 
                0x200027f8                        . = ALIGN (0x8)
                0x200027f8                        _heap_end = .
                0x200027f8                        __HeapLimit = .

.stack          0x200027f8      0x400 load address 0x08006728
                0x200027f8                        . = ALIGN (0x8)
                0x200027f8                        __StackLimit = .
                0x20002bf8                        . = (. + STACK_SIZE)
 *fill*         0x200027f8      0x400 
                0x20002bf8                        . = ALIGN (0x8)
                0x20002bf8                        __StackTop = .
                0x20002bf8                        _estack = .
                0x20002bf8                        __stack = .

/DISCARD/
 libc.a(*)
 libm.a(*)
 libgcc.a(*)

.ARM.attributes
                0x00000000       0x36
 *(.ARM.attributes)
 .ARM.attributes
                0x00000000       0x26 D:/STM32CubeIDE_1.19.0/STM32CubeIDE/plugins/com.st.stm32cube.ide.mcu.externaltools.gnu-tools-for-stm32.14.3.rel1.win32_1.0.100.202602081740/tools/bin/../lib/gcc/arm-none-eabi/14.3.1/thumb/v8-m.main+fp/hard/crti.o
 .ARM.attributes
                0x00000026       0x38 D:/STM32CubeIDE_1.19.0/STM32CubeIDE/plugins/com.st.stm32cube.ide.mcu.externaltools.gnu-tools-for-stm32.14.3.rel1.win32_1.0.100.202602081740/tools/bin/../lib/gcc/arm-none-eabi/14.3.1/thumb/v8-m.main+fp/hard/crtbegin.o
 .ARM.attributes
                0x0000005e       0x24 D:/STM32CubeIDE_1.19.0/STM32CubeIDE/plugins/com.st.stm32cube.ide.mcu.externaltools.gnu-tools-for-stm32.14.3.rel1.win32_1.0.100.202602081740/tools/bin/../lib/gcc/arm-none-eabi/14.3.1/../../../../arm-none-eabi/lib/thumb/v8-m.main+fp/hard/crt0.o
 .ARM.attributes
                0x00000082       0x38 D:/STM32CubeIDE_1.19.0/STM32CubeIDE/plugins/com.st.stm32cube.ide.mcu.externaltools.gnu-tools-for-stm32.14.3.rel1.win32_1.0.100.202602081740/tools/bin/../lib/gcc/arm-none-eabi/14.3.1/../../../../arm-none-eabi/lib/thumb/v8-m.main+fp/hard\libc_nano.a(libc_a-exit.o)
 .ARM.attributes
                0x000000ba       0x38 D:/STM32CubeIDE_1.19.0/STM32CubeIDE/plugins/com.st.stm32cube.ide.mcu.externaltools.gnu-tools-for-stm32.14.3.rel1.win32_1.0.100.202602081740/tools/bin/../lib/gcc/arm-none-eabi/14.3.1/../../../../arm-none-eabi/lib/thumb/v8-m.main+fp/hard\libc_nano.a(libc_a-findfp.o)
 .ARM.attributes
                0x000000f2       0x38 D:/STM32CubeIDE_1.19.0/STM32CubeIDE/plugins/com.st.stm32cube.ide.mcu.externaltools.gnu-tools-for-stm32.14.3.rel1.win32_1.0.100.202602081740/tools/bin/../lib/gcc/arm-none-eabi/14.3.1/../../../../arm-none-eabi/lib/thumb/v8-m.main+fp/hard\libc_nano.a(libc_a-memset.o)
 .ARM.attributes
                0x0000012a       0x38 D:/STM32CubeIDE_1.19.0/STM32CubeIDE/plugins/com.st.stm32cube.ide.mcu.externaltools.gnu-tools-for-stm32.14.3.rel1.win32_1.0.100.202602081740/tools/bin/../lib/gcc/arm-none-eabi/14.3.1/../../../../arm-none-eabi/lib/thumb/v8-m.main+fp/hard\libc_nano.a(libc_a-impure.o)
 .ARM.attributes
                0x00000162       0x38 D:/STM32CubeIDE_1.19.0/STM32CubeIDE/plugins/com.st.stm32cube.ide.mcu.externaltools.gnu-tools-for-stm32.14.3.rel1.win32_1.0.100.202602081740/tools/bin/../lib/gcc/arm-none-eabi/14.3.1/../../../../arm-none-eabi/lib/thumb/v8-m.main+fp/hard\libc_nano.a(libc_a-init.o)
 .ARM.attributes
                0x0000019a       0x3a CMakeFiles/workpls.dir/main.c.obj
 .ARM.attributes
                0x000001d4       0x3a CMakeFiles/workpls.dir/generated/middleware/mx_freertos_app.c.obj
 .ARM.attributes
                0x0000020e       0x3a CMakeFiles/workpls.dir/generated/hal/mx_cortex_mpu.c.obj
 .ARM.attributes
                0x00000248       0x3a CMakeFiles/workpls.dir/generated/hal/mx_cortex_nvic.c.obj
 .ARM.attributes
                0x00000282       0x3a CMakeFiles/workpls.dir/generated/hal/mx_gpio_default.c.obj
 .ARM.attributes
                0x000002bc       0x3a CMakeFiles/workpls.dir/generated/hal/mx_icache.c.obj
 .ARM.attributes
                0x000002f6       0x3a CMakeFiles/workpls.dir/generated/hal/mx_rcc.c.obj
 .ARM.attributes
                0x00000330       0x3a CMakeFiles/workpls.dir/generated/hal/mx_system.c.obj
 .ARM.attributes
                0x0000036a       0x3a CMakeFiles/workpls.dir/generated/hal/mx_tim2.c.obj
 .ARM.attributes
                0x000003a4       0x3a CMakeFiles/workpls.dir/generated/hal/mx_usart2.c.obj
 .ARM.attributes
                0x000003de       0x3a CMakeFiles/workpls.dir/middleware/freertos/list.c.obj
 .ARM.attributes
                0x00000418       0x3a CMakeFiles/workpls.dir/middleware/freertos/queue.c.obj
 .ARM.attributes
                0x00000452       0x3a CMakeFiles/workpls.dir/middleware/freertos/tasks.c.obj
 .ARM.attributes
                0x0000048c       0x3a CMakeFiles/workpls.dir/middleware/freertos/timers.c.obj
 .ARM.attributes
                0x000004c6       0x3a CMakeFiles/workpls.dir/middleware/freertos/portable/GCC/ARM_CM33_NTZ/non_secure/port.c.obj
 .ARM.attributes
                0x00000500       0x3a CMakeFiles/workpls.dir/middleware/freertos/portable/GCC/ARM_CM33_NTZ/non_secure/portasm.c.obj
 .ARM.attributes
                0x0000053a       0x3a CMakeFiles/workpls.dir/middleware/freertos/portable/MemMang/heap_4.c.obj
 .ARM.attributes
                0x00000574       0x3a CMakeFiles/workpls.dir/user_modifiable/Device/STM32C562RET6/system_stm32c5xx.c.obj
 .ARM.attributes
                0x000005ae       0x3a CMakeFiles/workpls.dir/user_modifiable/Device/STM32C562RET6/startup_stm32c562xx.c.obj
 .ARM.attributes
                0x000005e8       0x3a CMakeFiles/workpls.dir/stm32c5xx_drivers/hal/stm32c5xx_hal.c.obj
 .ARM.attributes
                0x00000622       0x3a CMakeFiles/workpls.dir/stm32c5xx_drivers/hal/stm32c5xx_hal_cortex.c.obj
 .ARM.attributes
                0x0000065c       0x3a CMakeFiles/workpls.dir/stm32c5xx_drivers/hal/stm32c5xx_hal_flash_itf.c.obj
 .ARM.attributes
                0x00000696       0x3a CMakeFiles/workpls.dir/stm32c5xx_drivers/hal/stm32c5xx_hal_gpio.c.obj
 .ARM.attributes
                0x000006d0       0x3a CMakeFiles/workpls.dir/stm32c5xx_drivers/hal/stm32c5xx_hal_icache.c.obj
 .ARM.attributes
                0x0000070a       0x3a CMakeFiles/workpls.dir/stm32c5xx_drivers/hal/stm32c5xx_hal_rcc.c.obj
 .ARM.attributes
                0x00000744       0x3a CMakeFiles/workpls.dir/stm32c5xx_drivers/hal/stm32c5xx_hal_tim.c.obj
 .ARM.attributes
                0x0000077e       0x3a CMakeFiles/workpls.dir/stm32c5xx_drivers/hal/stm32c5xx_hal_uart.c.obj
 .ARM.attributes
                0x000007b8       0x3a CMakeFiles/workpls.dir/utilities/syscalls/syscalls.c.obj
 .ARM.attributes
                0x000007f2       0x26 D:/STM32CubeIDE_1.19.0/STM32CubeIDE/plugins/com.st.stm32cube.ide.mcu.externaltools.gnu-tools-for-stm32.14.3.rel1.win32_1.0.100.202602081740/tools/bin/../lib/gcc/arm-none-eabi/14.3.1/thumb/v8-m.main+fp/hard\libgcc.a(_aeabi_uldivmod.o)
 .ARM.attributes
                0x00000818       0x38 D:/STM32CubeIDE_1.19.0/STM32CubeIDE/plugins/com.st.stm32cube.ide.mcu.externaltools.gnu-tools-for-stm32.14.3.rel1.win32_1.0.100.202602081740/tools/bin/../lib/gcc/arm-none-eabi/14.3.1/thumb/v8-m.main+fp/hard\libgcc.a(_udivmoddi4.o)
 .ARM.attributes
                0x00000850       0x26 D:/STM32CubeIDE_1.19.0/STM32CubeIDE/plugins/com.st.stm32cube.ide.mcu.externaltools.gnu-tools-for-stm32.14.3.rel1.win32_1.0.100.202602081740/tools/bin/../lib/gcc/arm-none-eabi/14.3.1/thumb/v8-m.main+fp/hard\libgcc.a(_dvmd_tls.o)
 .ARM.attributes
                0x00000876       0x38 D:/STM32CubeIDE_1.19.0/STM32CubeIDE/plugins/com.st.stm32cube.ide.mcu.externaltools.gnu-tools-for-stm32.14.3.rel1.win32_1.0.100.202602081740/tools/bin/../lib/gcc/arm-none-eabi/14.3.1/../../../../arm-none-eabi/lib/thumb/v8-m.main+fp/hard\libc_nano.a(libc_a-errno.o)
 .ARM.attributes
                0x000008ae       0x38 D:/STM32CubeIDE_1.19.0/STM32CubeIDE/plugins/com.st.stm32cube.ide.mcu.externaltools.gnu-tools-for-stm32.14.3.rel1.win32_1.0.100.202602081740/tools/bin/../lib/gcc/arm-none-eabi/14.3.1/../../../../arm-none-eabi/lib/thumb/v8-m.main+fp/hard\libc_nano.a(libc_a-memcpy-stub.o)
 .ARM.attributes
                0x000008e6       0x24 D:/STM32CubeIDE_1.19.0/STM32CubeIDE/plugins/com.st.stm32cube.ide.mcu.externaltools.gnu-tools-for-stm32.14.3.rel1.win32_1.0.100.202602081740/tools/bin/../lib/gcc/arm-none-eabi/14.3.1/../../../../arm-none-eabi/lib/thumb/v8-m.main+fp/hard\libc_nano.a(libc_a-strlen.o)
 .ARM.attributes
                0x0000090a       0x26 D:/STM32CubeIDE_1.19.0/STM32CubeIDE/plugins/com.st.stm32cube.ide.mcu.externaltools.gnu-tools-for-stm32.14.3.rel1.win32_1.0.100.202602081740/tools/bin/../lib/gcc/arm-none-eabi/14.3.1/thumb/v8-m.main+fp/hard/crtn.o
OUTPUT(workpls.elf elf32-littlearm)
LOAD linker stubs
LOAD D:/STM32CubeIDE_1.19.0/STM32CubeIDE/plugins/com.st.stm32cube.ide.mcu.externaltools.gnu-tools-for-stm32.14.3.rel1.win32_1.0.100.202602081740/tools/bin/../lib/gcc/arm-none-eabi/14.3.1/../../../../arm-none-eabi/lib/thumb/v8-m.main+fp/hard\libc.a
LOAD D:/STM32CubeIDE_1.19.0/STM32CubeIDE/plugins/com.st.stm32cube.ide.mcu.externaltools.gnu-tools-for-stm32.14.3.rel1.win32_1.0.100.202602081740/tools/bin/../lib/gcc/arm-none-eabi/14.3.1/../../../../arm-none-eabi/lib/thumb/v8-m.main+fp/hard\libm.a
LOAD D:/STM32CubeIDE_1.19.0/STM32CubeIDE/plugins/com.st.stm32cube.ide.mcu.externaltools.gnu-tools-for-stm32.14.3.rel1.win32_1.0.100.202602081740/tools/bin/../lib/gcc/arm-none-eabi/14.3.1/thumb/v8-m.main+fp/hard\libgcc.a

.debug_frame    0x00000000     0xd32c
 .debug_frame   0x00000000       0x28 D:/STM32CubeIDE_1.19.0/STM32CubeIDE/plugins/com.st.stm32cube.ide.mcu.externaltools.gnu-tools-for-stm32.14.3.rel1.win32_1.0.100.202602081740/tools/bin/../lib/gcc/arm-none-eabi/14.3.1/../../../../arm-none-eabi/lib/thumb/v8-m.main+fp/hard\libc_nano.a(libc_a-exit.o)
 .debug_frame   0x00000028      0x144 D:/STM32CubeIDE_1.19.0/STM32CubeIDE/plugins/com.st.stm32cube.ide.mcu.externaltools.gnu-tools-for-stm32.14.3.rel1.win32_1.0.100.202602081740/tools/bin/../lib/gcc/arm-none-eabi/14.3.1/../../../../arm-none-eabi/lib/thumb/v8-m.main+fp/hard\libc_nano.a(libc_a-findfp.o)
 .debug_frame   0x0000016c       0x20 D:/STM32CubeIDE_1.19.0/STM32CubeIDE/plugins/com.st.stm32cube.ide.mcu.externaltools.gnu-tools-for-stm32.14.3.rel1.win32_1.0.100.202602081740/tools/bin/../lib/gcc/arm-none-eabi/14.3.1/../../../../arm-none-eabi/lib/thumb/v8-m.main+fp/hard\libc_nano.a(libc_a-memset.o)
 .debug_frame   0x0000018c       0x2c D:/STM32CubeIDE_1.19.0/STM32CubeIDE/plugins/com.st.stm32cube.ide.mcu.externaltools.gnu-tools-for-stm32.14.3.rel1.win32_1.0.100.202602081740/tools/bin/../lib/gcc/arm-none-eabi/14.3.1/../../../../arm-none-eabi/lib/thumb/v8-m.main+fp/hard\libc_nano.a(libc_a-init.o)
 .debug_frame   0x000001b8       0x2c CMakeFiles/workpls.dir/main.c.obj
 .debug_frame   0x000001e4       0xd4 CMakeFiles/workpls.dir/generated/middleware/mx_freertos_app.c.obj
 .debug_frame   0x000002b8       0x58 CMakeFiles/workpls.dir/generated/hal/mx_cortex_mpu.c.obj
 .debug_frame   0x00000310       0x2c CMakeFiles/workpls.dir/generated/hal/mx_cortex_nvic.c.obj
 .debug_frame   0x0000033c       0xac CMakeFiles/workpls.dir/generated/hal/mx_gpio_default.c.obj
 .debug_frame   0x000003e8       0x64 CMakeFiles/workpls.dir/generated/hal/mx_icache.c.obj
 .debug_frame   0x0000044c       0x6c CMakeFiles/workpls.dir/generated/hal/mx_rcc.c.obj
 .debug_frame   0x000004b8       0x64 CMakeFiles/workpls.dir/generated/hal/mx_system.c.obj
 .debug_frame   0x0000051c      0x150 CMakeFiles/workpls.dir/generated/hal/mx_tim2.c.obj
 .debug_frame   0x0000066c      0x1ac CMakeFiles/workpls.dir/generated/hal/mx_usart2.c.obj
 .debug_frame   0x00000818       0xc4 CMakeFiles/workpls.dir/middleware/freertos/list.c.obj
 .debug_frame   0x000008dc      0x604 CMakeFiles/workpls.dir/middleware/freertos/queue.c.obj
 .debug_frame   0x00000ee0      0x93c CMakeFiles/workpls.dir/middleware/freertos/tasks.c.obj
 .debug_frame   0x0000181c      0x39c CMakeFiles/workpls.dir/middleware/freertos/timers.c.obj
 .debug_frame   0x00001bb8      0x198 CMakeFiles/workpls.dir/middleware/freertos/portable/GCC/ARM_CM33_NTZ/non_secure/port.c.obj
 .debug_frame   0x00001d50       0xa0 CMakeFiles/workpls.dir/middleware/freertos/portable/GCC/ARM_CM33_NTZ/non_secure/portasm.c.obj
 .debug_frame   0x00001df0      0x174 CMakeFiles/workpls.dir/middleware/freertos/portable/MemMang/heap_4.c.obj
 .debug_frame   0x00001f64       0x90 CMakeFiles/workpls.dir/user_modifiable/Device/STM32C562RET6/system_stm32c5xx.c.obj
 .debug_frame   0x00001ff4       0x7c CMakeFiles/workpls.dir/user_modifiable/Device/STM32C562RET6/startup_stm32c562xx.c.obj
 .debug_frame   0x00002070      0x424 CMakeFiles/workpls.dir/stm32c5xx_drivers/hal/stm32c5xx_hal.c.obj
 .debug_frame   0x00002494      0x850 CMakeFiles/workpls.dir/stm32c5xx_drivers/hal/stm32c5xx_hal_cortex.c.obj
 .debug_frame   0x00002ce4     0x15b8 CMakeFiles/workpls.dir/stm32c5xx_drivers/hal/stm32c5xx_hal_flash_itf.c.obj
 .debug_frame   0x0000429c      0x2bc CMakeFiles/workpls.dir/stm32c5xx_drivers/hal/stm32c5xx_hal_gpio.c.obj
 .debug_frame   0x00004558      0x68c CMakeFiles/workpls.dir/stm32c5xx_drivers/hal/stm32c5xx_hal_icache.c.obj
 .debug_frame   0x00004be4     0x2148 CMakeFiles/workpls.dir/stm32c5xx_drivers/hal/stm32c5xx_hal_rcc.c.obj
 .debug_frame   0x00006d2c     0x34b0 CMakeFiles/workpls.dir/stm32c5xx_drivers/hal/stm32c5xx_hal_tim.c.obj
 .debug_frame   0x0000a1dc     0x2dfc CMakeFiles/workpls.dir/stm32c5xx_drivers/hal/stm32c5xx_hal_uart.c.obj
 .debug_frame   0x0000cfd8      0x288 CMakeFiles/workpls.dir/utilities/syscalls/syscalls.c.obj
 .debug_frame   0x0000d260       0x2c D:/STM32CubeIDE_1.19.0/STM32CubeIDE/plugins/com.st.stm32cube.ide.mcu.externaltools.gnu-tools-for-stm32.14.3.rel1.win32_1.0.100.202602081740/tools/bin/../lib/gcc/arm-none-eabi/14.3.1/thumb/v8-m.main+fp/hard\libgcc.a(_aeabi_uldivmod.o)
 .debug_frame   0x0000d28c       0x38 D:/STM32CubeIDE_1.19.0/STM32CubeIDE/plugins/com.st.stm32cube.ide.mcu.externaltools.gnu-tools-for-stm32.14.3.rel1.win32_1.0.100.202602081740/tools/bin/../lib/gcc/arm-none-eabi/14.3.1/thumb/v8-m.main+fp/hard\libgcc.a(_udivmoddi4.o)