C:/Users/wikto/Desktop/test/workpls_cmake/stm32c5xx_drivers/ll/stm32c5xx_ll_system.h:92:26:LL_GetUID_Word0	4	static
C:/Users/wikto/Desktop/test/workpls_cmake/stm32c5xx_drivers/ll/stm32c5xx_ll_system.h:103:26:LL_GetUID_Word1	4	static
C:/Users/wikto/Desktop/test/workpls_cmake/stm32c5xx_drivers/ll/stm32c5xx_ll_system.h:114:26:LL_GetUID_Word2	4	static
C:/Users/wikto/Desktop/test/workpls_cmake/stm32c5xx_drivers/ll/stm32c5xx_ll_utils.h:105:22:LL_Delay_NoISR	24	static
C:/Users/wikto/Desktop/test/workpls_cmake/stm32c5xx_drivers/ll/stm32c5xx_ll_rcc.h:2001:26:LL_RCC_GetAHBPrescaler	4	static
C:/Users/wikto/Desktop/test/workpls_cmake/stm32c5xx_drivers/ll/stm32c5xx_ll_bus.h:630:22:LL_AHB1_GRP1_ForceReset	16	static
C:/Users/wikto/Desktop/test/workpls_cmake/stm32c5xx_drivers/ll/stm32c5xx_ll_bus.h:657:22:LL_AHB1_GRP1_ReleaseReset	16	static
C:/Users/wikto/Desktop/test/workpls_cmake/stm32c5xx_drivers/ll/stm32c5xx_ll_bus.h:1075:22:LL_AHB2_GRP1_ForceReset	16	static
C:/Users/wikto/Desktop/test/workpls_cmake/stm32c5xx_drivers/ll/stm32c5xx_ll_bus.h:1136:22:LL_AHB2_GRP1_ReleaseReset	16	static
C:/Users/wikto/Desktop/test/workpls_cmake/stm32c5xx_drivers/ll/stm32c5xx_ll_bus.h:1813:22:LL_APB1_GRP1_ForceReset	16	static
C:/Users/wikto/Desktop/test/workpls_cmake/stm32c5xx_drivers/ll/stm32c5xx_ll_bus.h:1882:22:LL_APB1_GRP1_ReleaseReset	16	static
C:/Users/wikto/Desktop/test/workpls_cmake/stm32c5xx_drivers/ll/stm32c5xx_ll_bus.h:2184:22:LL_APB1_GRP2_ForceReset	16	static
C:/Users/wikto/Desktop/test/workpls_cmake/stm32c5xx_drivers/ll/stm32c5xx_ll_bus.h:2203:22:LL_APB1_GRP2_ReleaseReset	16	static
C:/Users/wikto/Desktop/test/workpls_cmake/stm32c5xx_drivers/ll/stm32c5xx_ll_bus.h:2434:22:LL_APB2_GRP1_ForceReset	16	static
C:/Users/wikto/Desktop/test/workpls_cmake/stm32c5xx_drivers/ll/stm32c5xx_ll_bus.h:2465:22:LL_APB2_GRP1_ReleaseReset	16	static
C:/Users/wikto/Desktop/test/workpls_cmake/stm32c5xx_drivers/ll/stm32c5xx_ll_bus.h:2686:22:LL_APB3_GRP1_ForceReset	16	static
C:/Users/wikto/Desktop/test/workpls_cmake/stm32c5xx_drivers/ll/stm32c5xx_ll_bus.h:2703:22:LL_APB3_GRP1_ReleaseReset	16	static
C:/Users/wikto/Desktop/test/workpls_cmake/stm32c5xx_drivers/ll/stm32c5xx_ll_flash.h:596:22:LL_FLASH_EnablePrefetch	16	static
C:/Users/wikto/Desktop/test/workpls_cmake/stm32c5xx_drivers/hal/stm32c5xx_hal.c:207:14:HAL_Init	16	static
C:/Users/wikto/Desktop/test/workpls_cmake/stm32c5xx_drivers/hal/stm32c5xx_hal.c:232:14:HAL_DeInit	8	static
C:/Users/wikto/Desktop/test/workpls_cmake/stm32c5xx_drivers/hal/stm32c5xx_hal.c:275:21:HAL_InitTick	24	static
C:/Users/wikto/Desktop/test/workpls_cmake/stm32c5xx_drivers/hal/stm32c5xx_hal.c:307:14:HAL_UpdateCoreClock	8	static
C:/Users/wikto/Desktop/test/workpls_cmake/stm32c5xx_drivers/hal/stm32c5xx_hal.c:343:13:HAL_IncTick	4	static
C:/Users/wikto/Desktop/test/workpls_cmake/stm32c5xx_drivers/hal/stm32c5xx_hal.c:354:17:HAL_GetTick	4	static
C:/Users/wikto/Desktop/test/workpls_cmake/stm32c5xx_drivers/hal/stm32c5xx_hal.c:363:10:HAL_GetTickPrio	4	static
C:/Users/wikto/Desktop/test/workpls_cmake/stm32c5xx_drivers/hal/stm32c5xx_hal.c:372:17:HAL_GetTickFreq	4	static
C:/Users/wikto/Desktop/test/workpls_cmake/stm32c5xx_drivers/hal/stm32c5xx_hal.c:386:13:HAL_Delay	24	static
C:/Users/wikto/Desktop/test/workpls_cmake/stm32c5xx_drivers/hal/stm32c5xx_hal.c:413:13:HAL_Delay_NoISR	16	static
C:/Users/wikto/Desktop/test/workpls_cmake/stm32c5xx_drivers/hal/stm32c5xx_hal.c:427:13:HAL_SuspendTick	8	static
C:/Users/wikto/Desktop/test/workpls_cmake/stm32c5xx_drivers/hal/stm32c5xx_hal.c:441:13:HAL_ResumeTick	8	static
C:/Users/wikto/Desktop/test/workpls_cmake/stm32c5xx_drivers/hal/stm32c5xx_hal.c:460:10:HAL_GetVersion	4	static
C:/Users/wikto/Desktop/test/workpls_cmake/stm32c5xx_drivers/hal/stm32c5xx_hal.c:481:14:HAL_GetDeviceUniqueID	16	static
