C:/Users/wikto/Desktop/test/workpls_cmake/stm32c5xx_drivers/ll/stm32c5xx_ll_bus.h:1585:22:LL_APB1_GRP1_EnableClock	48	static,ignoring_inline_asm
C:/Users/wikto/Desktop/test/workpls_cmake/stm32c5xx_drivers/ll/stm32c5xx_ll_bus.h:1744:22:LL_APB1_GRP1_DisableClock	40	static,ignoring_inline_asm
C:/Users/wikto/Desktop/test/workpls_cmake/stm32c5xx_drivers/ll/stm32c5xx_ll_bus.h:1813:22:LL_APB1_GRP1_ForceReset	16	static
C:/Users/wikto/Desktop/test/workpls_cmake/stm32c5xx_drivers/ll/stm32c5xx_ll_bus.h:1882:22:LL_APB1_GRP1_ReleaseReset	16	static
C:/Users/wikto/Desktop/test/workpls_cmake/stm32c5xx_drivers/hal/stm32c5xx_hal_rcc.h:1694:22:HAL_RCC_TIM2_EnableClock	8	static
C:/Users/wikto/Desktop/test/workpls_cmake/stm32c5xx_drivers/hal/stm32c5xx_hal_rcc.h:1900:22:HAL_RCC_TIM2_DisableClock	8	static
C:/Users/wikto/Desktop/test/workpls_cmake/stm32c5xx_drivers/hal/stm32c5xx_hal_rcc.h:3360:22:HAL_RCC_TIM2_Reset	8	static
C:/Users/wikto/Desktop/test/workpls_cmake/generated/hal/mx_tim2.c:34:19:mx_tim2_init	32	static
C:/Users/wikto/Desktop/test/workpls_cmake/generated/hal/mx_tim2.c:80:6:mx_tim2_deinit	8	static
C:/Users/wikto/Desktop/test/workpls_cmake/generated/hal/mx_tim2.c:91:19:mx_tim2_gethandle	4	static
