Archive member included to satisfy reference by file (symbol)

D:/STM32CubeIDE_1.19.0/STM32CubeIDE/plugins/com.st.stm32cube.ide.mcu.externaltools.gnu-tools-for-stm32.14.3.rel1.win32_1.0.100.202602081740/tools/bin/../lib/gcc/arm-none-eabi/14.3.1/../../../../arm-none-eabi/lib/thumb/v8-m.main+fp/hard\libc_nano.a(libc_a-exit.o)
                              D:/STM32CubeIDE_1.19.0/STM32CubeIDE/plugins/com.st.stm32cube.ide.mcu.externaltools.gnu-tools-for-stm32.14.3.rel1.win32_1.0.100.202602081740/tools/bin/../lib/gcc/arm-none-eabi/14.3.1/../../../../arm-none-eabi/lib/thumb/v8-m.main+fp/hard/crt0.o (exit)
D:/STM32CubeIDE_1.19.0/STM32CubeIDE/plugins/com.st.stm32cube.ide.mcu.externaltools.gnu-tools-for-stm32.14.3.rel1.win32_1.0.100.202602081740/tools/bin/../lib/gcc/arm-none-eabi/14.3.1/../../../../arm-none-eabi/lib/thumb/v8-m.main+fp/hard\libc_nano.a(libc_a-findfp.o)
                              D:/STM32CubeIDE_1.19.0/STM32CubeIDE/plugins/com.st.stm32cube.ide.mcu.externaltools.gnu-tools-for-stm32.14.3.rel1.win32_1.0.100.202602081740/tools/bin/../lib/gcc/arm-none-eabi/14.3.1/../../../../arm-none-eabi/lib/thumb/v8-m.main+fp/hard\libc_nano.a(libc_a-exit.o) (__stdio_exit_handler)
D:/STM32CubeIDE_1.19.0/STM32CubeIDE/plugins/com.st.stm32cube.ide.mcu.externaltools.gnu-tools-for-stm32.14.3.rel1.win32_1.0.100.202602081740/tools/bin/../lib/gcc/arm-none-eabi/14.3.1/../../../../arm-none-eabi/lib/thumb/v8-m.main+fp/hard\libc_nano.a(libc_a-fwalk.o)
                              D:/STM32CubeIDE_1.19.0/STM32CubeIDE/plugins/com.st.stm32cube.ide.mcu.externaltools.gnu-tools-for-stm32.14.3.rel1.win32_1.0.100.202602081740/tools/bin/../lib/gcc/arm-none-eabi/14.3.1/../../../../arm-none-eabi/lib/thumb/v8-m.main+fp/hard\libc_nano.a(libc_a-findfp.o) (_fwalk_sglue)
D:/STM32CubeIDE_1.19.0/STM32CubeIDE/plugins/com.st.stm32cube.ide.mcu.externaltools.gnu-tools-for-stm32.14.3.rel1.win32_1.0.100.202602081740/tools/bin/../lib/gcc/arm-none-eabi/14.3.1/../../../../arm-none-eabi/lib/thumb/v8-m.main+fp/hard\libc_nano.a(libc_a-stdio.o)
                              D:/STM32CubeIDE_1.19.0/STM32CubeIDE/plugins/com.st.stm32cube.ide.mcu.externaltools.gnu-tools-for-stm32.14.3.rel1.win32_1.0.100.202602081740/tools/bin/../lib/gcc/arm-none-eabi/14.3.1/../../../../arm-none-eabi/lib/thumb/v8-m.main+fp/hard\libc_nano.a(libc_a-findfp.o) (__sread)
D:/STM32CubeIDE_1.19.0/STM32CubeIDE/plugins/com.st.stm32cube.ide.mcu.externaltools.gnu-tools-for-stm32.14.3.rel1.win32_1.0.100.202602081740/tools/bin/../lib/gcc/arm-none-eabi/14.3.1/../../../../arm-none-eabi/lib/thumb/v8-m.main+fp/hard\libc_nano.a(libc_a-memset.o)
                              D:/STM32CubeIDE_1.19.0/STM32CubeIDE/plugins/com.st.stm32cube.ide.mcu.externaltools.gnu-tools-for-stm32.14.3.rel1.win32_1.0.100.202602081740/tools/bin/../lib/gcc/arm-none-eabi/14.3.1/../../../../arm-none-eabi/lib/thumb/v8-m.main+fp/hard/crt0.o (memset)
D:/STM32CubeIDE_1.19.0/STM32CubeIDE/plugins/com.st.stm32cube.ide.mcu.externaltools.gnu-tools-for-stm32.14.3.rel1.win32_1.0.100.202602081740/tools/bin/../lib/gcc/arm-none-eabi/14.3.1/../../../../arm-none-eabi/lib/thumb/v8-m.main+fp/hard\libc_nano.a(libc_a-closer.o)
                              D:/STM32CubeIDE_1.19.0/STM32CubeIDE/plugins/com.st.stm32cube.ide.mcu.externaltools.gnu-tools-for-stm32.14.3.rel1.win32_1.0.100.202602081740/tools/bin/../lib/gcc/arm-none-eabi/14.3.1/../../../../arm-none-eabi/lib/thumb/v8-m.main+fp/hard\libc_nano.a(libc_a-stdio.o) (_close_r)
D:/STM32CubeIDE_1.19.0/STM32CubeIDE/plugins/com.st.stm32cube.ide.mcu.externaltools.gnu-tools-for-stm32.14.3.rel1.win32_1.0.100.202602081740/tools/bin/../lib/gcc/arm-none-eabi/14.3.1/../../../../arm-none-eabi/lib/thumb/v8-m.main+fp/hard\libc_nano.a(libc_a-reent.o)
                              D:/STM32CubeIDE_1.19.0/STM32CubeIDE/plugins/com.st.stm32cube.ide.mcu.externaltools.gnu-tools-for-stm32.14.3.rel1.win32_1.0.100.202602081740/tools/bin/../lib/gcc/arm-none-eabi/14.3.1/../../../../arm-none-eabi/lib/thumb/v8-m.main+fp/hard\libc_nano.a(libc_a-closer.o) (errno)
D:/STM32CubeIDE_1.19.0/STM32CubeIDE/plugins/com.st.stm32cube.ide.mcu.externaltools.gnu-tools-for-stm32.14.3.rel1.win32_1.0.100.202602081740/tools/bin/../lib/gcc/arm-none-eabi/14.3.1/../../../../arm-none-eabi/lib/thumb/v8-m.main+fp/hard\libc_nano.a(libc_a-impure.o)
                              D:/STM32CubeIDE_1.19.0/STM32CubeIDE/plugins/com.st.stm32cube.ide.mcu.externaltools.gnu-tools-for-stm32.14.3.rel1.win32_1.0.100.202602081740/tools/bin/../lib/gcc/arm-none-eabi/14.3.1/../../../../arm-none-eabi/lib/thumb/v8-m.main+fp/hard\libc_nano.a(libc_a-reent.o) (_impure_ptr)
D:/STM32CubeIDE_1.19.0/STM32CubeIDE/plugins/com.st.stm32cube.ide.mcu.externaltools.gnu-tools-for-stm32.14.3.rel1.win32_1.0.100.202602081740/tools/bin/../lib/gcc/arm-none-eabi/14.3.1/../../../../arm-none-eabi/lib/thumb/v8-m.main+fp/hard\libc_nano.a(libc_a-lseekr.o)
[...]
Memory Configuration

Name             Origin             Length             Attributes
ROM              0x08000000         0x00080000         xr
RAM              0x20000000         0x00020000         xrw
*default*        0x00000000         0xffffffff

Linker script and memory map

LOAD D:/STM32CubeIDE_1.19.0/STM32CubeIDE/plugins/com.st.stm32cube.ide.mcu.externaltools.gnu-tools-for-stm32.14.3.rel1.win32_1.0.100.202602081740/tools/bin/../lib/gcc/arm-none-eabi/14.3.1/thumb/v8-m.main+fp/hard/crti.o
LOAD D:/STM32CubeIDE_1.19.0/STM32CubeIDE/plugins/com.st.stm32cube.ide.mcu.externaltools.gnu-tools-for-stm32.14.3.rel1.win32_1.0.100.202602081740/tools/bin/../lib/gcc/arm-none-eabi/14.3.1/thumb/v8-m.main+fp/hard/crtbegin.o
LOAD D:/STM32CubeIDE_1.19.0/STM32CubeIDE/plugins/com.st.stm32cube.ide.mcu.externaltools.gnu-tools-for-stm32.14.3.rel1.win32_1.0.100.202602081740/tools/bin/../lib/gcc/arm-none-eabi/14.3.1/../../../../arm-none-eabi/lib/thumb/v8-m.main+fp/hard/crt0.o
START GROUP
LOAD D:/STM32CubeIDE_1.19.0/STM32CubeIDE/plugins/com.st.stm32cube.ide.mcu.externaltools.gnu-tools-for-stm32.14.3.rel1.win32_1.0.100.202602081740/tools/bin/../lib/gcc/arm-none-eabi/14.3.1/../../../../arm-none-eabi/lib/thumb/v8-m.main+fp/hard\libc_nano.a
LOAD D:/STM32CubeIDE_1.19.0/STM32CubeIDE/plugins/com.st.stm32cube.ide.mcu.externaltools.gnu-tools-for-stm32.14.3.rel1.win32_1.0.100.202602081740/tools/bin/../lib/gcc/arm-none-eabi/14.3.1/../../../../arm-none-eabi/lib/thumb/v8-m.main+fp/hard\libm.a
END GROUP
LOAD CMakeFiles/workpls.dir/main.c.obj
LOAD CMakeFiles/workpls.dir/generated/middleware/mx_freertos_app.c.obj
LOAD CMakeFiles/workpls.dir/generated/hal/mx_cortex_mpu.c.obj
LOAD CMakeFiles/workpls.dir/generated/hal/mx_cortex_nvic.c.obj
LOAD CMakeFiles/workpls.dir/generated/hal/mx_gpio_default.c.obj
LOAD CMakeFiles/workpls.dir/generated/hal/mx_icache.c.obj
LOAD CMakeFiles/workpls.dir/generated/hal/mx_rcc.c.obj
LOAD CMakeFiles/workpls.dir/generated/hal/mx_system.c.obj
LOAD CMakeFiles/workpls.dir/generated/hal/mx_tim2.c.obj
LOAD CMakeFiles/workpls.dir/generated/hal/mx_usart2.c.obj
LOAD CMakeFiles/workpls.dir/middleware/freertos/croutine.c.obj
LOAD CMakeFiles/workpls.dir/middleware/freertos/event_groups.c.obj
LOAD CMakeFiles/workpls.dir/middleware/freertos/list.c.obj
LOAD CMakeFiles/workpls.dir/middleware/freertos/queue.c.obj
LOAD CMakeFiles/workpls.dir/middleware/freertos/tasks.c.obj
LOAD CMakeFiles/workpls.dir/middleware/freertos/timers.c.obj
LOAD CMakeFiles/workpls.dir/middleware/freertos/portable/GCC/ARM_CM33_NTZ/non_secure/mpu_wrappers_v2_asm.c.obj
LOAD CMakeFiles/workpls.dir/middleware/freertos/portable/GCC/ARM_CM33_NTZ/non_secure/port.c.obj
LOAD CMakeFiles/workpls.dir/middleware/freertos/portable/GCC/ARM_CM33_NTZ/non_secure/portasm.c.obj
LOAD CMakeFiles/workpls.dir/middleware/freertos/portable/MemMang/heap_4.c.obj
LOAD CMakeFiles/workpls.dir/user_modifiable/Device/STM32C562RET6/system_stm32c5xx.c.obj
LOAD CMakeFiles/workpls.dir/user_modifiable/Device/STM32C562RET6/startup_stm32c562xx.c.obj
LOAD CMakeFiles/workpls.dir/stm32c5xx_drivers/hal/stm32c5xx_hal.c.obj
LOAD CMakeFiles/workpls.dir/stm32c5xx_drivers/hal/stm32c5xx_hal_cortex.c.obj
LOAD CMakeFiles/workpls.dir/stm32c5xx_drivers/hal/stm32c5xx_hal_dma.c.obj
LOAD CMakeFiles/workpls.dir/stm32c5xx_drivers/hal/stm32c5xx_hal_flash.c.obj
LOAD CMakeFiles/workpls.dir/stm32c5xx_drivers/hal/stm32c5xx_hal_flash_itf.c.obj
LOAD CMakeFiles/workpls.dir/stm32c5xx_drivers/hal/stm32c5xx_hal_gpio.c.obj
LOAD CMakeFiles/workpls.dir/stm32c5xx_drivers/hal/stm32c5xx_hal_icache.c.obj
LOAD CMakeFiles/workpls.dir/stm32c5xx_drivers/hal/stm32c5xx_hal_pwr.c.obj
LOAD CMakeFiles/workpls.dir/stm32c5xx_drivers/hal/stm32c5xx_hal_q.c.obj
LOAD CMakeFiles/workpls.dir/stm32c5xx_drivers/hal/stm32c5xx_hal_rcc.c.obj
LOAD CMakeFiles/workpls.dir/stm32c5xx_drivers/hal/stm32c5xx_hal_tim.c.obj
LOAD CMakeFiles/workpls.dir/stm32c5xx_drivers/hal/stm32c5xx_hal_uart.c.obj
LOAD CMakeFiles/workpls.dir/utilities/syscalls/syscalls.c.obj
LOAD CMakeFiles/workpls.dir/utilities/syscalls/sysmem.c.obj
START GROUP
LOAD D:/STM32CubeIDE_1.19.0/STM32CubeIDE/plugins/com.st.stm32cube.ide.mcu.externaltools.gnu-tools-for-stm32.14.3.rel1.win32_1.0.100.202602081740/tools/bin/../lib/gcc/arm-none-eabi/14.3.1/thumb/v8-m.main+fp/hard\libgcc.a
LOAD D:/STM32CubeIDE_1.19.0/STM32CubeIDE/plugins/com.st.stm32cube.ide.mcu.externaltools.gnu-tools-for-stm32.14.3.rel1.win32_1.0.100.202602081740/tools/bin/../lib/gcc/arm-none-eabi/14.3.1/../../../../arm-none-eabi/lib/thumb/v8-m.main+fp/hard\libc_nano.a
END GROUP
START GROUP
LOAD D:/STM32CubeIDE_1.19.0/STM32CubeIDE/plugins/com.st.stm32cube.ide.mcu.externaltools.gnu-tools-for-stm32.14.3.rel1.win32_1.0.100.202602081740/tools/bin/../lib/gcc/arm-none-eabi/14.3.1/thumb/v8-m.main+fp/hard\libgcc.a
LOAD D:/STM32CubeIDE_1.19.0/STM32CubeIDE/plugins/com.st.stm32cube.ide.mcu.externaltools.gnu-tools-for-stm32.14.3.rel1.win32_1.0.100.202602081740/tools/bin/../lib/gcc/arm-none-eabi/14.3.1/../../../../arm-none-eabi/lib/thumb/v8-m.main+fp/hard\libc_nano.a
LOAD D:/STM32CubeIDE_1.19.0/STM32CubeIDE/plugins/com.st.stm32cube.ide.mcu.externaltools.gnu-tools-for-stm32.14.3.rel1.win32_1.0.100.202602081740/tools/bin/../lib/gcc/arm-none-eabi/14.3.1/../../../../arm-none-eabi/lib/thumb/v8-m.main+fp/hard\libnosys.a
END GROUP
START GROUP
LOAD D:/STM32CubeIDE_1.19.0/STM32CubeIDE/plugins/com.st.stm32cube.ide.mcu.externaltools.gnu-tools-for-stm32.14.3.rel1.win32_1.0.100.202602081740/tools/bin/../lib/gcc/arm-none-eabi/14.3.1/thumb/v8-m.main+fp/hard\libgcc.a
LOAD D:/STM32CubeIDE_1.19.0/STM32CubeIDE/plugins/com.st.stm32cube.ide.mcu.externaltools.gnu-tools-for-stm32.14.3.rel1.win32_1.0.100.202602081740/tools/bin/../lib/gcc/arm-none-eabi/14.3.1/../../../../arm-none-eabi/lib/thumb/v8-m.main+fp/hard\libc_nano.a
LOAD D:/STM32CubeIDE_1.19.0/STM32CubeIDE/plugins/com.st.stm32cube.ide.mcu.externaltools.gnu-tools-for-stm32.14.3.rel1.win32_1.0.100.202602081740/tools/bin/../lib/gcc/arm-none-eabi/14.3.1/../../../../arm-none-eabi/lib/thumb/v8-m.main+fp/hard\libnosys.a
END GROUP
LOAD D:/STM32CubeIDE_1.19.0/STM32CubeIDE/plugins/com.st.stm32cube.ide.mcu.externaltools.gnu-tools-for-stm32.14.3.rel1.win32_1.0.100.202602081740/tools/bin/../lib/gcc/arm-none-eabi/14.3.1/thumb/v8-m.main+fp/hard/crtend.o
LOAD D:/STM32CubeIDE_1.19.0/STM32CubeIDE/plugins/com.st.stm32cube.ide.mcu.externaltools.gnu-tools-for-stm32.14.3.rel1.win32_1.0.100.202602081740/tools/bin/../lib/gcc/arm-none-eabi/14.3.1/thumb/v8-m.main+fp/hard/crtn.o
                0x00000200                        HEAP_SIZE = 0x200
                0x00000400                        STACK_SIZE = 0x400

.vectors        0x08000000      0x188
                0x08000000                        . = ALIGN (0x8)
 *(.vectors)
 .vectors       0x08000000      0x188 CMakeFiles/workpls.dir/user_modifiable/Device/STM32C562RET6/startup_stm32c562xx.c.obj
                0x08000000                __Vectors
                0x08000188                        . = ALIGN (0x8)

.text           0x08000188     0x7520
                0x08000188                        . = ALIGN (0x8)
 *(.text)
 .text          0x08000188       0x40 D:/STM32CubeIDE_1.19.0/STM32CubeIDE/plugins/com.st.stm32cube.ide.mcu.externaltools.gnu-tools-for-stm32.14.3.rel1.win32_1.0.100.202602081740/tools/bin/../lib/gcc/arm-none-eabi/14.3.1/thumb/v8-m.main+fp/hard/crtbegin.o
 .text          0x080001c8       0x7c D:/STM32CubeIDE_1.19.0/STM32CubeIDE/plugins/com.st.stm32cube.ide.mcu.externaltools.gnu-tools-for-stm32.14.3.rel1.win32_1.0.100.202602081740/tools/bin/../lib/gcc/arm-none-eabi/14.3.1/../../../../arm-none-eabi/lib/thumb/v8-m.main+fp/hard/crt0.o
                0x080001c8                _stack_init
                0x080001d0                _start
                0x080001d0                _mainCRTStartup
 .text          0x08000244       0x30 D:/STM32CubeIDE_1.19.0/STM32CubeIDE/plugins/com.st.stm32cube.ide.mcu.externaltools.gnu-tools-for-stm32.14.3.rel1.win32_1.0.100.202602081740/tools/bin/../lib/gcc/arm-none-eabi/14.3.1/thumb/v8-m.main+fp/hard\libgcc.a(_aeabi_uldivmod.o)
                0x08000244                __aeabi_uldivmod
 .text          0x08000274      0x34c D:/STM32CubeIDE_1.19.0/STM32CubeIDE/plugins/com.st.stm32cube.ide.mcu.externaltools.gnu-tools-for-stm32.14.3.rel1.win32_1.0.100.202602081740/tools/bin/../lib/gcc/arm-none-eabi/14.3.1/thumb/v8-m.main+fp/hard\libgcc.a(_udivmoddi4.o)
                0x08000274                __udivmoddi4
 .text          0x080005c0        0x4 D:/STM32CubeIDE_1.19.0/STM32CubeIDE/plugins/com.st.stm32cube.ide.mcu.externaltools.gnu-tools-for-stm32.14.3.rel1.win32_1.0.100.202602081740/tools/bin/../lib/gcc/arm-none-eabi/14.3.1/thumb/v8-m.main+fp/hard\libgcc.a(_dvmd_tls.o)
                0x080005c0                __aeabi_idiv0
                0x080005c0                __aeabi_ldiv0
 .text          0x080005c4       0x14 D:/STM32CubeIDE_1.19.0/STM32CubeIDE/plugins/com.st.stm32cube.ide.mcu.externaltools.gnu-tools-for-stm32.14.3.rel1.win32_1.0.100.202602081740/tools/bin/../lib/gcc/arm-none-eabi/14.3.1/../../../../arm-none-eabi/lib/thumb/v8-m.main+fp/hard\libc_nano.a(libc_a-strcmp.o)
                0x080005c4                strcmp
 .text          0x080005d8       0x10 D:/STM32CubeIDE_1.19.0/STM32CubeIDE/plugins/com.st.stm32cube.ide.mcu.externaltools.gnu-tools-for-stm32.14.3.rel1.win32_1.0.100.202602081740/tools/bin/../lib/gcc/arm-none-eabi/14.3.1/../../../../arm-none-eabi/lib/thumb/v8-m.main+fp/hard\libc_nano.a(libc_a-strlen.o)
                0x080005d8                strlen
 *(.text*)
 .text.exit     0x080005e8       0x24 D:/STM32CubeIDE_1.19.0/STM32CubeIDE/plugins/com.st.stm32cube.ide.mcu.externaltools.gnu-tools-for-stm32.14.3.rel1.win32_1.0.100.202602081740/tools/bin/../lib/gcc/arm-none-eabi/14.3.1/../../../../arm-none-eabi/lib/thumb/v8-m.main+fp/hard\libc_nano.a(libc_a-exit.o)
                0x080005e8                exit
 .text.memset   0x0800060c       0x10 D:/STM32CubeIDE_1.19.0/STM32CubeIDE/plugins/com.st.stm32cube.ide.mcu.externaltools.gnu-tools-for-stm32.14.3.rel1.win32_1.0.100.202602081740/tools/bin/../lib/gcc/arm-none-eabi/14.3.1/../../../../arm-none-eabi/lib/thumb/v8-m.main+fp/hard\libc_nano.a(libc_a-memset.o)
                0x0800060c                memset
 .text.__libc_init_array
                0x0800061c       0x48 D:/STM32CubeIDE_1.19.0/STM32CubeIDE/plugins/com.st.stm32cube.ide.mcu.externaltools.gnu-tools-for-stm32.14.3.rel1.win32_1.0.100.202602081740/tools/bin/../lib/gcc/arm-none-eabi/14.3.1/../../../../arm-none-eabi/lib/thumb/v8-m.main+fp/hard\libc_nano.a(libc_a-init.o)
                0x0800061c                __libc_init_array
 .text.__retarget_lock_acquire_recursive
                0x08000664        0x2 D:/STM32CubeIDE_1.19.0/STM32CubeIDE/plugins/com.st.stm32cube.ide.mcu.externaltools.gnu-tools-for-stm32.14.3.rel1.win32_1.0.100.202602081740/tools/bin/../lib/gcc/arm-none-eabi/14.3.1/../../../../arm-none-eabi/lib/thumb/v8-m.main+fp/hard\libc_nano.a(libc_a-lock.o)
                0x08000664                __retarget_lock_acquire_recursive
 .text.__retarget_lock_release_recursive
                0x08000666        0x2 D:/STM32CubeIDE_1.19.0/STM32CubeIDE/plugins/com.st.stm32cube.ide.mcu.externaltools.gnu-tools-for-stm32.14.3.rel1.win32_1.0.100.202602081740/tools/bin/../lib/gcc/arm-none-eabi/14.3.1/../../../../arm-none-eabi/lib/thumb/v8-m.main+fp/hard\libc_nano.a(libc_a-lock.o)
                0x08000666                __retarget_lock_release_recursive
 .text._free_r  0x08000668       0x94 D:/STM32CubeIDE_1.19.0/STM32CubeIDE/plugins/com.st.stm32cube.ide.mcu.externaltools.gnu-tools-for-stm32.14.3.rel1.win32_1.0.100.202602081740/tools/bin/../lib/gcc/arm-none-eabi/14.3.1/../../../../arm-none-eabi/lib/thumb/v8-m.main+fp/hard\libc_nano.a(libc_a-freer.o)
                0x08000668                _free_r
 .text.sbrk_aligned
                0x080006fc       0x44 D:/STM32CubeIDE_1.19.0/STM32CubeIDE/plugins/com.st.stm32cube.ide.mcu.externaltools.gnu-tools-for-stm32.14.3.rel1.win32_1.0.100.202602081740/tools/bin/../lib/gcc/arm-none-eabi/14.3.1/../../../../arm-none-eabi/lib/thumb/v8-m.main+fp/hard\libc_nano.a(libc_a-mallocr.o)
 .text._malloc_r
                0x08000740      0x100 D:/STM32CubeIDE_1.19.0/STM32CubeIDE/plugins/com.st.stm32cube.ide.mcu.externaltools.gnu-tools-for-stm32.14.3.rel1.win32_1.0.100.202602081740/tools/bin/../lib/gcc/arm-none-eabi/14.3.1/../../../../arm-none-eabi/lib/thumb/v8-m.main+fp/hard\libc_nano.a(libc_a-mallocr.o)
                0x08000740                _malloc_r
 .text.__malloc_lock
                0x08000840        0xc D:/STM32CubeIDE_1.19.0/STM32CubeIDE/plugins/com.st.stm32cube.ide.mcu.externaltools.gnu-tools-for-stm32.14.3.rel1.win32_1.0.100.202602081740/tools/bin/../lib/gcc/arm-none-eabi/14.3.1/../../../../arm-none-eabi/lib/thumb/v8-m.main+fp/hard\libc_nano.a(libc_a-mlock.o)
                0x08000840                __malloc_lock
 .text.__malloc_unlock
                0x0800084c        0xc D:/STM32CubeIDE_1.19.0/STM32CubeIDE/plugins/com.st.stm32cube.ide.mcu.externaltools.gnu-tools-for-stm32.14.3.rel1.win32_1.0.100.202602081740/tools/bin/../lib/gcc/arm-none-eabi/14.3.1/../../../../arm-none-eabi/lib/thumb/v8-m.main+fp/hard\libc_nano.a(libc_a-mlock.o)
                0x0800084c                __malloc_unlock
 .text._sbrk_r  0x08000858       0x20 D:/STM32CubeIDE_1.19.0/STM32CubeIDE/plugins/com.st.stm32cube.ide.mcu.externaltools.gnu-tools-for-stm32.14.3.rel1.win32_1.0.100.202602081740/tools/bin/../lib/gcc/arm-none-eabi/14.3.1/../../../../arm-none-eabi/lib/thumb/v8-m.main+fp/hard\libc_nano.a(libc_a-sbrkr.o)
                0x08000858                _sbrk_r
 .text.main     0x08000878       0x26 CMakeFiles/workpls.dir/main.c.obj
                0x08000878                main
 *fill*         0x0800089e        0x2 
 .text.uart_puts
                0x080008a0       0x30 CMakeFiles/workpls.dir/generated/middleware/mx_freertos_app.c.obj
 .text.led_on   0x080008d0       0x18 CMakeFiles/workpls.dir/generated/middleware/mx_freertos_app.c.obj
 .text.led_off  0x080008e8       0x18 CMakeFiles/workpls.dir/generated/middleware/mx_freertos_app.c.obj
 .text.morse_dot
                0x08000900       0x1c CMakeFiles/workpls.dir/generated/middleware/mx_freertos_app.c.obj
 .text.morse_dash
                0x0800091c       0x1e CMakeFiles/workpls.dir/generated/middleware/mx_freertos_app.c.obj
 *fill*         0x0800093a        0x2 
 .text.morse_for_char
                0x0800093c      0x250 CMakeFiles/workpls.dir/generated/middleware/mx_freertos_app.c.obj
 .text.morse_blink_message
                0x08000b8c       0xa6 CMakeFiles/workpls.dir/generated/middleware/mx_freertos_app.c.obj
 *fill*         0x08000c32        0x2 
 .text.morse_to_char
                0x08000c34      0x250 CMakeFiles/workpls.dir/generated/middleware/mx_freertos_app.c.obj
 .text.app_synctasks_init
                0x08000e84       0x80 CMakeFiles/workpls.dir/generated/middleware/mx_freertos_app.c.obj
                0x08000e84                app_synctasks_init
 .text.function1
                0x08000f04       0x28 CMakeFiles/workpls.dir/generated/middleware/mx_freertos_app.c.obj
 .text.function2
                0x08000f2c      0x118 CMakeFiles/workpls.dir/generated/middleware/mx_freertos_app.c.obj
 .text.mx_cortex_mpu_init
                0x08001044       0x5c CMakeFiles/workpls.dir/generated/hal/mx_cortex_mpu.c.obj
                0x08001044                mx_cortex_mpu_init
 .text.mx_cortex_nvic_init
                0x080010a0       0x30 CMakeFiles/workpls.dir/generated/hal/mx_cortex_nvic.c.obj
                0x080010a0                mx_cortex_nvic_init
 .text.LL_AHB2_GRP1_EnableClock
                0x080010d0       0x60 CMakeFiles/workpls.dir/generated/hal/mx_gpio_default.c.obj
 .text.HAL_RCC_GPIOA_EnableClock
                0x08001130        0xe CMakeFiles/workpls.dir/generated/hal/mx_gpio_default.c.obj
 *fill*         0x0800113e        0x2 
 .text.mx_gpio_default_init
                0x08001140       0x6c CMakeFiles/workpls.dir/generated/hal/mx_gpio_default.c.obj
                0x08001140                mx_gpio_default_init
 .text.mx_icache_init
                0x080011ac       0x28 CMakeFiles/workpls.dir/generated/hal/mx_icache.c.obj
                0x080011ac                mx_icache_init
 .text.mx_icache_gethandle
                0x080011d4       0x14 CMakeFiles/workpls.dir/generated/hal/mx_icache.c.obj
                0x080011d4                mx_icache_gethandle
 .text.mx_rcc_init
                0x080011e8       0xc0 CMakeFiles/workpls.dir/generated/hal/mx_rcc.c.obj
                0x080011e8                mx_rcc_init
 .text.mx_rcc_peripherals_clock_config
                0x080012a8       0x12 CMakeFiles/workpls.dir/generated/hal/mx_rcc.c.obj
                0x080012a8                mx_rcc_peripherals_clock_config
 .text.mx_system_init
                0x080012ba       0xe8 CMakeFiles/workpls.dir/generated/hal/mx_system.c.obj
                0x080012ba                mx_system_init
 .text.pre_system_init_hook
                0x080013a2       0x12 CMakeFiles/workpls.dir/generated/hal/mx_system.c.obj
                0x080013a2                pre_system_init_hook
 .text.post_system_init_hook
                0x080013b4       0x12 CMakeFiles/workpls.dir/generated/hal/mx_system.c.obj
                0x080013b4                post_system_init_hook
 *fill*         0x080013c6        0x2 
 .text.LL_APB1_GRP1_EnableClock
                0x080013c8       0x60 CMakeFiles/workpls.dir/generated/hal/mx_tim2.c.obj
 .text.HAL_RCC_TIM2_EnableClock
                0x08001428        0xe CMakeFiles/workpls.dir/generated/hal/mx_tim2.c.obj
 *fill*         0x08001436        0x2 
 .text.mx_tim2_init
                0x08001438       0xa8 CMakeFiles/workpls.dir/generated/hal/mx_tim2.c.obj
                0x08001438                mx_tim2_init
 .text.LL_AHB2_GRP1_EnableClock
                0x080014e0       0x60 CMakeFiles/workpls.dir/generated/hal/mx_usart2.c.obj
 .text.LL_APB1_GRP1_EnableClock
                0x08001540       0x60 CMakeFiles/workpls.dir/generated/hal/mx_usart2.c.obj
 .text.HAL_RCC_GPIOA_EnableClock
                0x080015a0        0xe CMakeFiles/workpls.dir/generated/hal/mx_usart2.c.obj
 .text.HAL_RCC_USART2_EnableClock
                0x080015ae       0x10 CMakeFiles/workpls.dir/generated/hal/mx_usart2.c.obj
 *fill*         0x080015be        0x2 
 .text.mx_usart2_uart_init
                0x080015c0       0xbc CMakeFiles/workpls.dir/generated/hal/mx_usart2.c.obj
                0x080015c0                mx_usart2_uart_init
 .text.mx_usart2_uart_gethandle
                0x0800167c       0x14 CMakeFiles/workpls.dir/generated/hal/mx_usart2.c.obj
                0x0800167c                mx_usart2_uart_gethandle
 .text.USART2_IRQHandler
                0x08001690       0x14 CMakeFiles/workpls.dir/generated/hal/mx_usart2.c.obj
                0x08001690                USART2_IRQHandler
 .text.vListInitialise
                0x080016a4       0x40 CMakeFiles/workpls.dir/middleware/freertos/list.c.obj
                0x080016a4                vListInitialise
 .text.vListInitialiseItem
                0x080016e4       0x1a CMakeFiles/workpls.dir/middleware/freertos/list.c.obj
                0x080016e4                vListInitialiseItem
 .text.vListInsert
                0x080016fe       0x72 CMakeFiles/workpls.dir/middleware/freertos/list.c.obj
                0x080016fe                vListInsert
 .text.uxListRemove
                0x08001770       0x54 CMakeFiles/workpls.dir/middleware/freertos/list.c.obj
                0x08001770                uxListRemove
 .text.xQueueGenericReset
                0x080017c4       0xf2 CMakeFiles/workpls.dir/middleware/freertos/queue.c.obj
                0x080017c4                xQueueGenericReset
 .text.xQueueGenericCreate
                0x080018b6       0x8e CMakeFiles/workpls.dir/middleware/freertos/queue.c.obj
                0x080018b6                xQueueGenericCreate
 .text.prvInitialiseNewQueue
                0x08001944       0x44 CMakeFiles/workpls.dir/middleware/freertos/queue.c.obj
 .text.xQueueReceive
                0x08001988      0x178 CMakeFiles/workpls.dir/middleware/freertos/queue.c.obj
                0x08001988                xQueueReceive
 .text.prvCopyDataToQueue
                0x08001b00       0xd4 CMakeFiles/workpls.dir/middleware/freertos/queue.c.obj
 .text.prvCopyDataFromQueue
                0x08001bd4       0x4c CMakeFiles/workpls.dir/middleware/freertos/queue.c.obj
 .text.prvUnlockQueue
                0x08001c20       0xbe CMakeFiles/workpls.dir/middleware/freertos/queue.c.obj
 .text.prvIsQueueEmpty
                0x08001cde       0x2c CMakeFiles/workpls.dir/middleware/freertos/queue.c.obj
 *fill*         0x08001d0a        0x2 
 .text.vQueueAddToRegistry
                0x08001d0c       0x8c CMakeFiles/workpls.dir/middleware/freertos/queue.c.obj
                0x08001d0c                vQueueAddToRegistry
 .text.vQueueWaitForMessageRestricted
                0x08001d98       0x68 CMakeFiles/workpls.dir/middleware/freertos/queue.c.obj
                0x08001d98                vQueueWaitForMessageRestricted
 .text.prvNotifyQueueSetContainer
                0x08001e00       0xb6 CMakeFiles/workpls.dir/middleware/freertos/queue.c.obj
 .text.prvCreateTask
                0x08001eb6       0x78 CMakeFiles/workpls.dir/middleware/freertos/tasks.c.obj
 .text.xTaskCreate
                0x08001f2e       0x46 CMakeFiles/workpls.dir/middleware/freertos/tasks.c.obj
                0x08001f2e                xTaskCreate
 .text.prvInitialiseNewTask
                0x08001f74      0x104 CMakeFiles/workpls.dir/middleware/freertos/tasks.c.obj
 .text.prvAddNewTaskToReadyList
                0x08002078      0x11c CMakeFiles/workpls.dir/middleware/freertos/tasks.c.obj
 .text.vTaskDelay
                0x08002194       0x4c CMakeFiles/workpls.dir/middleware/freertos/tasks.c.obj
                0x08002194                vTaskDelay
 .text.prvCreateIdleTasks
                0x080021e0       0xac CMakeFiles/workpls.dir/middleware/freertos/tasks.c.obj
 .text.vTaskStartScheduler
                0x0800228c       0x68 CMakeFiles/workpls.dir/middleware/freertos/tasks.c.obj
                0x0800228c                vTaskStartScheduler
 .text.vTaskSuspendAll
                0x080022f4       0x1c CMakeFiles/workpls.dir/middleware/freertos/tasks.c.obj
                0x080022f4                vTaskSuspendAll
 .text.xTaskResumeAll
                0x08002310      0x1f4 CMakeFiles/workpls.dir/middleware/freertos/tasks.c.obj
                0x08002310                xTaskResumeAll
 .text.xTaskGetTickCount
                0x08002504       0x20 CMakeFiles/workpls.dir/middleware/freertos/tasks.c.obj
                0x08002504                xTaskGetTickCount
 .text.uxTaskGetNumberOfTasks
                0x08002524       0x18 CMakeFiles/workpls.dir/middleware/freertos/tasks.c.obj
                0x08002524                uxTaskGetNumberOfTasks
 .text.xTaskIncrementTick
                0x0800253c      0x224 CMakeFiles/workpls.dir/middleware/freertos/tasks.c.obj
                0x0800253c                xTaskIncrementTick
 .text.vTaskSwitchContext
                0x08002760       0xac CMakeFiles/workpls.dir/middleware/freertos/tasks.c.obj
                0x08002760                vTaskSwitchContext
 .text.vTaskPlaceOnEventList
                0x0800280c       0x3c CMakeFiles/workpls.dir/middleware/freertos/tasks.c.obj
                0x0800280c                vTaskPlaceOnEventList
 .text.vTaskPlaceOnEventListRestricted
                0x08002848       0x7c CMakeFiles/workpls.dir/middleware/freertos/tasks.c.obj
                0x08002848                vTaskPlaceOnEventListRestricted
 .text.xTaskRemoveFromEventList
                0x080028c4      0x1a0 CMakeFiles/workpls.dir/middleware/freertos/tasks.c.obj
                0x080028c4                xTaskRemoveFromEventList
 .text.vTaskInternalSetTimeOutState
                0x08002a64       0x2c CMakeFiles/workpls.dir/middleware/freertos/tasks.c.obj
                0x08002a64                vTaskInternalSetTimeOutState
 .text.xTaskCheckForTimeOut
                0x08002a90       0xb0 CMakeFiles/workpls.dir/middleware/freertos/tasks.c.obj
                0x08002a90                xTaskCheckForTimeOut
 .text.vTaskMissedYield
                0x08002b40       0x18 CMakeFiles/workpls.dir/middleware/freertos/tasks.c.obj
                0x08002b40                vTaskMissedYield
 .text.prvIdleTask
                0x08002b58       0x20 CMakeFiles/workpls.dir/middleware/freertos/tasks.c.obj
 .text.prvInitialiseTaskLists
                0x08002b78       0x80 CMakeFiles/workpls.dir/middleware/freertos/tasks.c.obj
 .text.prvCheckTasksWaitingTermination
                0x08002bf8       0x5c CMakeFiles/workpls.dir/middleware/freertos/tasks.c.obj
 .text.prvDeleteTCB
                0x08002c54       0x20 CMakeFiles/workpls.dir/middleware/freertos/tasks.c.obj
 .text.prvResetNextTaskUnblockTime
                0x08002c74       0x38 CMakeFiles/workpls.dir/middleware/freertos/tasks.c.obj
 .text.xTaskGetSchedulerState
                0x08002cac       0x3c CMakeFiles/workpls.dir/middleware/freertos/tasks.c.obj
                0x08002cac                xTaskGetSchedulerState
 .text.xTaskPriorityDisinherit
                0x08002ce8      0x114 CMakeFiles/workpls.dir/middleware/freertos/tasks.c.obj
                0x08002ce8                xTaskPriorityDisinherit
 .text.prvAddCurrentTaskToDelayedList
                0x08002dfc       0xe0 CMakeFiles/workpls.dir/middleware/freertos/tasks.c.obj
 .text.xTimerCreateTimerTask
                0x08002edc       0x54 CMakeFiles/workpls.dir/middleware/freertos/timers.c.obj
                0x08002edc                xTimerCreateTimerTask
 .text.prvReloadTimer
                0x08002f30       0x42 CMakeFiles/workpls.dir/middleware/freertos/timers.c.obj
 *fill*         0x08002f72        0x2 
 .text.prvProcessExpiredTimer
                0x08002f74       0x60 CMakeFiles/workpls.dir/middleware/freertos/timers.c.obj
 .text.prvTimerTask
                0x08002fd4       0x26 CMakeFiles/workpls.dir/middleware/freertos/timers.c.obj
 *fill*         0x08002ffa        0x2 
 .text.prvProcessTimerOrBlockTask
                0x08002ffc       0x8c CMakeFiles/workpls.dir/middleware/freertos/timers.c.obj
 .text.prvGetNextExpireTime
                0x08003088       0x48 CMakeFiles/workpls.dir/middleware/freertos/timers.c.obj
 .text.prvSampleTimeNow
                0x080030d0       0x40 CMakeFiles/workpls.dir/middleware/freertos/timers.c.obj
 .text.prvInsertTimerInActiveList
                0x08003110       0x84 CMakeFiles/workpls.dir/middleware/freertos/timers.c.obj
 .text.prvProcessReceivedCommands
                0x08003194      0x184 CMakeFiles/workpls.dir/middleware/freertos/timers.c.obj
 .text.prvSwitchTimerLists
                0x08003318       0x4c CMakeFiles/workpls.dir/middleware/freertos/timers.c.obj
 .text.prvCheckForValidListAndQueue
                0x08003364       0x6c CMakeFiles/workpls.dir/middleware/freertos/timers.c.obj
 .text.vPortSetupTimerInterrupt
                0x080033d0       0x34 CMakeFiles/workpls.dir/middleware/freertos/portable/GCC/ARM_CM33_NTZ/non_secure/port.c.obj
                0x080033d0                vPortSetupTimerInterrupt
 .text.prvTaskExitError
                0x08003404       0x38 CMakeFiles/workpls.dir/middleware/freertos/portable/GCC/ARM_CM33_NTZ/non_secure/port.c.obj
 .text.vPortYield
                0x0800343c       0x24 CMakeFiles/workpls.dir/middleware/freertos/portable/GCC/ARM_CM33_NTZ/non_secure/port.c.obj
                0x0800343c                vPortYield
 .text.vPortEnterCritical
                0x08003460       0x24 CMakeFiles/workpls.dir/middleware/freertos/portable/GCC/ARM_CM33_NTZ/non_secure/port.c.obj
                0x08003460                vPortEnterCritical
 .text.vPortExitCritical
                0x08003484       0x34 CMakeFiles/workpls.dir/middleware/freertos/portable/GCC/ARM_CM33_NTZ/non_secure/port.c.obj
                0x08003484                vPortExitCritical
 .text.SysTick_Handler
                0x080034b8       0x30 CMakeFiles/workpls.dir/middleware/freertos/portable/GCC/ARM_CM33_NTZ/non_secure/port.c.obj
                0x080034b8                SysTick_Handler
 .text.vPortSVCHandler_C
                0x080034e8       0x32 CMakeFiles/workpls.dir/middleware/freertos/portable/GCC/ARM_CM33_NTZ/non_secure/port.c.obj
                0x080034e8                vPortSVCHandler_C
 *fill*         0x0800351a        0x2 
 .text.pxPortInitialiseStack
                0x0800351c      0x114 CMakeFiles/workpls.dir/middleware/freertos/portable/GCC/ARM_CM33_NTZ/non_secure/port.c.obj
                0x0800351c                pxPortInitialiseStack
 .text.xPortStartScheduler
                0x08003630      0x12c CMakeFiles/workpls.dir/middleware/freertos/portable/GCC/ARM_CM33_NTZ/non_secure/port.c.obj
                0x08003630                xPortStartScheduler
 .text.vRestoreContextOfFirstTask
                0x0800375c       0x34 CMakeFiles/workpls.dir/middleware/freertos/portable/GCC/ARM_CM33_NTZ/non_secure/portasm.c.obj
                0x0800375c                vRestoreContextOfFirstTask
 .text.vStartFirstTask
                0x08003790       0x20 CMakeFiles/workpls.dir/middleware/freertos/portable/GCC/ARM_CM33_NTZ/non_secure/portasm.c.obj
                0x08003790                vStartFirstTask
 .text.ulSetInterruptMask
                0x080037b0       0x1a CMakeFiles/workpls.dir/middleware/freertos/portable/GCC/ARM_CM33_NTZ/non_secure/portasm.c.obj
                0x080037b0                ulSetInterruptMask
 .text.vClearInterruptMask
                0x080037ca       0x10 CMakeFiles/workpls.dir/middleware/freertos/portable/GCC/ARM_CM33_NTZ/non_secure/portasm.c.obj
                0x080037ca                vClearInterruptMask
 *fill*         0x080037da        0x2 
 .text.PendSV_Handler
                0x080037dc       0x4c CMakeFiles/workpls.dir/middleware/freertos/portable/GCC/ARM_CM33_NTZ/non_secure/portasm.c.obj
                0x080037dc                PendSV_Handler
 .text.SVC_Handler
                0x08003828       0x18 CMakeFiles/workpls.dir/middleware/freertos/portable/GCC/ARM_CM33_NTZ/non_secure/portasm.c.obj
                0x08003828                SVC_Handler
 .text.pvPortMalloc
                0x08003840      0x20c CMakeFiles/workpls.dir/middleware/freertos/portable/MemMang/heap_4.c.obj
                0x08003840                pvPortMalloc
 .text.vPortFree
                0x08003a4c       0xbc CMakeFiles/workpls.dir/middleware/freertos/portable/MemMang/heap_4.c.obj
                0x08003a4c                vPortFree
 .text.prvHeapInit
                0x08003b08       0xb4 CMakeFiles/workpls.dir/middleware/freertos/portable/MemMang/heap_4.c.obj
 .text.prvInsertBlockIntoFreeList
                0x08003bbc       0xe0 CMakeFiles/workpls.dir/middleware/freertos/portable/MemMang/heap_4.c.obj
 .text.SCB_SetVTOR
                0x08003c9c       0x20 CMakeFiles/workpls.dir/user_modifiable/Device/STM32C562RET6/system_stm32c5xx.c.obj
 .text.SCB_EnableFPU
                0x08003cbc       0x24 CMakeFiles/workpls.dir/user_modifiable/Device/STM32C562RET6/system_stm32c5xx.c.obj
 .text.SystemInit
                0x08003ce0       0x18 CMakeFiles/workpls.dir/user_modifiable/Device/STM32C562RET6/system_stm32c5xx.c.obj
                0x08003ce0                SystemInit
 .text.Reset_Handler
                0x08003cf8       0xc4 CMakeFiles/workpls.dir/user_modifiable/Device/STM32C562RET6/startup_stm32c562xx.c.obj
                0x08003cf8                Reset_Handler
 .text.HardFault_Handler
                0x08003dbc        0x8 CMakeFiles/workpls.dir/user_modifiable/Device/STM32C562RET6/startup_stm32c562xx.c.obj
                0x08003dbc                HardFault_Handler
 .text.Default_IRQHandler
                0x08003dc4        0x8 CMakeFiles/workpls.dir/user_modifiable/Device/STM32C562RET6/startup_stm32c562xx.c.obj
                0x08003dc4                EXTI2_IRQHandler
                0x08003dc4                TIM8_CC_IRQHandler
                0x08003dc4                EXTI5_IRQHandler
                0x08003dc4                DebugMon_Handler
                0x08003dc4                TIM8_TRGI_COM_DIR_IDX_IRQHandler
                0x08003dc4                EXTI13_IRQHandler
                0x08003dc4                LPDMA2_CH1_IRQHandler
                0x08003dc4                I2C1_ERR_IRQHandler
                0x08003dc4                TIM1_CC_IRQHandler
                0x08003dc4                LPDMA1_CH6_IRQHandler
                0x08003dc4                TAMP_IRQHandler
                0x08003dc4                TIM6_IRQHandler
                0x08003dc4                EXTI12_IRQHandler
                0x08003dc4                CORDIC_IRQHandler
                0x08003dc4                USB_DRD_FS_IRQHandler
                0x08003dc4                NMI_Handler
                0x08003dc4                EXTI3_IRQHandler
                0x08003dc4                EXTI8_IRQHandler
                0x08003dc4                PWR_PVD_IRQHandler
                0x08003dc4                EXTI0_IRQHandler
                0x08003dc4                I2C2_EV_IRQHandler
                0x08003dc4                FPU_IRQHandler
                0x08003dc4                FDCAN1_IT1_IRQHandler
                0x08003dc4                RAMCFG_IRQHandler
                0x08003dc4                UsageFault_Handler
                0x08003dc4                TIM1_UPD_IRQHandler
                0x08003dc4                SPI1_IRQHandler
                0x08003dc4                ADC1_IRQHandler
                0x08003dc4                EXTI15_IRQHandler
                0x08003dc4                TIM17_IRQHandler
                0x08003dc4                USART3_IRQHandler
                0x08003dc4                RTC_IRQHandler
                0x08003dc4                EXTI9_IRQHandler
                0x08003dc4                UART5_IRQHandler
                0x08003dc4                LPDMA2_CH3_IRQHandler
                0x08003dc4                LPDMA1_CH1_IRQHandler
                0x08003dc4                I2C1_EV_IRQHandler
                0x08003dc4                TIM16_IRQHandler
                0x08003dc4                UART4_IRQHandler
                0x08003dc4                RCC_IRQHandler
                0x08003dc4                LPDMA1_CH5_IRQHandler
                0x08003dc4                LPDMA2_CH2_IRQHandler
                0x08003dc4                TIM12_IRQHandler
                0x08003dc4                TIM7_IRQHandler
                0x08003dc4                TIM5_IRQHandler
                0x08003dc4                I3C1_EV_IRQHandler
                0x08003dc4                TIM15_IRQHandler
                0x08003dc4                TIM8_BRK_TERR_IERR_IRQHandler
                0x08003dc4                TIM8_UPD_IRQHandler
                0x08003dc4                ADC2_IRQHandler
                0x08003dc4                SPI2_IRQHandler
                0x08003dc4                MemManage_Handler
                0x08003dc4                LPDMA1_CH3_IRQHandler
                0x08003dc4                EXTI14_IRQHandler
                0x08003dc4                EXTI11_IRQHandler
                0x08003dc4                CRS_IRQHandler
                0x08003dc4                EXTI4_IRQHandler
                0x08003dc4                TIM1_BRK_TERR_IERR_IRQHandler
                0x08003dc4                RNG_IRQHandler
                0x08003dc4                TIM1_TRGI_COM_DIR_IDX_IRQHandler
                0x08003dc4                LPDMA2_CH0_IRQHandler
                0x08003dc4                I3C1_ERR_IRQHandler
                0x08003dc4                WWDG_IRQHandler
                0x08003dc4                Default_IRQHandler
                0x08003dc4                IWDG_IRQHandler
                0x08003dc4                LPUART1_IRQHandler
                0x08003dc4                FDCAN1_IT0_IRQHandler
                0x08003dc4                TIM2_IRQHandler
                0x08003dc4                LPDMA1_CH2_IRQHandler
                0x08003dc4                EXTI7_IRQHandler
                0x08003dc4                EXTI1_IRQHandler
                0x08003dc4                AES_IRQHandler
                0x08003dc4                DAC1_IRQHandler
                0x08003dc4                LPDMA1_CH4_IRQHandler
                0x08003dc4                FLASH_IRQHandler
                0x08003dc4                I2C2_ERR_IRQHandler
                0x08003dc4                BusFault_Handler
                0x08003dc4                USART1_IRQHandler
                0x08003dc4                EXTI10_IRQHandler
                0x08003dc4                SPI3_IRQHandler
                0x08003dc4                LPDMA1_CH0_IRQHandler
                0x08003dc4                EXTI6_IRQHandler
                0x08003dc4                COMP1_IRQHandler
                0x08003dc4                LPTIM1_IRQHandler
                0x08003dc4                ICACHE_IRQHandler
                0x08003dc4                LPDMA1_CH7_IRQHandler
                0x08003dc4                HASH_IRQHandler
 .text.Default_IRQHandler_Hook
                0x08003dcc        0x8 CMakeFiles/workpls.dir/user_modifiable/Device/STM32C562RET6/startup_stm32c562xx.c.obj
                0x08003dcc                Default_IRQHandler_Hook
 .text.LL_RCC_GetAHBPrescaler
                0x08003dd4       0x1c CMakeFiles/workpls.dir/stm32c5xx_drivers/hal/stm32c5xx_hal.c.obj
 .text.LL_FLASH_EnablePrefetch
                0x08003df0       0x20 CMakeFiles/workpls.dir/stm32c5xx_drivers/hal/stm32c5xx_hal.c.obj
 .text.HAL_Init
                0x08003e10       0x44 CMakeFiles/workpls.dir/stm32c5xx_drivers/hal/stm32c5xx_hal.c.obj
                0x08003e10                HAL_Init
 .text.HAL_InitTick
                0x08003e54       0x68 CMakeFiles/workpls.dir/stm32c5xx_drivers/hal/stm32c5xx_hal.c.obj
                0x08003e54                HAL_InitTick
 .text.HAL_UpdateCoreClock
                0x08003ebc       0x30 CMakeFiles/workpls.dir/stm32c5xx_drivers/hal/stm32c5xx_hal.c.obj
                0x08003ebc                HAL_UpdateCoreClock
 .text.HAL_GetTick
                0x08003eec       0x18 CMakeFiles/workpls.dir/stm32c5xx_drivers/hal/stm32c5xx_hal.c.obj
                0x08003eec                HAL_GetTick
 .text.__NVIC_SetPriorityGrouping
                0x08003f04       0x48 CMakeFiles/workpls.dir/stm32c5xx_drivers/hal/stm32c5xx_hal_cortex.c.obj
 .text.__NVIC_GetPriorityGrouping
                0x08003f4c       0x1c CMakeFiles/workpls.dir/stm32c5xx_drivers/hal/stm32c5xx_hal_cortex.c.obj
 .text.__NVIC_EnableIRQ
                0x08003f68       0x3c CMakeFiles/workpls.dir/stm32c5xx_drivers/hal/stm32c5xx_hal_cortex.c.obj
 .text.__NVIC_SetPriority
                0x08003fa4       0x54 CMakeFiles/workpls.dir/stm32c5xx_drivers/hal/stm32c5xx_hal_cortex.c.obj
 .text.NVIC_EncodePriority
                0x08003ff8       0x66 CMakeFiles/workpls.dir/stm32c5xx_drivers/hal/stm32c5xx_hal_cortex.c.obj
 *fill*         0x0800405e        0x2 
 .text.ARM_MPU_Enable
                0x08004060       0x44 CMakeFiles/workpls.dir/stm32c5xx_drivers/hal/stm32c5xx_hal_cortex.c.obj
 .text.ARM_MPU_Disable
                0x080040a4       0x40 CMakeFiles/workpls.dir/stm32c5xx_drivers/hal/stm32c5xx_hal_cortex.c.obj
 .text.ARM_MPU_SetMemAttrEx
                0x080040e4       0x6a CMakeFiles/workpls.dir/stm32c5xx_drivers/hal/stm32c5xx_hal_cortex.c.obj
 *fill*         0x0800414e        0x2 
 .text.ARM_MPU_SetMemAttr
                0x08004150       0x28 CMakeFiles/workpls.dir/stm32c5xx_drivers/hal/stm32c5xx_hal_cortex.c.obj
 .text.ARM_MPU_SetRegionEx
                0x08004178       0x2c CMakeFiles/workpls.dir/stm32c5xx_drivers/hal/stm32c5xx_hal_cortex.c.obj
 .text.ARM_MPU_SetRegion
                0x080041a4       0x24 CMakeFiles/workpls.dir/stm32c5xx_drivers/hal/stm32c5xx_hal_cortex.c.obj
 .text.SysTick_SetClkSource
                0x080041c8       0x38 CMakeFiles/workpls.dir/stm32c5xx_drivers/hal/stm32c5xx_hal_cortex.c.obj
 .text.SysTick_GetClkSource
                0x08004200       0x1c CMakeFiles/workpls.dir/stm32c5xx_drivers/hal/stm32c5xx_hal_cortex.c.obj
 .text.SysTick_EnableIT
                0x0800421c       0x20 CMakeFiles/workpls.dir/stm32c5xx_drivers/hal/stm32c5xx_hal_cortex.c.obj
 .text.SysTick_Enable
                0x0800423c       0x20 CMakeFiles/workpls.dir/stm32c5xx_drivers/hal/stm32c5xx_hal_cortex.c.obj
 .text.SysTick_SetReload
                0x0800425c       0x30 CMakeFiles/workpls.dir/stm32c5xx_drivers/hal/stm32c5xx_hal_cortex.c.obj
 .text.SysTick_SetCounter
                0x0800428c       0x20 CMakeFiles/workpls.dir/stm32c5xx_drivers/hal/stm32c5xx_hal_cortex.c.obj
 .text.HAL_CORTEX_NVIC_SetPriorityGrouping
                0x080042ac       0x1a CMakeFiles/workpls.dir/stm32c5xx_drivers/hal/stm32c5xx_hal_cortex.c.obj
                0x080042ac                HAL_CORTEX_NVIC_SetPriorityGrouping
 .text.HAL_CORTEX_NVIC_SetPriority
                0x080042c6       0x36 CMakeFiles/workpls.dir/stm32c5xx_drivers/hal/stm32c5xx_hal_cortex.c.obj
                0x080042c6                HAL_CORTEX_NVIC_SetPriority
 .text.HAL_CORTEX_NVIC_EnableIRQ
                0x080042fc       0x1c CMakeFiles/workpls.dir/stm32c5xx_drivers/hal/stm32c5xx_hal_cortex.c.obj
                0x080042fc                HAL_CORTEX_NVIC_EnableIRQ
 .text.HAL_CORTEX_SYSTICK_SetFreq
                0x08004318       0x66 CMakeFiles/workpls.dir/stm32c5xx_drivers/hal/stm32c5xx_hal_cortex.c.obj
                0x08004318                HAL_CORTEX_SYSTICK_SetFreq
 .text.HAL_CORTEX_SYSTICK_SetClkSource
                0x0800437e       0x1a CMakeFiles/workpls.dir/stm32c5xx_drivers/hal/stm32c5xx_hal_cortex.c.obj
                0x0800437e                HAL_CORTEX_SYSTICK_SetClkSource
 .text.HAL_CORTEX_MPU_Enable
                0x08004398       0x26 CMakeFiles/workpls.dir/stm32c5xx_drivers/hal/stm32c5xx_hal_cortex.c.obj
                0x08004398                HAL_CORTEX_MPU_Enable
 .text.HAL_CORTEX_MPU_Disable
                0x080043be        0xc CMakeFiles/workpls.dir/stm32c5xx_drivers/hal/stm32c5xx_hal_cortex.c.obj
                0x080043be                HAL_CORTEX_MPU_Disable
 .text.HAL_CORTEX_MPU_SetCacheMemAttr
                0x080043ca       0x2a CMakeFiles/workpls.dir/stm32c5xx_drivers/hal/stm32c5xx_hal_cortex.c.obj
                0x080043ca                HAL_CORTEX_MPU_SetCacheMemAttr
 .text.HAL_CORTEX_MPU_SetConfigRegion
                0x080043f4       0x54 CMakeFiles/workpls.dir/stm32c5xx_drivers/hal/stm32c5xx_hal_cortex.c.obj
                0x080043f4                HAL_CORTEX_MPU_SetConfigRegion
 .text.HAL_CORTEX_MPU_EnableRegion
                0x08004448       0x2c CMakeFiles/workpls.dir/stm32c5xx_drivers/hal/stm32c5xx_hal_cortex.c.obj
                0x08004448                HAL_CORTEX_MPU_EnableRegion
 .text.LL_FLASH_SetLatency
                0x08004474       0x26 CMakeFiles/workpls.dir/stm32c5xx_drivers/hal/stm32c5xx_hal_flash_itf.c.obj
 .text.LL_FLASH_SetProgrammingDelay
                0x0800449a       0x26 CMakeFiles/workpls.dir/stm32c5xx_drivers/hal/stm32c5xx_hal_flash_itf.c.obj
 .text.HAL_FLASH_ITF_SetLatency
                0x080044c0       0x24 CMakeFiles/workpls.dir/stm32c5xx_drivers/hal/stm32c5xx_hal_flash_itf.c.obj
                0x080044c0                HAL_FLASH_ITF_SetLatency
 .text.HAL_FLASH_ITF_SetProgrammingDelay
                0x080044e4       0x24 CMakeFiles/workpls.dir/stm32c5xx_drivers/hal/stm32c5xx_hal_flash_itf.c.obj
                0x080044e4                HAL_FLASH_ITF_SetProgrammingDelay
 .text.LL_GPIO_SetPinMode
                0x08004508       0x9c CMakeFiles/workpls.dir/stm32c5xx_drivers/hal/stm32c5xx_hal_gpio.c.obj
 .text.LL_GPIO_SetPinOutputType
                0x080045a4       0x56 CMakeFiles/workpls.dir/stm32c5xx_drivers/hal/stm32c5xx_hal_gpio.c.obj
 .text.LL_GPIO_SetPinSpeed
                0x080045fa       0xa0 CMakeFiles/workpls.dir/stm32c5xx_drivers/hal/stm32c5xx_hal_gpio.c.obj
 .text.LL_GPIO_SetPinPull
                0x0800469a       0xa0 CMakeFiles/workpls.dir/stm32c5xx_drivers/hal/stm32c5xx_hal_gpio.c.obj
 .text.LL_GPIO_SetAFPin_0_7
                0x0800473a       0xa0 CMakeFiles/workpls.dir/stm32c5xx_drivers/hal/stm32c5xx_hal_gpio.c.obj
 .text.LL_GPIO_SetAFPin_8_15
                0x080047da       0xa4 CMakeFiles/workpls.dir/stm32c5xx_drivers/hal/stm32c5xx_hal_gpio.c.obj
 .text.LL_GPIO_IsInputPinSet
                0x0800487e       0x2a CMakeFiles/workpls.dir/stm32c5xx_drivers/hal/stm32c5xx_hal_gpio.c.obj
 .text.LL_GPIO_WriteOutputPin
                0x080048a8       0x2a CMakeFiles/workpls.dir/stm32c5xx_drivers/hal/stm32c5xx_hal_gpio.c.obj
 .text.HAL_GPIO_Init
                0x080048d2      0x134 CMakeFiles/workpls.dir/stm32c5xx_drivers/hal/stm32c5xx_hal_gpio.c.obj
                0x080048d2                HAL_GPIO_Init
 .text.HAL_GPIO_ReadPin
                0x08004a06       0x20 CMakeFiles/workpls.dir/stm32c5xx_drivers/hal/stm32c5xx_hal_gpio.c.obj
                0x08004a06                HAL_GPIO_ReadPin
 .text.HAL_GPIO_WritePin
                0x08004a26       0x22 CMakeFiles/workpls.dir/stm32c5xx_drivers/hal/stm32c5xx_hal_gpio.c.obj
                0x08004a26                HAL_GPIO_WritePin
 .text.LL_ICACHE_Enable
                0x08004a48       0x20 CMakeFiles/workpls.dir/stm32c5xx_drivers/hal/stm32c5xx_hal_icache.c.obj
 .text.LL_ICACHE_EnableIT
                0x08004a68       0x22 CMakeFiles/workpls.dir/stm32c5xx_drivers/hal/stm32c5xx_hal_icache.c.obj
 .text.HAL_ICACHE_Init
                0x08004a8a       0x34 CMakeFiles/workpls.dir/stm32c5xx_drivers/hal/stm32c5xx_hal_icache.c.obj
                0x08004a8a                HAL_ICACHE_Init
 .text.HAL_ICACHE_Start
                0x08004abe       0x32 CMakeFiles/workpls.dir/stm32c5xx_drivers/hal/stm32c5xx_hal_icache.c.obj
                0x08004abe                HAL_ICACHE_Start
 .text.LL_RCC_LSI_IsReady
                0x08004af0       0x28 CMakeFiles/workpls.dir/stm32c5xx_drivers/hal/stm32c5xx_hal_rcc.c.obj
 .text.LL_RCC_HSIK_IsReady
                0x08004b18       0x24 CMakeFiles/workpls.dir/stm32c5xx_drivers/hal/stm32c5xx_hal_rcc.c.obj
 .text.LL_RCC_HSIK_GetDivider
                0x08004b3c       0x1c CMakeFiles/workpls.dir/stm32c5xx_drivers/hal/stm32c5xx_hal_rcc.c.obj
 .text.LL_RCC_PSIS_Enable
                0x08004b58       0x20 CMakeFiles/workpls.dir/stm32c5xx_drivers/hal/stm32c5xx_hal_rcc.c.obj
 .text.LL_RCC_PSIS_IsReady
                0x08004b78       0x28 CMakeFiles/workpls.dir/stm32c5xx_drivers/hal/stm32c5xx_hal_rcc.c.obj
 .text.LL_RCC_PSIDIV3_IsReady
                0x08004ba0       0x28 CMakeFiles/workpls.dir/stm32c5xx_drivers/hal/stm32c5xx_hal_rcc.c.obj
 .text.LL_RCC_PSIK_IsReady
                0x08004bc8       0x28 CMakeFiles/workpls.dir/stm32c5xx_drivers/hal/stm32c5xx_hal_rcc.c.obj
 .text.LL_RCC_PSIK_GetDivider
                0x08004bf0       0x1c CMakeFiles/workpls.dir/stm32c5xx_drivers/hal/stm32c5xx_hal_rcc.c.obj
 .text.LL_RCC_ConfigPSI
                0x08004c0c       0x38 CMakeFiles/workpls.dir/stm32c5xx_drivers/hal/stm32c5xx_hal_rcc.c.obj
 .text.LL_RCC_GetConfigPSI
                0x08004c44       0x40 CMakeFiles/workpls.dir/stm32c5xx_drivers/hal/stm32c5xx_hal_rcc.c.obj
 .text.LL_RCC_HSE_Enable
                0x08004c84       0x20 CMakeFiles/workpls.dir/stm32c5xx_drivers/hal/stm32c5xx_hal_rcc.c.obj
 .text.LL_RCC_HSE_IsReady
                0x08004ca4       0x28 CMakeFiles/workpls.dir/stm32c5xx_drivers/hal/stm32c5xx_hal_rcc.c.obj
 .text.LL_RCC_HSE_ConfigBypass
                0x08004ccc       0x2c CMakeFiles/workpls.dir/stm32c5xx_drivers/hal/stm32c5xx_hal_rcc.c.obj
 .text.LL_RCC_SetSysClkSource
                0x08004cf8       0x28 CMakeFiles/workpls.dir/stm32c5xx_drivers/hal/stm32c5xx_hal_rcc.c.obj
 .text.LL_RCC_GetSysClkSource
                0x08004d20       0x1c CMakeFiles/workpls.dir/stm32c5xx_drivers/hal/stm32c5xx_hal_rcc.c.obj
 .text.LL_RCC_GetAHBPrescaler
                0x08004d3c       0x1c CMakeFiles/workpls.dir/stm32c5xx_drivers/hal/stm32c5xx_hal_rcc.c.obj
 .text.LL_RCC_GetSystickClockSource
                0x08004d58       0x1c CMakeFiles/workpls.dir/stm32c5xx_drivers/hal/stm32c5xx_hal_rcc.c.obj
 .text.LL_RCC_GetAPB1Prescaler
                0x08004d74       0x1c CMakeFiles/workpls.dir/stm32c5xx_drivers/hal/stm32c5xx_hal_rcc.c.obj
 .text.LL_RCC_GetAPB2Prescaler
                0x08004d90       0x1c CMakeFiles/workpls.dir/stm32c5xx_drivers/hal/stm32c5xx_hal_rcc.c.obj
 .text.LL_RCC_GetAPB3Prescaler
                0x08004dac       0x1c CMakeFiles/workpls.dir/stm32c5xx_drivers/hal/stm32c5xx_hal_rcc.c.obj
 .text.LL_RCC_ConfigBusClock
                0x08004dc8       0x2c CMakeFiles/workpls.dir/stm32c5xx_drivers/hal/stm32c5xx_hal_rcc.c.obj
 .text.LL_RCC_SetClockSource
                0x08004df4       0x54 CMakeFiles/workpls.dir/stm32c5xx_drivers/hal/stm32c5xx_hal_rcc.c.obj
 .text.LL_RCC_SetUSARTClockSource
                0x08004e48       0x16 CMakeFiles/workpls.dir/stm32c5xx_drivers/hal/stm32c5xx_hal_rcc.c.obj
 *fill*         0x08004e5e        0x2 
 .text.LL_RCC_GetClockSource
                0x08004e60       0x48 CMakeFiles/workpls.dir/stm32c5xx_drivers/hal/stm32c5xx_hal_rcc.c.obj
 .text.LL_RCC_GetUSARTClockSource
                0x08004ea8       0x18 CMakeFiles/workpls.dir/stm32c5xx_drivers/hal/stm32c5xx_hal_rcc.c.obj
 .text.LL_RCC_GetUARTClockSource
                0x08004ec0       0x18 CMakeFiles/workpls.dir/stm32c5xx_drivers/hal/stm32c5xx_hal_rcc.c.obj
 .text.LL_RCC_GetLPUARTClockSource
                0x08004ed8       0x24 CMakeFiles/workpls.dir/stm32c5xx_drivers/hal/stm32c5xx_hal_rcc.c.obj
 .text.HAL_RCC_HSE_Enable
                0x08004efc       0x3c CMakeFiles/workpls.dir/stm32c5xx_drivers/hal/stm32c5xx_hal_rcc.c.obj
                0x08004efc                HAL_RCC_HSE_Enable
 .text.HAL_RCC_PSIS_Enable
                0x08004f38       0x1c CMakeFiles/workpls.dir/stm32c5xx_drivers/hal/stm32c5xx_hal_rcc.c.obj
                0x08004f38                HAL_RCC_PSIS_Enable
 .text.HAL_RCC_PSI_SetConfig
                0x08004f54       0x5c CMakeFiles/workpls.dir/stm32c5xx_drivers/hal/stm32c5xx_hal_rcc.c.obj
                0x08004f54                HAL_RCC_PSI_SetConfig
 .text.HAL_RCC_PSI_GetConfig
                0x08004fb0       0x34 CMakeFiles/workpls.dir/stm32c5xx_drivers/hal/stm32c5xx_hal_rcc.c.obj
                0x08004fb0                HAL_RCC_PSI_GetConfig
 .text.HAL_RCC_SetSYSCLKSource
                0x08004fe4       0x52 CMakeFiles/workpls.dir/stm32c5xx_drivers/hal/stm32c5xx_hal_rcc.c.obj
                0x08004fe4                HAL_RCC_SetSYSCLKSource
 .text.HAL_RCC_GetSYSCLKSource
                0x08005036       0x12 CMakeFiles/workpls.dir/stm32c5xx_drivers/hal/stm32c5xx_hal_rcc.c.obj
                0x08005036                HAL_RCC_GetSYSCLKSource
 .text.HAL_RCC_SetBusClockConfig
                0x08005048       0x44 CMakeFiles/workpls.dir/stm32c5xx_drivers/hal/stm32c5xx_hal_rcc.c.obj
                0x08005048                HAL_RCC_SetBusClockConfig
 .text.HAL_RCC_GetPSIClockFreq
                0x0800508c       0x9c CMakeFiles/workpls.dir/stm32c5xx_drivers/hal/stm32c5xx_hal_rcc.c.obj
                0x0800508c                HAL_RCC_GetPSIClockFreq
 .text.HAL_RCC_GetSYSCLKFreq
                0x08005128       0x4c CMakeFiles/workpls.dir/stm32c5xx_drivers/hal/stm32c5xx_hal_rcc.c.obj
                0x08005128                HAL_RCC_GetSYSCLKFreq
 .text.HAL_RCC_GetHCLKFreq
                0x08005174       0x20 CMakeFiles/workpls.dir/stm32c5xx_drivers/hal/stm32c5xx_hal_rcc.c.obj
                0x08005174                HAL_RCC_GetHCLKFreq
 .text.HAL_RCC_GetPCLK1Freq
                0x08005194       0x24 CMakeFiles/workpls.dir/stm32c5xx_drivers/hal/stm32c5xx_hal_rcc.c.obj
                0x08005194                HAL_RCC_GetPCLK1Freq
 .text.HAL_RCC_GetPCLK2Freq
                0x080051b8       0x24 CMakeFiles/workpls.dir/stm32c5xx_drivers/hal/stm32c5xx_hal_rcc.c.obj
                0x080051b8                HAL_RCC_GetPCLK2Freq
 .text.HAL_RCC_GetPCLK3Freq
                0x080051dc       0x24 CMakeFiles/workpls.dir/stm32c5xx_drivers/hal/stm32c5xx_hal_rcc.c.obj
                0x080051dc                HAL_RCC_GetPCLK3Freq
 .text.HAL_RCC_USART2_SetKernelClkSource
                0x08005200       0x1a CMakeFiles/workpls.dir/stm32c5xx_drivers/hal/stm32c5xx_hal_rcc.c.obj
                0x08005200                HAL_RCC_USART2_SetKernelClkSource
 *fill*         0x0800521a        0x2 
 .text.HAL_RCC_UART_GetKernelClkFreq
                0x0800521c       0xa0 CMakeFiles/workpls.dir/stm32c5xx_drivers/hal/stm32c5xx_hal_rcc.c.obj
                0x0800521c                HAL_RCC_UART_GetKernelClkFreq
 .text.HAL_RCC_USART1_GetKernelClkFreq
                0x080052bc       0xb0 CMakeFiles/workpls.dir/stm32c5xx_drivers/hal/stm32c5xx_hal_rcc.c.obj
                0x080052bc                HAL_RCC_USART1_GetKernelClkFreq
 .text.HAL_RCC_USART2_GetKernelClkFreq
                0x0800536c       0xb4 CMakeFiles/workpls.dir/stm32c5xx_drivers/hal/stm32c5xx_hal_rcc.c.obj
                0x0800536c                HAL_RCC_USART2_GetKernelClkFreq
 .text.HAL_RCC_USART3_GetKernelClkFreq
                0x08005420       0xb4 CMakeFiles/workpls.dir/stm32c5xx_drivers/hal/stm32c5xx_hal_rcc.c.obj
                0x08005420                HAL_RCC_USART3_GetKernelClkFreq
 .text.HAL_RCC_UART4_GetKernelClkFreq
                0x080054d4       0xb4 CMakeFiles/workpls.dir/stm32c5xx_drivers/hal/stm32c5xx_hal_rcc.c.obj
                0x080054d4                HAL_RCC_UART4_GetKernelClkFreq
 .text.HAL_RCC_UART5_GetKernelClkFreq
                0x08005588       0xb4 CMakeFiles/workpls.dir/stm32c5xx_drivers/hal/stm32c5xx_hal_rcc.c.obj
                0x08005588                HAL_RCC_UART5_GetKernelClkFreq
 .text.HAL_RCC_LPUART1_GetKernelClkFreq
                0x0800563c       0x88 CMakeFiles/workpls.dir/stm32c5xx_drivers/hal/stm32c5xx_hal_rcc.c.obj
                0x0800563c                HAL_RCC_LPUART1_GetKernelClkFreq
 .text.HAL_RCC_GetSysTickExternalClkFreq
                0x080056c4       0x3e CMakeFiles/workpls.dir/stm32c5xx_drivers/hal/stm32c5xx_hal_rcc.c.obj
                0x080056c4                HAL_RCC_GetSysTickExternalClkFreq
 .text.RCC_WaitForTimeout
                0x08005702       0x54 CMakeFiles/workpls.dir/stm32c5xx_drivers/hal/stm32c5xx_hal_rcc.c.obj
 .text.RCC_GetDividerValue
                0x08005756      0x132 CMakeFiles/workpls.dir/stm32c5xx_drivers/hal/stm32c5xx_hal_rcc.c.obj
 .text.LL_TIM_EnableUpdateEvent
                0x08005888       0x20 CMakeFiles/workpls.dir/stm32c5xx_drivers/hal/stm32c5xx_hal_tim.c.obj
 .text.LL_TIM_SetUpdateSource
                0x080058a8       0x26 CMakeFiles/workpls.dir/stm32c5xx_drivers/hal/stm32c5xx_hal_tim.c.obj
 .text.LL_TIM_GetUpdateSource
                0x080058ce       0x1c CMakeFiles/workpls.dir/stm32c5xx_drivers/hal/stm32c5xx_hal_tim.c.obj
 .text.LL_TIM_SetCounterMode
                0x080058ea       0x26 CMakeFiles/workpls.dir/stm32c5xx_drivers/hal/stm32c5xx_hal_tim.c.obj
 .text.LL_TIM_SetClockDivision
                0x08005910       0x26 CMakeFiles/workpls.dir/stm32c5xx_drivers/hal/stm32c5xx_hal_tim.c.obj
 .text.LL_TIM_SetClockDivision2
                0x08005936       0x26 CMakeFiles/workpls.dir/stm32c5xx_drivers/hal/stm32c5xx_hal_tim.c.obj
 .text.LL_TIM_SetPrescaler
                0x0800595c       0x1c CMakeFiles/workpls.dir/stm32c5xx_drivers/hal/stm32c5xx_hal_tim.c.obj
 .text.LL_TIM_SetAutoReload
                0x08005978       0x1c CMakeFiles/workpls.dir/stm32c5xx_drivers/hal/stm32c5xx_hal_tim.c.obj
 .text.LL_TIM_SetRepetitionCounter
                0x08005994       0x1c CMakeFiles/workpls.dir/stm32c5xx_drivers/hal/stm32c5xx_hal_tim.c.obj
 .text.LL_TIM_SetClockSource
                0x080059b0       0x2a CMakeFiles/workpls.dir/stm32c5xx_drivers/hal/stm32c5xx_hal_tim.c.obj
 .text.LL_TIM_SetTriggerInput
                0x080059da       0x2a CMakeFiles/workpls.dir/stm32c5xx_drivers/hal/stm32c5xx_hal_tim.c.obj
 .text.LL_TIM_GenerateEvent_UPDATE
                0x08005a04       0x20 CMakeFiles/workpls.dir/stm32c5xx_drivers/hal/stm32c5xx_hal_tim.c.obj
 .text.TIM_SetClockSource
                0x08005a24       0xb4 CMakeFiles/workpls.dir/stm32c5xx_drivers/hal/stm32c5xx_hal_tim.c.obj
 .text.HAL_TIM_Init
                0x08005ad8       0x54 CMakeFiles/workpls.dir/stm32c5xx_drivers/hal/stm32c5xx_hal_tim.c.obj
                0x08005ad8                HAL_TIM_Init
 .text.HAL_TIM_SetConfig
                0x08005b2c      0x130 CMakeFiles/workpls.dir/stm32c5xx_drivers/hal/stm32c5xx_hal_tim.c.obj
                0x08005b2c                HAL_TIM_SetConfig
 .text.HAL_TIM_SetDTSPrescaler
                0x08005c5c       0x28 CMakeFiles/workpls.dir/stm32c5xx_drivers/hal/stm32c5xx_hal_tim.c.obj
                0x08005c5c                HAL_TIM_SetDTSPrescaler
 .text.HAL_TIM_SetDTS2Prescaler
                0x08005c84       0x24 CMakeFiles/workpls.dir/stm32c5xx_drivers/hal/stm32c5xx_hal_tim.c.obj
                0x08005c84                HAL_TIM_SetDTS2Prescaler
 .text.HAL_TIM_EnableUpdateGeneration
                0x08005ca8       0x1e CMakeFiles/workpls.dir/stm32c5xx_drivers/hal/stm32c5xx_hal_tim.c.obj
                0x08005ca8                HAL_TIM_EnableUpdateGeneration
 .text.HAL_TIM_SetUpdateSource
                0x08005cc6       0x28 CMakeFiles/workpls.dir/stm32c5xx_drivers/hal/stm32c5xx_hal_tim.c.obj
                0x08005cc6                HAL_TIM_SetUpdateSource
 .text.LL_USART_Enable
                0x08005cee       0x20 CMakeFiles/workpls.dir/stm32c5xx_drivers/hal/stm32c5xx_hal_uart.c.obj
 .text.LL_USART_Disable
                0x08005d0e       0x20 CMakeFiles/workpls.dir/stm32c5xx_drivers/hal/stm32c5xx_hal_uart.c.obj
 .text.LL_USART_IsEnabled
                0x08005d2e       0x26 CMakeFiles/workpls.dir/stm32c5xx_drivers/hal/stm32c5xx_hal_uart.c.obj
 .text.LL_USART_ConfigXfer
                0x08005d54       0x3c CMakeFiles/workpls.dir/stm32c5xx_drivers/hal/stm32c5xx_hal_uart.c.obj
 .text.LL_USART_IsEnabledDirectionRx
                0x08005d90       0x26 CMakeFiles/workpls.dir/stm32c5xx_drivers/hal/stm32c5xx_hal_uart.c.obj
 .text.LL_USART_IsEnabledDirectionTx
                0x08005db6       0x26 CMakeFiles/workpls.dir/stm32c5xx_drivers/hal/stm32c5xx_hal_uart.c.obj
 .text.LL_USART_SetTransferDirection
                0x08005ddc       0x48 CMakeFiles/workpls.dir/stm32c5xx_drivers/hal/stm32c5xx_hal_uart.c.obj
 .text.LL_USART_SetPrescaler
                0x08005e24       0x28 CMakeFiles/workpls.dir/stm32c5xx_drivers/hal/stm32c5xx_hal_uart.c.obj
 .text.LL_USART_DisableRxTimeout
                0x08005e4c       0x20 CMakeFiles/workpls.dir/stm32c5xx_drivers/hal/stm32c5xx_hal_uart.c.obj
 .text.LL_USART_SetHWFlowCtrl
                0x08005e6c       0x26 CMakeFiles/workpls.dir/stm32c5xx_drivers/hal/stm32c5xx_hal_uart.c.obj
 .text.LL_USART_EnableOneBitSample
                0x08005e92       0x20 CMakeFiles/workpls.dir/stm32c5xx_drivers/hal/stm32c5xx_hal_uart.c.obj
 .text.LL_USART_DisableOneBitSample
                0x08005eb2       0x20 CMakeFiles/workpls.dir/stm32c5xx_drivers/hal/stm32c5xx_hal_uart.c.obj
 *fill*         0x08005ed2        0x2 
 .text.LL_USART_SetBaudRate
                0x08005ed4       0x9c CMakeFiles/workpls.dir/stm32c5xx_drivers/hal/stm32c5xx_hal_uart.c.obj
 .text.LL_USART_IsEnabledHalfDuplex
                0x08005f70       0x26 CMakeFiles/workpls.dir/stm32c5xx_drivers/hal/stm32c5xx_hal_uart.c.obj
 .text.LL_USART_ConfigAsyncMode
                0x08005f96       0x2c CMakeFiles/workpls.dir/stm32c5xx_drivers/hal/stm32c5xx_hal_uart.c.obj
 .text.LL_USART_IsActiveFlag_RTO
                0x08005fc2       0x28 CMakeFiles/workpls.dir/stm32c5xx_drivers/hal/stm32c5xx_hal_uart.c.obj
 .text.LL_USART_IsActiveFlag_TEACK
                0x08005fea       0x28 CMakeFiles/workpls.dir/stm32c5xx_drivers/hal/stm32c5xx_hal_uart.c.obj
 .text.LL_USART_IsActiveFlag_REACK
                0x08006012       0x28 CMakeFiles/workpls.dir/stm32c5xx_drivers/hal/stm32c5xx_hal_uart.c.obj
 .text.LL_USART_ClearFlag_PE
                0x0800603a       0x1a CMakeFiles/workpls.dir/stm32c5xx_drivers/hal/stm32c5xx_hal_uart.c.obj
 .text.LL_USART_ClearFlag_FE
                0x08006054       0x1a CMakeFiles/workpls.dir/stm32c5xx_drivers/hal/stm32c5xx_hal_uart.c.obj
 .text.LL_USART_ClearFlag_NE
                0x0800606e       0x1a CMakeFiles/workpls.dir/stm32c5xx_drivers/hal/stm32c5xx_hal_uart.c.obj
 .text.LL_USART_ClearFlag_ORE
                0x08006088       0x1a CMakeFiles/workpls.dir/stm32c5xx_drivers/hal/stm32c5xx_hal_uart.c.obj
 .text.LL_USART_ClearFlag_IDLE
                0x080060a2       0x1a CMakeFiles/workpls.dir/stm32c5xx_drivers/hal/stm32c5xx_hal_uart.c.obj
 .text.LL_USART_ClearFlag_LBD
                0x080060bc       0x1c CMakeFiles/workpls.dir/stm32c5xx_drivers/hal/stm32c5xx_hal_uart.c.obj
 .text.LL_USART_ClearFlag_RTO
                0x080060d8       0x1c CMakeFiles/workpls.dir/stm32c5xx_drivers/hal/stm32c5xx_hal_uart.c.obj
 .text.LL_USART_ClearFlag_CM
                0x080060f4       0x1c CMakeFiles/workpls.dir/stm32c5xx_drivers/hal/stm32c5xx_hal_uart.c.obj
 .text.LL_USART_ClearFlag_WKUP
                0x08006110       0x1c CMakeFiles/workpls.dir/stm32c5xx_drivers/hal/stm32c5xx_hal_uart.c.obj
 .text.LL_USART_DisableIT_CR1
                0x0800612c       0x46 CMakeFiles/workpls.dir/stm32c5xx_drivers/hal/stm32c5xx_hal_uart.c.obj
 .text.LL_USART_DisableIT_IDLE
                0x08006172       0x42 CMakeFiles/workpls.dir/stm32c5xx_drivers/hal/stm32c5xx_hal_uart.c.obj
 .text.LL_USART_DisableIT_TC
                0x080061b4       0x42 CMakeFiles/workpls.dir/stm32c5xx_drivers/hal/stm32c5xx_hal_uart.c.obj
 .text.LL_USART_DisableIT_CM
                0x080061f6       0x42 CMakeFiles/workpls.dir/stm32c5xx_drivers/hal/stm32c5xx_hal_uart.c.obj
 .text.LL_USART_DisableIT_RTO
                0x08006238       0x42 CMakeFiles/workpls.dir/stm32c5xx_drivers/hal/stm32c5xx_hal_uart.c.obj
 .text.LL_USART_DisableIT_RXFF
                0x0800627a       0x42 CMakeFiles/workpls.dir/stm32c5xx_drivers/hal/stm32c5xx_hal_uart.c.obj
 .text.LL_USART_DisableIT_LBD
                0x080062bc       0x20 CMakeFiles/workpls.dir/stm32c5xx_drivers/hal/stm32c5xx_hal_uart.c.obj
 .text.LL_USART_DisableIT_CR3
                0x080062dc       0x4a CMakeFiles/workpls.dir/stm32c5xx_drivers/hal/stm32c5xx_hal_uart.c.obj
 .text.LL_USART_IsEnabledIT_RXFF
                0x08006326       0x28 CMakeFiles/workpls.dir/stm32c5xx_drivers/hal/stm32c5xx_hal_uart.c.obj
 .text.LL_USART_IsEnabledIT_LBD
                0x0800634e       0x26 CMakeFiles/workpls.dir/stm32c5xx_drivers/hal/stm32c5xx_hal_uart.c.obj
 .text.LL_USART_IsEnabledDMAReq_RX
                0x08006374       0x26 CMakeFiles/workpls.dir/stm32c5xx_drivers/hal/stm32c5xx_hal_uart.c.obj
 .text.LL_USART_TransmitData8
                0x0800639a       0x1e CMakeFiles/workpls.dir/stm32c5xx_drivers/hal/stm32c5xx_hal_uart.c.obj
 .text.LL_USART_TransmitData9
                0x080063b8       0x22 CMakeFiles/workpls.dir/stm32c5xx_drivers/hal/stm32c5xx_hal_uart.c.obj
 *fill*         0x080063da        0x2 
 .text.LL_LPUART_DIV
                0x080063dc       0x8c CMakeFiles/workpls.dir/stm32c5xx_drivers/hal/stm32c5xx_hal_uart.c.obj
 .text.LL_LPUART_ConfigXfer
                0x08006468       0x3c CMakeFiles/workpls.dir/stm32c5xx_drivers/hal/stm32c5xx_hal_uart.c.obj
 .text.LL_LPUART_SetBaudRate
                0x080064a4       0x2c CMakeFiles/workpls.dir/stm32c5xx_drivers/hal/stm32c5xx_hal_uart.c.obj
 .text.HAL_UART_Init
                0x080064d0       0x5e CMakeFiles/workpls.dir/stm32c5xx_drivers/hal/stm32c5xx_hal_uart.c.obj
                0x080064d0                HAL_UART_Init
 *fill*         0x0800652e        0x2 
 .text.HAL_UART_SetConfig
                0x08006530      0x198 CMakeFiles/workpls.dir/stm32c5xx_drivers/hal/stm32c5xx_hal_uart.c.obj
                0x08006530                HAL_UART_SetConfig
 .text.HAL_UART_Transmit
                0x080066c8      0x13e CMakeFiles/workpls.dir/stm32c5xx_drivers/hal/stm32c5xx_hal_uart.c.obj
                0x080066c8                HAL_UART_Transmit
 *fill*         0x08006806        0x2 
 .text.HAL_UART_IRQHandler
                0x08006808      0x3b8 CMakeFiles/workpls.dir/stm32c5xx_drivers/hal/stm32c5xx_hal_uart.c.obj
                0x08006808                HAL_UART_IRQHandler
 .text.HAL_UART_TxCpltCallback
                0x08006bc0       0x14 CMakeFiles/workpls.dir/stm32c5xx_drivers/hal/stm32c5xx_hal_uart.c.obj
                0x08006bc0                HAL_UART_TxCpltCallback
 .text.HAL_UART_RxCpltCallback
                0x08006bd4       0x1a CMakeFiles/workpls.dir/stm32c5xx_drivers/hal/stm32c5xx_hal_uart.c.obj
                0x08006bd4                HAL_UART_RxCpltCallback
 .text.HAL_UART_ErrorCallback
                0x08006bee       0x14 CMakeFiles/workpls.dir/stm32c5xx_drivers/hal/stm32c5xx_hal_uart.c.obj
                0x08006bee                HAL_UART_ErrorCallback
 .text.HAL_UART_WakeupCallback
                0x08006c02       0x14 CMakeFiles/workpls.dir/stm32c5xx_drivers/hal/stm32c5xx_hal_uart.c.obj
                0x08006c02                HAL_UART_WakeupCallback
 .text.HAL_UART_RxFifoFullCallback
                0x08006c16       0x14 CMakeFiles/workpls.dir/stm32c5xx_drivers/hal/stm32c5xx_hal_uart.c.obj
                0x08006c16                HAL_UART_RxFifoFullCallback
 .text.HAL_UART_TxFifoEmptyCallback
                0x08006c2a       0x14 CMakeFiles/workpls.dir/stm32c5xx_drivers/hal/stm32c5xx_hal_uart.c.obj
                0x08006c2a                HAL_UART_TxFifoEmptyCallback
 .text.HAL_UART_LINBreakCallback
                0x08006c3e       0x14 CMakeFiles/workpls.dir/stm32c5xx_drivers/hal/stm32c5xx_hal_uart.c.obj
                0x08006c3e                HAL_UART_LINBreakCallback
 .text.HAL_UART_ClearToSendCallback
                0x08006c52       0x14 CMakeFiles/workpls.dir/stm32c5xx_drivers/hal/stm32c5xx_hal_uart.c.obj
                0x08006c52                HAL_UART_ClearToSendCallback
 *fill*         0x08006c66        0x2 
 .text.UART_CheckEnabledState
                0x08006c68       0xb0 CMakeFiles/workpls.dir/stm32c5xx_drivers/hal/stm32c5xx_hal_uart.c.obj
 .text.UART_WaitOnFlagUntilTimeout
                0x08006d18       0xb6 CMakeFiles/workpls.dir/stm32c5xx_drivers/hal/stm32c5xx_hal_uart.c.obj
 *fill*         0x08006dce        0x2 
 .text.UART_EndRxTransfer
                0x08006dd0       0xbc CMakeFiles/workpls.dir/stm32c5xx_drivers/hal/stm32c5xx_hal_uart.c.obj
 .text.UART_EndTransmit_IT
                0x08006e8c       0x30 CMakeFiles/workpls.dir/stm32c5xx_drivers/hal/stm32c5xx_hal_uart.c.obj
 .text._kill    0x08006ebc       0x20 CMakeFiles/workpls.dir/utilities/syscalls/syscalls.c.obj
                0x08006ebc                _kill
 .text._exit    0x08006edc       0x16 CMakeFiles/workpls.dir/utilities/syscalls/syscalls.c.obj
                0x08006edc                _exit
 *fill*         0x08006ef2        0x2 
 .text._sbrk    0x08006ef4       0x6c CMakeFiles/workpls.dir/utilities/syscalls/sysmem.c.obj
                0x08006ef4                _sbrk
 .text.snprintf
                0x08006f60       0x6c D:/STM32CubeIDE_1.19.0/STM32CubeIDE/plugins/com.st.stm32cube.ide.mcu.externaltools.gnu-tools-for-stm32.14.3.rel1.win32_1.0.100.202602081740/tools/bin/../lib/gcc/arm-none-eabi/14.3.1/../../../../arm-none-eabi/lib/thumb/v8-m.main+fp/hard\libc_nano.a(libc_a-snprintf.o)
                0x08006f60                sniprintf
                0x08006f60                snprintf
 .text.__errno  0x08006fcc        0xc D:/STM32CubeIDE_1.19.0/STM32CubeIDE/plugins/com.st.stm32cube.ide.mcu.externaltools.gnu-tools-for-stm32.14.3.rel1.win32_1.0.100.202602081740/tools/bin/../lib/gcc/arm-none-eabi/14.3.1/../../../../arm-none-eabi/lib/thumb/v8-m.main+fp/hard\libc_nano.a(libc_a-errno.o)
                0x08006fcc                __errno
 .text.memcpy   0x08006fd8       0x1a D:/STM32CubeIDE_1.19.0/STM32CubeIDE/plugins/com.st.stm32cube.ide.mcu.externaltools.gnu-tools-for-stm32.14.3.rel1.win32_1.0.100.202602081740/tools/bin/../lib/gcc/arm-none-eabi/14.3.1/../../../../arm-none-eabi/lib/thumb/v8-m.main+fp/hard\libc_nano.a(libc_a-memcpy-stub.o)
                0x08006fd8                memcpy
 .text.__ssputs_r
                0x08006ff2       0xc0 D:/STM32CubeIDE_1.19.0/STM32CubeIDE/plugins/com.st.stm32cube.ide.mcu.externaltools.gnu-tools-for-stm32.14.3.rel1.win32_1.0.100.202602081740/tools/bin/../lib/gcc/arm-none-eabi/14.3.1/../../../../arm-none-eabi/lib/thumb/v8-m.main+fp/hard\libc_nano.a(libc_a-nano-svfprintf.o)
                0x08006ff2                __ssputs_r
 *fill*         0x080070b2        0x2 
 .text._svfprintf_r
                0x080070b4      0x1f0 D:/STM32CubeIDE_1.19.0/STM32CubeIDE/plugins/com.st.stm32cube.ide.mcu.externaltools.gnu-tools-for-stm32.14.3.rel1.win32_1.0.100.202602081740/tools/bin/../lib/gcc/arm-none-eabi/14.3.1/../../../../arm-none-eabi/lib/thumb/v8-m.main+fp/hard\libc_nano.a(libc_a-nano-svfprintf.o)
                0x080070b4                _svfiprintf_r
                0x080070b4                _svfprintf_r
 .text._printf_common
                0x080072a4       0xe4 D:/STM32CubeIDE_1.19.0/STM32CubeIDE/plugins/com.st.stm32cube.ide.mcu.externaltools.gnu-tools-for-stm32.14.3.rel1.win32_1.0.100.202602081740/tools/bin/../lib/gcc/arm-none-eabi/14.3.1/../../../../arm-none-eabi/lib/thumb/v8-m.main+fp/hard\libc_nano.a(libc_a-nano-vfprintf_i.o)
                0x080072a4                _printf_common
 .text._printf_i
                0x08007388      0x24c D:/STM32CubeIDE_1.19.0/STM32CubeIDE/plugins/com.st.stm32cube.ide.mcu.externaltools.gnu-tools-for-stm32.14.3.rel1.win32_1.0.100.202602081740/tools/bin/../lib/gcc/arm-none-eabi/14.3.1/../../../../arm-none-eabi/lib/thumb/v8-m.main+fp/hard\libc_nano.a(libc_a-nano-vfprintf_i.o)
                0x08007388                _printf_i
 .text.memmove  0x080075d4       0x32 D:/STM32CubeIDE_1.19.0/STM32CubeIDE/plugins/com.st.stm32cube.ide.mcu.externaltools.gnu-tools-for-stm32.14.3.rel1.win32_1.0.100.202602081740/tools/bin/../lib/gcc/arm-none-eabi/14.3.1/../../../../arm-none-eabi/lib/thumb/v8-m.main+fp/hard\libc_nano.a(libc_a-memmove.o)
                0x080075d4                memmove
 .text.memchr   0x08007606       0x1c D:/STM32CubeIDE_1.19.0/STM32CubeIDE/plugins/com.st.stm32cube.ide.mcu.externaltools.gnu-tools-for-stm32.14.3.rel1.win32_1.0.100.202602081740/tools/bin/../lib/gcc/arm-none-eabi/14.3.1/../../../../arm-none-eabi/lib/thumb/v8-m.main+fp/hard\libc_nano.a(libc_a-memchr-stub.o)
                0x08007606                memchr
 .text._realloc_r
                0x08007622       0x5c D:/STM32CubeIDE_1.19.0/STM32CubeIDE/plugins/com.st.stm32cube.ide.mcu.externaltools.gnu-tools-for-stm32.14.3.rel1.win32_1.0.100.202602081740/tools/bin/../lib/gcc/arm-none-eabi/14.3.1/../../../../arm-none-eabi/lib/thumb/v8-m.main+fp/hard\libc_nano.a(libc_a-reallocr.o)
                0x08007622                _realloc_r
 .text._malloc_usable_size_r
                0x0800767e       0x10 D:/STM32CubeIDE_1.19.0/STM32CubeIDE/plugins/com.st.stm32cube.ide.mcu.externaltools.gnu-tools-for-stm32.14.3.rel1.win32_1.0.100.202602081740/tools/bin/../lib/gcc/arm-none-eabi/14.3.1/../../../../arm-none-eabi/lib/thumb/v8-m.main+fp/hard\libc_nano.a(libc_a-msizer.o)
                0x0800767e                _malloc_usable_size_r
 *(.glue_7)
 .glue_7        0x0800768e        0x0 linker stubs
 *(.glue_7t)
 .glue_7t       0x0800768e        0x0 linker stubs
 *(.eh_frame)
 *fill*         0x0800768e        0x2 
 .eh_frame      0x08007690        0x0 D:/STM32CubeIDE_1.19.0/STM32CubeIDE/plugins/com.st.stm32cube.ide.mcu.externaltools.gnu-tools-for-stm32.14.3.rel1.win32_1.0.100.202602081740/tools/bin/../lib/gcc/arm-none-eabi/14.3.1/thumb/v8-m.main+fp/hard/crtbegin.o
 *(.init)
 .init          0x08007690        0x4 D:/STM32CubeIDE_1.19.0/STM32CubeIDE/plugins/com.st.stm32cube.ide.mcu.externaltools.gnu-tools-for-stm32.14.3.rel1.win32_1.0.100.202602081740/tools/bin/../lib/gcc/arm-none-eabi/14.3.1/thumb/v8-m.main+fp/hard/crti.o
                0x08007690                _init
 .init          0x08007694        0x8 D:/STM32CubeIDE_1.19.0/STM32CubeIDE/plugins/com.st.stm32cube.ide.mcu.externaltools.gnu-tools-for-stm32.14.3.rel1.win32_1.0.100.202602081740/tools/bin/../lib/gcc/arm-none-eabi/14.3.1/thumb/v8-m.main+fp/hard/crtn.o
 *(.fini)
 .fini          0x0800769c        0x4 D:/STM32CubeIDE_1.19.0/STM32CubeIDE/plugins/com.st.stm32cube.ide.mcu.externaltools.gnu-tools-for-stm32.14.3.rel1.win32_1.0.100.202602081740/tools/bin/../lib/gcc/arm-none-eabi/14.3.1/thumb/v8-m.main+fp/hard/crti.o
                0x0800769c                _fini
 .fini          0x080076a0        0x8 D:/STM32CubeIDE_1.19.0/STM32CubeIDE/plugins/com.st.stm32cube.ide.mcu.externaltools.gnu-tools-for-stm32.14.3.rel1.win32_1.0.100.202602081740/tools/bin/../lib/gcc/arm-none-eabi/14.3.1/thumb/v8-m.main+fp/hard/crtn.o
                0x080076a8                        . = ALIGN (0x8)
                0x080076a8                        _etext = .

.vfp11_veneer   0x080076a8        0x0
 .vfp11_veneer  0x080076a8        0x0 linker stubs

.v4_bx          0x080076a8        0x0
 .v4_bx         0x080076a8        0x0 linker stubs

.iplt           0x080076a8        0x0
 .iplt          0x080076a8        0x0 D:/STM32CubeIDE_1.19.0/STM32CubeIDE/plugins/com.st.stm32cube.ide.mcu.externaltools.gnu-tools-for-stm32.14.3.rel1.win32_1.0.100.202602081740/tools/bin/../lib/gcc/arm-none-eabi/14.3.1/thumb/v8-m.main+fp/hard/crtbegin.o

.rodata         0x080076a8      0x228
                0x080076a8                        . = ALIGN (0x8)
 *(.rodata)
 .rodata        0x080076a8      0x159 CMakeFiles/workpls.dir/generated/middleware/mx_freertos_app.c.obj
 *fill*         0x08007801        0x3 
 .rodata        0x08007804        0x5 CMakeFiles/workpls.dir/middleware/freertos/tasks.c.obj
 *fill*         0x08007809        0x3 
 .rodata        0x0800780c        0xd CMakeFiles/workpls.dir/middleware/freertos/timers.c.obj
 *(.rodata*)
 *fill*         0x08007819        0x3 
 .rodata.uxTopUsedPriority
                0x0800781c        0x4 CMakeFiles/workpls.dir/middleware/freertos/tasks.c.obj
 .rodata.AHBPrescTable
                0x08007820       0x10 CMakeFiles/workpls.dir/user_modifiable/Device/STM32C562RET6/system_stm32c5xx.c.obj
                0x08007820                AHBPrescTable
 .rodata.APBPrescTable
                0x08007830        0x8 CMakeFiles/workpls.dir/user_modifiable/Device/STM32C562RET6/system_stm32c5xx.c.obj
                0x08007830                APBPrescTable
 .rodata.USART_PRESCALER_TAB
                0x08007838       0x40 CMakeFiles/workpls.dir/stm32c5xx_drivers/hal/stm32c5xx_hal_uart.c.obj
 .rodata.LL_LPUART_PRESCALER_TAB
                0x08007878       0x20 CMakeFiles/workpls.dir/stm32c5xx_drivers/hal/stm32c5xx_hal_uart.c.obj
 .rodata._svfprintf_r.str1.1
                0x08007898       0x33 D:/STM32CubeIDE_1.19.0/STM32CubeIDE/plugins/com.st.stm32cube.ide.mcu.externaltools.gnu-tools-for-stm32.14.3.rel1.win32_1.0.100.202602081740/tools/bin/../lib/gcc/arm-none-eabi/14.3.1/../../../../arm-none-eabi/lib/thumb/v8-m.main+fp/hard\libc_nano.a(libc_a-nano-svfprintf.o)
                                 0x11 (size before relaxing)
 .rodata._printf_i.str1.1
                0x080078cb       0x22 D:/STM32CubeIDE_1.19.0/STM32CubeIDE/plugins/com.st.stm32cube.ide.mcu.externaltools.gnu-tools-for-stm32.14.3.rel1.win32_1.0.100.202602081740/tools/bin/../lib/gcc/arm-none-eabi/14.3.1/../../../../arm-none-eabi/lib/thumb/v8-m.main+fp/hard\libc_nano.a(libc_a-nano-vfprintf_i.o)
                0x080078f0                        . = ALIGN (0x8)
 *fill*         0x080078cb        0x5 

.ARM.extab      0x080078d0        0x0
                0x080078d0                        . = ALIGN (0x8)
 *(.ARM.extab* .gnu.linkonce.armextab.*)
                0x080078d0                        . = ALIGN (0x8)

.ARM            0x080078d0        0x8
                0x080078d0                        . = ALIGN (0x8)
                0x080078d0                        __exidx_start = .
 *(.ARM.exidx*)
 .ARM.exidx     0x080078d0        0x8 D:/STM32CubeIDE_1.19.0/STM32CubeIDE/plugins/com.st.stm32cube.ide.mcu.externaltools.gnu-tools-for-stm32.14.3.rel1.win32_1.0.100.202602081740/tools/bin/../lib/gcc/arm-none-eabi/14.3.1/../../../../arm-none-eabi/lib/thumb/v8-m.main+fp/hard/crt0.o
                                 0x10 (size before relaxing)
 .ARM.exidx     0x080078d8        0x0 D:/STM32CubeIDE_1.19.0/STM32CubeIDE/plugins/com.st.stm32cube.ide.mcu.externaltools.gnu-tools-for-stm32.14.3.rel1.win32_1.0.100.202602081740/tools/bin/../lib/gcc/arm-none-eabi/14.3.1/thumb/v8-m.main+fp/hard\libgcc.a(_udivmoddi4.o)
                                  0x8 (size before relaxing)
 .ARM.exidx     0x080078d8        0x0 D:/STM32CubeIDE_1.19.0/STM32CubeIDE/plugins/com.st.stm32cube.ide.mcu.externaltools.gnu-tools-for-stm32.14.3.rel1.win32_1.0.100.202602081740/tools/bin/../lib/gcc/arm-none-eabi/14.3.1/../../../../arm-none-eabi/lib/thumb/v8-m.main+fp/hard\libc_nano.a(libc_a-strcmp.o)
                                  0x8 (size before relaxing)
 .ARM.exidx     0x080078d8        0x0 D:/STM32CubeIDE_1.19.0/STM32CubeIDE/plugins/com.st.stm32cube.ide.mcu.externaltools.gnu-tools-for-stm32.14.3.rel1.win32_1.0.100.202602081740/tools/bin/../lib/gcc/arm-none-eabi/14.3.1/../../../../arm-none-eabi/lib/thumb/v8-m.main+fp/hard\libc_nano.a(libc_a-strlen.o)
                                  0x8 (size before relaxing)
                0x080078d8                        __exidx_end = .
                0x080078d8                        . = ALIGN (0x8)

.preinit_array  0x080078d8        0x0
                0x080078d8                        . = ALIGN (0x8)
                0x080078d8                        PROVIDE (__preinit_array_start = .)
 *(.preinit_array*)
                0x080078d8                        PROVIDE (__preinit_array_end = .)
                0x080078d8                        . = ALIGN (0x8)

.init_array     0x080078d8        0x8
                0x080078d8                        . = ALIGN (0x8)
                0x080078d8                        PROVIDE (__init_array_start = .)
 *(SORT_BY_NAME(.init_array.*))
 *(.init_array*)
 .init_array    0x080078d8        0x4 D:/STM32CubeIDE_1.19.0/STM32CubeIDE/plugins/com.st.stm32cube.ide.mcu.externaltools.gnu-tools-for-stm32.14.3.rel1.win32_1.0.100.202602081740/tools/bin/../lib/gcc/arm-none-eabi/14.3.1/thumb/v8-m.main+fp/hard/crtbegin.o
                0x080078dc                        PROVIDE (__init_array_end = .)
                0x080078e0                        . = ALIGN (0x8)
 *fill*         0x080078dc        0x4 

.fini_array     0x080078e0        0x8
                0x080078e0                        . = ALIGN (0x8)
                [!provide]                        PROVIDE (__fini_array_start = .)
 *(SORT_BY_NAME(.fini_array.*))
 *(.fini_array*)
 .fini_array    0x080078e0        0x4 D:/STM32CubeIDE_1.19.0/STM32CubeIDE/plugins/com.st.stm32cube.ide.mcu.externaltools.gnu-tools-for-stm32.14.3.rel1.win32_1.0.100.202602081740/tools/bin/../lib/gcc/arm-none-eabi/14.3.1/thumb/v8-m.main+fp/hard/crtbegin.o
                [!provide]                        PROVIDE (__fini_array_end = .)
                0x080078e8                        . = ALIGN (0x8)
 *fill*         0x080078e4        0x4 

.copy.table     0x080078e8        0xc
                0x080078e8                        . = ALIGN (0x8)
                0x080078e8                        __copy_table_start__ = .
                0x080078e8        0x4 LONG 0x8007900 LOADADDR (.data)
                0x080078ec        0x4 LONG 0x20000000 ADDR (.data)
                0x080078f0        0x4 LONG 0x18 (SIZEOF (.data) / 0x4)
                0x080078f4                        __copy_table_end__ = .

.zero.table     0x080078f4        0xc
                0x080078f8                        . = ALIGN (0x8)
 *fill*         0x080078f4        0x4 
                0x080078f8                        __zero_table_start__ = .
                0x080078f8        0x4 LONG 0x20000060 ADDR (.bss)
                0x080078fc        0x4 LONG 0x96e (SIZEOF (.bss) / 0x4)
                0x08007900                        __zero_table_end__ = .

.rel.dyn        0x08007900        0x0
 .rel.iplt      0x08007900        0x0 D:/STM32CubeIDE_1.19.0/STM32CubeIDE/plugins/com.st.stm32cube.ide.mcu.externaltools.gnu-tools-for-stm32.14.3.rel1.win32_1.0.100.202602081740/tools/bin/../lib/gcc/arm-none-eabi/14.3.1/thumb/v8-m.main+fp/hard/crtbegin.o

.data           0x20000000       0x60 load address 0x08007900
                0x20000000                        . = ALIGN (0x8)
                0x08007900                        _sidata = LOADADDR (.data)
                0x20000000                        __data_start__ = .
                0x20000000                        _sdata = .
 *(.data)
 *(.data*)
 .data._impure_ptr
                0x20000000        0x4 D:/STM32CubeIDE_1.19.0/STM32CubeIDE/plugins/com.st.stm32cube.ide.mcu.externaltools.gnu-tools-for-stm32.14.3.rel1.win32_1.0.100.202602081740/tools/bin/../lib/gcc/arm-none-eabi/14.3.1/../../../../arm-none-eabi/lib/thumb/v8-m.main+fp/hard\libc_nano.a(libc_a-impure.o)
                0x20000000                _impure_ptr
 .data._impure_data
                0x20000004       0x4c D:/STM32CubeIDE_1.19.0/STM32CubeIDE/plugins/com.st.stm32cube.ide.mcu.externaltools.gnu-tools-for-stm32.14.3.rel1.win32_1.0.100.202602081740/tools/bin/../lib/gcc/arm-none-eabi/14.3.1/../../../../arm-none-eabi/lib/thumb/v8-m.main+fp/hard\libc_nano.a(libc_a-impure.o)
                0x20000004                _impure_data
 .data.ulCriticalNesting
                0x20000050        0x4 CMakeFiles/workpls.dir/middleware/freertos/portable/GCC/ARM_CM33_NTZ/non_secure/port.c.obj
 .data.SystemCoreClock
                0x20000054        0x4 CMakeFiles/workpls.dir/user_modifiable/Device/STM32C562RET6/system_stm32c5xx.c.obj
                0x20000054                SystemCoreClock
 .data.uwTickPrio
                0x20000058        0x4 CMakeFiles/workpls.dir/stm32c5xx_drivers/hal/stm32c5xx_hal.c.obj
                0x20000058                uwTickPrio
 .data.uwTickFreq
                0x2000005c        0x1 CMakeFiles/workpls.dir/stm32c5xx_drivers/hal/stm32c5xx_hal.c.obj
                0x2000005c                uwTickFreq
                0x20000060                        . = ALIGN (0x8)
 *fill*         0x2000005d        0x3 
                0x20000060                        _edata = .

.igot.plt       0x20000060        0x0 load address 0x08007960
 .igot.plt      0x20000060        0x0 D:/STM32CubeIDE_1.19.0/STM32CubeIDE/plugins/com.st.stm32cube.ide.mcu.externaltools.gnu-tools-for-stm32.14.3.rel1.win32_1.0.100.202602081740/tools/bin/../lib/gcc/arm-none-eabi/14.3.1/thumb/v8-m.main+fp/hard/crtbegin.o

.bss            0x20000060     0x25b8 load address 0x08007960
                0x20000060                        . = ALIGN (0x8)
                0x20000060                        _sbss = .
                0x20000060                        __bss_start__ = _sbss
 *(.bss)
 .bss           0x20000060       0x1c D:/STM32CubeIDE_1.19.0/STM32CubeIDE/plugins/com.st.stm32cube.ide.mcu.externaltools.gnu-tools-for-stm32.14.3.rel1.win32_1.0.100.202602081740/tools/bin/../lib/gcc/arm-none-eabi/14.3.1/thumb/v8-m.main+fp/hard/crtbegin.o
 *(.bss*)
 .bss.__sf      0x2000007c      0x138 D:/STM32CubeIDE_1.19.0/STM32CubeIDE/plugins/com.st.stm32cube.ide.mcu.externaltools.gnu-tools-for-stm32.14.3.rel1.win32_1.0.100.202602081740/tools/bin/../lib/gcc/arm-none-eabi/14.3.1/../../../../arm-none-eabi/lib/thumb/v8-m.main+fp/hard\libc_nano.a(libc_a-findfp.o)
                0x2000007c                __sf
 .bss.__stdio_exit_handler
                0x200001b4        0x4 D:/STM32CubeIDE_1.19.0/STM32CubeIDE/plugins/com.st.stm32cube.ide.mcu.externaltools.gnu-tools-for-stm32.14.3.rel1.win32_1.0.100.202602081740/tools/bin/../lib/gcc/arm-none-eabi/14.3.1/../../../../arm-none-eabi/lib/thumb/v8-m.main+fp/hard\libc_nano.a(libc_a-findfp.o)
                0x200001b4                __stdio_exit_handler
 .bss.errno     0x200001b8        0x4 D:/STM32CubeIDE_1.19.0/STM32CubeIDE/plugins/com.st.stm32cube.ide.mcu.externaltools.gnu-tools-for-stm32.14.3.rel1.win32_1.0.100.202602081740/tools/bin/../lib/gcc/arm-none-eabi/14.3.1/../../../../arm-none-eabi/lib/thumb/v8-m.main+fp/hard\libc_nano.a(libc_a-reent.o)
                0x200001b8                errno
 .bss.__lock___malloc_recursive_mutex
                0x200001bc        0x1 D:/STM32CubeIDE_1.19.0/STM32CubeIDE/plugins/com.st.stm32cube.ide.mcu.externaltools.gnu-tools-for-stm32.14.3.rel1.win32_1.0.100.202602081740/tools/bin/../lib/gcc/arm-none-eabi/14.3.1/../../../../arm-none-eabi/lib/thumb/v8-m.main+fp/hard\libc_nano.a(libc_a-lock.o)
                0x200001bc                __lock___malloc_recursive_mutex
 *fill*         0x200001bd        0x3 
 .bss.__malloc_sbrk_start
                0x200001c0        0x4 D:/STM32CubeIDE_1.19.0/STM32CubeIDE/plugins/com.st.stm32cube.ide.mcu.externaltools.gnu-tools-for-stm32.14.3.rel1.win32_1.0.100.202602081740/tools/bin/../lib/gcc/arm-none-eabi/14.3.1/../../../../arm-none-eabi/lib/thumb/v8-m.main+fp/hard\libc_nano.a(libc_a-mallocr.o)
                0x200001c0                __malloc_sbrk_start
 .bss.__malloc_free_list
                0x200001c4        0x4 D:/STM32CubeIDE_1.19.0/STM32CubeIDE/plugins/com.st.stm32cube.ide.mcu.externaltools.gnu-tools-for-stm32.14.3.rel1.win32_1.0.100.202602081740/tools/bin/../lib/gcc/arm-none-eabi/14.3.1/../../../../arm-none-eabi/lib/thumb/v8-m.main+fp/hard\libc_nano.a(libc_a-mallocr.o)
                0x200001c4                __malloc_free_list
 .bss.husart2   0x200001c8        0x4 CMakeFiles/workpls.dir/generated/middleware/mx_freertos_app.c.obj
                0x200001c8                husart2
 .bss.Task1_Handle
                0x200001cc        0x4 CMakeFiles/workpls.dir/generated/middleware/mx_freertos_app.c.obj
 .bss.Task2_Handle
                0x200001d0        0x4 CMakeFiles/workpls.dir/generated/middleware/mx_freertos_app.c.obj
 .bss.hICACHE   0x200001d4        0x8 CMakeFiles/workpls.dir/generated/hal/mx_icache.c.obj
 .bss.hTIM2     0x200001dc       0x34 CMakeFiles/workpls.dir/generated/hal/mx_tim2.c.obj
 .bss.hUSART2   0x20000210       0x3c CMakeFiles/workpls.dir/generated/hal/mx_usart2.c.obj
 .bss.xQueueRegistry
                0x2000024c       0x40 CMakeFiles/workpls.dir/middleware/freertos/queue.c.obj
                0x2000024c                xQueueRegistry
 .bss.pxCurrentTCB
                0x2000028c        0x4 CMakeFiles/workpls.dir/middleware/freertos/tasks.c.obj
                0x2000028c                pxCurrentTCB
 .bss.pxReadyTasksLists
                0x20000290      0x280 CMakeFiles/workpls.dir/middleware/freertos/tasks.c.obj
 .bss.xDelayedTaskList1
                0x20000510       0x14 CMakeFiles/workpls.dir/middleware/freertos/tasks.c.obj
 .bss.xDelayedTaskList2
                0x20000524       0x14 CMakeFiles/workpls.dir/middleware/freertos/tasks.c.obj
 .bss.pxDelayedTaskList
                0x20000538        0x4 CMakeFiles/workpls.dir/middleware/freertos/tasks.c.obj
 .bss.pxOverflowDelayedTaskList
                0x2000053c        0x4 CMakeFiles/workpls.dir/middleware/freertos/tasks.c.obj
 .bss.xPendingReadyList
                0x20000540       0x14 CMakeFiles/workpls.dir/middleware/freertos/tasks.c.obj
 .bss.xTasksWaitingTermination
                0x20000554       0x14 CMakeFiles/workpls.dir/middleware/freertos/tasks.c.obj
 .bss.uxDeletedTasksWaitingCleanUp
                0x20000568        0x4 CMakeFiles/workpls.dir/middleware/freertos/tasks.c.obj
 .bss.xSuspendedTaskList
                0x2000056c       0x14 CMakeFiles/workpls.dir/middleware/freertos/tasks.c.obj
 .bss.uxCurrentNumberOfTasks
                0x20000580        0x4 CMakeFiles/workpls.dir/middleware/freertos/tasks.c.obj
 .bss.xTickCount
                0x20000584        0x4 CMakeFiles/workpls.dir/middleware/freertos/tasks.c.obj
 .bss.uxTopReadyPriority
                0x20000588        0x4 CMakeFiles/workpls.dir/middleware/freertos/tasks.c.obj
 .bss.xSchedulerRunning
                0x2000058c        0x4 CMakeFiles/workpls.dir/middleware/freertos/tasks.c.obj
 .bss.xPendedTicks
                0x20000590        0x4 CMakeFiles/workpls.dir/middleware/freertos/tasks.c.obj
 .bss.xYieldPendings
                0x20000594        0x4 CMakeFiles/workpls.dir/middleware/freertos/tasks.c.obj
 .bss.xNumOfOverflows
                0x20000598        0x4 CMakeFiles/workpls.dir/middleware/freertos/tasks.c.obj
 .bss.uxTaskNumber
                0x2000059c        0x4 CMakeFiles/workpls.dir/middleware/freertos/tasks.c.obj
 .bss.xNextTaskUnblockTime
                0x200005a0        0x4 CMakeFiles/workpls.dir/middleware/freertos/tasks.c.obj
 .bss.xIdleTaskHandles
                0x200005a4        0x4 CMakeFiles/workpls.dir/middleware/freertos/tasks.c.obj
 .bss.uxSchedulerSuspended
                0x200005a8        0x4 CMakeFiles/workpls.dir/middleware/freertos/tasks.c.obj
 .bss.xActiveTimerList1
                0x200005ac       0x14 CMakeFiles/workpls.dir/middleware/freertos/timers.c.obj
 .bss.xActiveTimerList2
                0x200005c0       0x14 CMakeFiles/workpls.dir/middleware/freertos/timers.c.obj
 .bss.pxCurrentTimerList
                0x200005d4        0x4 CMakeFiles/workpls.dir/middleware/freertos/timers.c.obj
 .bss.pxOverflowTimerList
                0x200005d8        0x4 CMakeFiles/workpls.dir/middleware/freertos/timers.c.obj
 .bss.xTimerQueue
                0x200005dc        0x4 CMakeFiles/workpls.dir/middleware/freertos/timers.c.obj
 .bss.xTimerTaskHandle
                0x200005e0        0x4 CMakeFiles/workpls.dir/middleware/freertos/timers.c.obj
 .bss.xLastTime.0
                0x200005e4        0x4 CMakeFiles/workpls.dir/middleware/freertos/timers.c.obj
 .bss.ucMaxSysCallPriority
                0x200005e8        0x1 CMakeFiles/workpls.dir/middleware/freertos/portable/GCC/ARM_CM33_NTZ/non_secure/port.c.obj
 *fill*         0x200005e9        0x3 
 .bss.ulMaxPRIGROUPValue
                0x200005ec        0x4 CMakeFiles/workpls.dir/middleware/freertos/portable/GCC/ARM_CM33_NTZ/non_secure/port.c.obj
 .bss.ucHeap    0x200005f0     0x2000 CMakeFiles/workpls.dir/middleware/freertos/portable/MemMang/heap_4.c.obj
 .bss.xStart    0x200025f0        0x8 CMakeFiles/workpls.dir/middleware/freertos/portable/MemMang/heap_4.c.obj
 .bss.pxEnd     0x200025f8        0x4 CMakeFiles/workpls.dir/middleware/freertos/portable/MemMang/heap_4.c.obj
 .bss.xFreeBytesRemaining
                0x200025fc        0x4 CMakeFiles/workpls.dir/middleware/freertos/portable/MemMang/heap_4.c.obj
 .bss.xMinimumEverFreeBytesRemaining
                0x20002600        0x4 CMakeFiles/workpls.dir/middleware/freertos/portable/MemMang/heap_4.c.obj
 .bss.xNumberOfSuccessfulAllocations
                0x20002604        0x4 CMakeFiles/workpls.dir/middleware/freertos/portable/MemMang/heap_4.c.obj
 .bss.xNumberOfSuccessfulFrees
                0x20002608        0x4 CMakeFiles/workpls.dir/middleware/freertos/portable/MemMang/heap_4.c.obj
 .bss.uwTick    0x2000260c        0x4 CMakeFiles/workpls.dir/stm32c5xx_drivers/hal/stm32c5xx_hal.c.obj
                0x2000260c                uwTick
 .bss.__sbrk_heap_end
                0x20002610        0x4 CMakeFiles/workpls.dir/utilities/syscalls/sysmem.c.obj
 *(COMMON)
                0x20002618                        . = ALIGN (0x8)
 *fill*         0x20002614        0x4 
                0x20002618                        _ebss = .
                0x20002618                        __bss_end__ = _ebss

.heap           0x20002618      0x200 load address 0x08007960
                0x20002618                        . = ALIGN (0x8)
                0x20002618                        __end__ = .
                [!provide]                        PROVIDE (end = .)
                0x20002618                        _heap_start = .
                0x20002818                        . = (. + HEAP_SIZE)
 *fill*         0x20002618      0x200 
                0x20002818                        . = ALIGN (0x8)
                0x20002818                        _heap_end = .
                0x20002818                        __HeapLimit = .

.stack          0x20002818      0x400 load address 0x08007960
                0x20002818                        . = ALIGN (0x8)
                0x20002818                        __StackLimit = .
                0x20002c18                        . = (. + STACK_SIZE)
 *fill*         0x20002818      0x400 
                0x20002c18                        . = ALIGN (0x8)
                0x20002c18                        __StackTop = .
                0x20002c18                        _estack = .
                0x20002c18                        __stack = .

/DISCARD/
 libc.a(*)
 libm.a(*)
 libgcc.a(*)

.ARM.attributes
                0x00000000       0x36
 *(.ARM.attributes)
 .ARM.attributes
                0x00000000       0x26 D:/STM32CubeIDE_1.19.0/STM32CubeIDE/plugins/com.st.stm32cube.ide.mcu.externaltools.gnu-tools-for-stm32.14.3.rel1.win32_1.0.100.202602081740/tools/bin/../lib/gcc/arm-none-eabi/14.3.1/thumb/v8-m.main+fp/hard/crti.o
 .ARM.attributes
                0x00000026       0x38 D:/STM32CubeIDE_1.19.0/STM32CubeIDE/plugins/com.st.stm32cube.ide.mcu.externaltools.gnu-tools-for-stm32.14.3.rel1.win32_1.0.100.202602081740/tools/bin/../lib/gcc/arm-none-eabi/14.3.1/thumb/v8-m.main+fp/hard/crtbegin.o
 .ARM.attributes
                0x0000005e       0x24 D:/STM32CubeIDE_1.19.0/STM32CubeIDE/plugins/com.st.stm32cube.ide.mcu.externaltools.gnu-tools-for-stm32.14.3.rel1.win32_1.0.100.202602081740/tools/bin/../lib/gcc/arm-none-eabi/14.3.1/../../../../arm-none-eabi/lib/thumb/v8-m.main+fp/hard/crt0.o
 .ARM.attributes
                0x00000082       0x38 D:/STM32CubeIDE_1.19.0/STM32CubeIDE/plugins/com.st.stm32cube.ide.mcu.externaltools.gnu-tools-for-stm32.14.3.rel1.win32_1.0.100.202602081740/tools/bin/../lib/gcc/arm-none-eabi/14.3.1/../../../../arm-none-eabi/lib/thumb/v8-m.main+fp/hard\libc_nano.a(libc_a-exit.o)
 .ARM.attributes
                0x000000ba       0x38 D:/STM32CubeIDE_1.19.0/STM32CubeIDE/plugins/com.st.stm32cube.ide.mcu.externaltools.gnu-tools-for-stm32.14.3.rel1.win32_1.0.100.202602081740/tools/bin/../lib/gcc/arm-none-eabi/14.3.1/../../../../arm-none-eabi/lib/thumb/v8-m.main+fp/hard\libc_nano.a(libc_a-findfp.o)
 .ARM.attributes
                0x000000f2       0x38 D:/STM32CubeIDE_1.19.0/STM32CubeIDE/plugins/com.st.stm32cube.ide.mcu.externaltools.gnu-tools-for-stm32.14.3.rel1.win32_1.0.100.202602081740/tools/bin/../lib/gcc/arm-none-eabi/14.3.1/../../../../arm-none-eabi/lib/thumb/v8-m.main+fp/hard\libc_nano.a(libc_a-memset.o)
 .ARM.attributes