C:/Users/wikto/Desktop/test/workpls_cmake/stm32c5xx_drivers/ll/stm32c5xx_ll_rcc.h:911:22:LL_RCC_LSI_Enable	4	static
C:/Users/wikto/Desktop/test/workpls_cmake/stm32c5xx_drivers/ll/stm32c5xx_ll_rcc.h:921:22:LL_RCC_LSI_Disable	4	static
C:/Users/wikto/Desktop/test/workpls_cmake/stm32c5xx_drivers/ll/stm32c5xx_ll_rcc.h:932:26:LL_RCC_LSI_IsReady	4	static
C:/Users/wikto/Desktop/test/workpls_cmake/stm32c5xx_drivers/ll/stm32c5xx_ll_rcc.h:943:26:LL_RCC_LSI_IsEnabled	4	static
C:/Users/wikto/Desktop/test/workpls_cmake/stm32c5xx_drivers/ll/stm32c5xx_ll_rcc.h:1144:22:LL_RCC_HSIS_Enable	4	static
C:/Users/wikto/Desktop/test/workpls_cmake/stm32c5xx_drivers/ll/stm32c5xx_ll_rcc.h:1154:22:LL_RCC_HSIS_Disable	4	static
C:/Users/wikto/Desktop/test/workpls_cmake/stm32c5xx_drivers/ll/stm32c5xx_ll_rcc.h:1165:26:LL_RCC_HSIS_IsEnabled	4	static
C:/Users/wikto/Desktop/test/workpls_cmake/stm32c5xx_drivers/ll/stm32c5xx_ll_rcc.h:1175:22:LL_RCC_HSIDIV3_Enable	4	static
C:/Users/wikto/Desktop/test/workpls_cmake/stm32c5xx_drivers/ll/stm32c5xx_ll_rcc.h:1185:22:LL_RCC_HSIDIV3_Disable	4	static
C:/Users/wikto/Desktop/test/workpls_cmake/stm32c5xx_drivers/ll/stm32c5xx_ll_rcc.h:1196:26:LL_RCC_HSIDIV3_IsEnabled	4	static
C:/Users/wikto/Desktop/test/workpls_cmake/stm32c5xx_drivers/ll/stm32c5xx_ll_rcc.h:1206:22:LL_RCC_HSIK_Enable	4	static
C:/Users/wikto/Desktop/test/workpls_cmake/stm32c5xx_drivers/ll/stm32c5xx_ll_rcc.h:1216:22:LL_RCC_HSIK_Disable	4	static
C:/Users/wikto/Desktop/test/workpls_cmake/stm32c5xx_drivers/ll/stm32c5xx_ll_rcc.h:1227:26:LL_RCC_HSIK_IsEnabled	4	static
C:/Users/wikto/Desktop/test/workpls_cmake/stm32c5xx_drivers/ll/stm32c5xx_ll_rcc.h:1237:22:LL_RCC_HSI_EnableInStopMode	4	static
C:/Users/wikto/Desktop/test/workpls_cmake/stm32c5xx_drivers/ll/stm32c5xx_ll_rcc.h:1247:22:LL_RCC_HSI_DisableInStopMode	4	static
C:/Users/wikto/Desktop/test/workpls_cmake/stm32c5xx_drivers/ll/stm32c5xx_ll_rcc.h:1258:26:LL_RCC_HSI_IsEnabledInStopMode	4	static
C:/Users/wikto/Desktop/test/workpls_cmake/stm32c5xx_drivers/ll/stm32c5xx_ll_rcc.h:1269:26:LL_RCC_HSIS_IsReady	4	static
C:/Users/wikto/Desktop/test/workpls_cmake/stm32c5xx_drivers/ll/stm32c5xx_ll_rcc.h:1280:26:LL_RCC_HSIDIV3_IsReady	4	static
C:/Users/wikto/Desktop/test/workpls_cmake/stm32c5xx_drivers/ll/stm32c5xx_ll_rcc.h:1291:26:LL_RCC_HSIK_IsReady	4	static
C:/Users/wikto/Desktop/test/workpls_cmake/stm32c5xx_drivers/ll/stm32c5xx_ll_rcc.h:1317:22:LL_RCC_HSIK_SetDivider	16	static
C:/Users/wikto/Desktop/test/workpls_cmake/stm32c5xx_drivers/ll/stm32c5xx_ll_rcc.h:1343:26:LL_RCC_HSIK_GetDivider	4	static
C:/Users/wikto/Desktop/test/workpls_cmake/stm32c5xx_drivers/ll/stm32c5xx_ll_rcc.h:1360:22:LL_RCC_PSIS_Enable	4	static
C:/Users/wikto/Desktop/test/workpls_cmake/stm32c5xx_drivers/ll/stm32c5xx_ll_rcc.h:1370:22:LL_RCC_PSIS_Disable	4	static
C:/Users/wikto/Desktop/test/workpls_cmake/stm32c5xx_drivers/ll/stm32c5xx_ll_rcc.h:1381:26:LL_RCC_PSIS_IsEnabled	4	static
C:/Users/wikto/Desktop/test/workpls_cmake/stm32c5xx_drivers/ll/stm32c5xx_ll_rcc.h:1391:22:LL_RCC_PSIDIV3_Enable	4	static
C:/Users/wikto/Desktop/test/workpls_cmake/stm32c5xx_drivers/ll/stm32c5xx_ll_rcc.h:1401:22:LL_RCC_PSIDIV3_Disable	4	static
C:/Users/wikto/Desktop/test/workpls_cmake/stm32c5xx_drivers/ll/stm32c5xx_ll_rcc.h:1412:26:LL_RCC_PSIDIV3_IsEnabled	4	static
C:/Users/wikto/Desktop/test/workpls_cmake/stm32c5xx_drivers/ll/stm32c5xx_ll_rcc.h:1422:22:LL_RCC_PSIK_Enable	4	static
C:/Users/wikto/Desktop/test/workpls_cmake/stm32c5xx_drivers/ll/stm32c5xx_ll_rcc.h:1432:22:LL_RCC_PSIK_Disable	4	static
C:/Users/wikto/Desktop/test/workpls_cmake/stm32c5xx_drivers/ll/stm32c5xx_ll_rcc.h:1443:26:LL_RCC_PSIK_IsEnabled	4	static
C:/Users/wikto/Desktop/test/workpls_cmake/stm32c5xx_drivers/ll/stm32c5xx_ll_rcc.h:1453:22:LL_RCC_PSI_EnableInStopMode	4	static
C:/Users/wikto/Desktop/test/workpls_cmake/stm32c5xx_drivers/ll/stm32c5xx_ll_rcc.h:1463:22:LL_RCC_PSI_DisableInStopMode	4	static
C:/Users/wikto/Desktop/test/workpls_cmake/stm32c5xx_drivers/ll/stm32c5xx_ll_rcc.h:1474:26:LL_RCC_PSI_IsEnabledInStopMode	4	static
C:/Users/wikto/Desktop/test/workpls_cmake/stm32c5xx_drivers/ll/stm32c5xx_ll_rcc.h:1485:26:LL_RCC_PSIS_IsReady	4	static
C:/Users/wikto/Desktop/test/workpls_cmake/stm32c5xx_drivers/ll/stm32c5xx_ll_rcc.h:1496:26:LL_RCC_PSIDIV3_IsReady	4	static
C:/Users/wikto/Desktop/test/workpls_cmake/stm32c5xx_drivers/ll/stm32c5xx_ll_rcc.h:1507:26:LL_RCC_PSIK_IsReady	4	static
C:/Users/wikto/Desktop/test/workpls_cmake/stm32c5xx_drivers/ll/stm32c5xx_ll_rcc.h:1533:22:LL_RCC_PSIK_SetDivider	16	static
C:/Users/wikto/Desktop/test/workpls_cmake/stm32c5xx_drivers/ll/stm32c5xx_ll_rcc.h:1559:26:LL_RCC_PSIK_GetDivider	4	static
C:/Users/wikto/Desktop/test/workpls_cmake/stm32c5xx_drivers/ll/stm32c5xx_ll_rcc.h:1653:26:LL_RCC_GetPSIClkSource	4	static
C:/Users/wikto/Desktop/test/workpls_cmake/stm32c5xx_drivers/ll/stm32c5xx_ll_rcc.h:1682:22:LL_RCC_ConfigPSI	24	static
C:/Users/wikto/Desktop/test/workpls_cmake/stm32c5xx_drivers/ll/stm32c5xx_ll_rcc.h:1697:22:LL_RCC_GetConfigPSI	32	static
C:/Users/wikto/Desktop/test/workpls_cmake/stm32c5xx_drivers/ll/stm32c5xx_ll_rcc.h:1719:22:LL_RCC_HSE_Enable	4	static
C:/Users/wikto/Desktop/test/workpls_cmake/stm32c5xx_drivers/ll/stm32c5xx_ll_rcc.h:1729:22:LL_RCC_HSE_Disable	4	static
C:/Users/wikto/Desktop/test/workpls_cmake/stm32c5xx_drivers/ll/stm32c5xx_ll_rcc.h:1740:26:LL_RCC_HSE_IsEnabled	4	static
C:/Users/wikto/Desktop/test/workpls_cmake/stm32c5xx_drivers/ll/stm32c5xx_ll_rcc.h:1751:26:LL_RCC_HSE_IsReady	4	static
C:/Users/wikto/Desktop/test/workpls_cmake/stm32c5xx_drivers/ll/stm32c5xx_ll_rcc.h:1765:22:LL_RCC_HSE_SetClockMode	16	static
C:/Users/wikto/Desktop/test/workpls_cmake/stm32c5xx_drivers/ll/stm32c5xx_ll_rcc.h:1802:22:LL_RCC_HSE_ConfigBypass	16	static
C:/Users/wikto/Desktop/test/workpls_cmake/stm32c5xx_drivers/ll/stm32c5xx_ll_rcc.h:1812:22:LL_RCC_HSE_DisableBypass	4	static
C:/Users/wikto/Desktop/test/workpls_cmake/stm32c5xx_drivers/ll/stm32c5xx_ll_rcc.h:1853:22:LL_RCC_HSE_EnableCSS	4	static
C:/Users/wikto/Desktop/test/workpls_cmake/stm32c5xx_drivers/ll/stm32c5xx_ll_rcc.h:1872:22:LL_RCC_LSCO_Enable	4	static
C:/Users/wikto/Desktop/test/workpls_cmake/stm32c5xx_drivers/ll/stm32c5xx_ll_rcc.h:1882:22:LL_RCC_LSCO_Disable	4	static
C:/Users/wikto/Desktop/test/workpls_cmake/stm32c5xx_drivers/ll/stm32c5xx_ll_rcc.h:1923:22:LL_RCC_ConfigLSCO	16	static
C:/Users/wikto/Desktop/test/workpls_cmake/stm32c5xx_drivers/ll/stm32c5xx_ll_rcc.h:1946:22:LL_RCC_SetSysClkSource	16	static
C:/Users/wikto/Desktop/test/workpls_cmake/stm32c5xx_drivers/ll/stm32c5xx_ll_rcc.h:1961:26:LL_RCC_GetSysClkSource	4	static
C:/Users/wikto/Desktop/test/workpls_cmake/stm32c5xx_drivers/ll/stm32c5xx_ll_rcc.h:1981:22:LL_RCC_SetAHBPrescaler	16	static
C:/Users/wikto/Desktop/test/workpls_cmake/stm32c5xx_drivers/ll/stm32c5xx_ll_rcc.h:2001:26:LL_RCC_GetAHBPrescaler	4	static
C:/Users/wikto/Desktop/test/workpls_cmake/stm32c5xx_drivers/ll/stm32c5xx_ll_rcc.h:2015:22:LL_RCC_SetSystickClockSource	16	static
C:/Users/wikto/Desktop/test/workpls_cmake/stm32c5xx_drivers/ll/stm32c5xx_ll_rcc.h:2029:26:LL_RCC_GetSystickClockSource	4	static
C:/Users/wikto/Desktop/test/workpls_cmake/stm32c5xx_drivers/ll/stm32c5xx_ll_rcc.h:2045:22:LL_RCC_SetAPB1Prescaler	16	static
C:/Users/wikto/Desktop/test/workpls_cmake/stm32c5xx_drivers/ll/stm32c5xx_ll_rcc.h:2061:26:LL_RCC_GetAPB1Prescaler	4	static
C:/Users/wikto/Desktop/test/workpls_cmake/stm32c5xx_drivers/ll/stm32c5xx_ll_rcc.h:2077:22:LL_RCC_SetAPB2Prescaler	16	static
C:/Users/wikto/Desktop/test/workpls_cmake/stm32c5xx_drivers/ll/stm32c5xx_ll_rcc.h:2093:26:LL_RCC_GetAPB2Prescaler	4	static
C:/Users/wikto/Desktop/test/workpls_cmake/stm32c5xx_drivers/ll/stm32c5xx_ll_rcc.h:2109:22:LL_RCC_SetAPB3Prescaler	16	static
C:/Users/wikto/Desktop/test/workpls_cmake/stm32c5xx_drivers/ll/stm32c5xx_ll_rcc.h:2125:26:LL_RCC_GetAPB3Prescaler	4	static
C:/Users/wikto/Desktop/test/workpls_cmake/stm32c5xx_drivers/ll/stm32c5xx_ll_rcc.h:2164:22:LL_RCC_ConfigBusClock	16	static
C:/Users/wikto/Desktop/test/workpls_cmake/stm32c5xx_drivers/ll/stm32c5xx_ll_rcc.h:2178:22:LL_RCC_SetClkAfterWakeFromStop	16	static
C:/Users/wikto/Desktop/test/workpls_cmake/stm32c5xx_drivers/ll/stm32c5xx_ll_rcc.h:2191:26:LL_RCC_GetClkAfterWakeFromStop	4	static
C:/Users/wikto/Desktop/test/workpls_cmake/stm32c5xx_drivers/ll/stm32c5xx_ll_rcc.h:2263:22:LL_RCC_ConfigMCO	16	static
C:/Users/wikto/Desktop/test/workpls_cmake/stm32c5xx_drivers/ll/stm32c5xx_ll_rcc.h:2353:22:LL_RCC_SetClockSource	24	static
C:/Users/wikto/Desktop/test/workpls_cmake/stm32c5xx_drivers/ll/stm32c5xx_ll_rcc.h:2387:22:LL_RCC_SetUSARTClockSource	16	static
C:/Users/wikto/Desktop/test/workpls_cmake/stm32c5xx_drivers/ll/stm32c5xx_ll_rcc.h:2413:22:LL_RCC_SetUARTClockSource	16	static
C:/Users/wikto/Desktop/test/workpls_cmake/stm32c5xx_drivers/ll/stm32c5xx_ll_rcc.h:2427:22:LL_RCC_SetLPUARTClockSource	16	static
C:/Users/wikto/Desktop/test/workpls_cmake/stm32c5xx_drivers/ll/stm32c5xx_ll_rcc.h:2453:22:LL_RCC_SetSPIClockSource	16	static
C:/Users/wikto/Desktop/test/workpls_cmake/stm32c5xx_drivers/ll/stm32c5xx_ll_rcc.h:2469:22:LL_RCC_SetFDCANClockSource	16	static
C:/Users/wikto/Desktop/test/workpls_cmake/stm32c5xx_drivers/ll/stm32c5xx_ll_rcc.h:2490:22:LL_RCC_SetI2CClockSource	16	static
C:/Users/wikto/Desktop/test/workpls_cmake/stm32c5xx_drivers/ll/stm32c5xx_ll_rcc.h:2504:22:LL_RCC_SetI3CClockSource	16	static
C:/Users/wikto/Desktop/test/workpls_cmake/stm32c5xx_drivers/ll/stm32c5xx_ll_rcc.h:2519:22:LL_RCC_SetADCDACClockSource	16	static
C:/Users/wikto/Desktop/test/workpls_cmake/stm32c5xx_drivers/ll/stm32c5xx_ll_rcc.h:2533:22:LL_RCC_SetADCDACPrescaler	16	static
C:/Users/wikto/Desktop/test/workpls_cmake/stm32c5xx_drivers/ll/stm32c5xx_ll_rcc.h:2546:22:LL_RCC_SetDACSHClockSource	16	static
C:/Users/wikto/Desktop/test/workpls_cmake/stm32c5xx_drivers/ll/stm32c5xx_ll_rcc.h:2561:22:LL_RCC_SetLPTIMClockSource	16	static
C:/Users/wikto/Desktop/test/workpls_cmake/stm32c5xx_drivers/ll/stm32c5xx_ll_rcc.h:2575:22:LL_RCC_SetCK48ClockSource	16	static
C:/Users/wikto/Desktop/test/workpls_cmake/stm32c5xx_drivers/ll/stm32c5xx_ll_rcc.h:2661:22:LL_RCC_ConfigADCDAC	16	static
C:/Users/wikto/Desktop/test/workpls_cmake/stm32c5xx_drivers/ll/stm32c5xx_ll_rcc.h:2674:22:LL_RCC_GetConfigADCDAC	24	static
C:/Users/wikto/Desktop/test/workpls_cmake/stm32c5xx_drivers/ll/stm32c5xx_ll_rcc.h:2865:26:LL_RCC_GetClockSource	24	static
C:/Users/wikto/Desktop/test/workpls_cmake/stm32c5xx_drivers/ll/stm32c5xx_ll_rcc.h:2911:26:LL_RCC_GetUSARTClockSource	16	static
C:/Users/wikto/Desktop/test/workpls_cmake/stm32c5xx_drivers/ll/stm32c5xx_ll_rcc.h:2945:26:LL_RCC_GetUARTClockSource	16	static
C:/Users/wikto/Desktop/test/workpls_cmake/stm32c5xx_drivers/ll/stm32c5xx_ll_rcc.h:2961:26:LL_RCC_GetLPUARTClockSource	16	static
C:/Users/wikto/Desktop/test/workpls_cmake/stm32c5xx_drivers/ll/stm32c5xx_ll_rcc.h:2994:26:LL_RCC_GetSPIClockSource	16	static
C:/Users/wikto/Desktop/test/workpls_cmake/stm32c5xx_drivers/ll/stm32c5xx_ll_rcc.h:3012:26:LL_RCC_GetFDCANClockSource	16	static
C:/Users/wikto/Desktop/test/workpls_cmake/stm32c5xx_drivers/ll/stm32c5xx_ll_rcc.h:3039:26:LL_RCC_GetI2CClockSource	16	static
C:/Users/wikto/Desktop/test/workpls_cmake/stm32c5xx_drivers/ll/stm32c5xx_ll_rcc.h:3054:26:LL_RCC_GetI3CClockSource	16	static
C:/Users/wikto/Desktop/test/workpls_cmake/stm32c5xx_drivers/ll/stm32c5xx_ll_rcc.h:3071:26:LL_RCC_GetADCDACClockSource	16	static
C:/Users/wikto/Desktop/test/workpls_cmake/stm32c5xx_drivers/ll/stm32c5xx_ll_rcc.h:3087:26:LL_RCC_GetADCDACPrescaler	16	static
C:/Users/wikto/Desktop/test/workpls_cmake/stm32c5xx_drivers/ll/stm32c5xx_ll_rcc.h:3103:26:LL_RCC_GetDACSHClockSource	16	static
C:/Users/wikto/Desktop/test/workpls_cmake/stm32c5xx_drivers/ll/stm32c5xx_ll_rcc.h:3121:26:LL_RCC_GetLPTIMClockSource	16	static
C:/Users/wikto/Desktop/test/workpls_cmake/stm32c5xx_drivers/ll/stm32c5xx_ll_rcc.h:3137:26:LL_RCC_GetCKClockSource	16	static
C:/Users/wikto/Desktop/test/workpls_cmake/stm32c5xx_drivers/ll/stm32c5xx_ll_rcc.h:3238:22:LL_RCC_SetRTCClockSource	16	static
C:/Users/wikto/Desktop/test/workpls_cmake/stm32c5xx_drivers/ll/stm32c5xx_ll_rcc.h:3253:26:LL_RCC_GetRTCClockSource	4	static
C:/Users/wikto/Desktop/test/workpls_cmake/stm32c5xx_drivers/ll/stm32c5xx_ll_rcc.h:3263:22:LL_RCC_EnableRTC	4	static
C:/Users/wikto/Desktop/test/workpls_cmake/stm32c5xx_drivers/ll/stm32c5xx_ll_rcc.h:3273:22:LL_RCC_DisableRTC	4	static
C:/Users/wikto/Desktop/test/workpls_cmake/stm32c5xx_drivers/ll/stm32c5xx_ll_rcc.h:3294:22:LL_RCC_ForceRTCDomainReset	4	static
C:/Users/wikto/Desktop/test/workpls_cmake/stm32c5xx_drivers/ll/stm32c5xx_ll_rcc.h:3304:22:LL_RCC_ReleaseRTCDomainReset	4	static
C:/Users/wikto/Desktop/test/workpls_cmake/stm32c5xx_drivers/ll/stm32c5xx_ll_rcc.h:3315:26:LL_RCC_GetRTC_HSEPrescaler	4	static
C:/Users/wikto/Desktop/test/workpls_cmake/stm32c5xx_drivers/ll/stm32c5xx_ll_rcc.h:3327:22:LL_RCC_SetRTC_HSEPrescaler	16	static
C:/Users/wikto/Desktop/test/workpls_cmake/stm32c5xx_drivers/ll/stm32c5xx_ll_rcc.h:3367:22:LL_RCC_ClearFlag	16	static
C:/Users/wikto/Desktop/test/workpls_cmake/stm32c5xx_drivers/ll/stm32c5xx_ll_rcc.h:3504:26:LL_RCC_IsActiveFlag	16	static
C:/Users/wikto/Desktop/test/workpls_cmake/stm32c5xx_drivers/ll/stm32c5xx_ll_rcc.h:3635:22:LL_RCC_ForceClearResetFlags	4	static
C:/Users/wikto/Desktop/test/workpls_cmake/stm32c5xx_drivers/ll/stm32c5xx_ll_rcc.h:3645:22:LL_RCC_ReleaseClearResetFlags	4	static
C:/Users/wikto/Desktop/test/workpls_cmake/stm32c5xx_drivers/ll/stm32c5xx_ll_rcc.h:3732:22:LL_RCC_SetPrivAttr	16	static
C:/Users/wikto/Desktop/test/workpls_cmake/stm32c5xx_drivers/ll/stm32c5xx_ll_rcc.h:3745:26:LL_RCC_GetPrivAttr	16	static
C:/Users/wikto/Desktop/test/workpls_cmake/stm32c5xx_drivers/ll/stm32c5xx_ll_rcc.h:3903:22:LL_RCC_DisableIT	16	static
C:/Users/wikto/Desktop/test/workpls_cmake/stm32c5xx_drivers/ll/stm32c5xx_ll_bus.h:943:26:LL_AHB2_GRP1_IsEnabledClock	16	static
C:/Users/wikto/Desktop/test/workpls_cmake/stm32c5xx_drivers/ll/stm32c5xx_ll_pwr.h:557:26:LL_PWR_IsEnabledRTCDomainWriteProtection	4	static
C:/Users/wikto/Desktop/test/workpls_cmake/stm32c5xx_drivers/hal/stm32c5xx_hal_rcc.h:5338:22:HAL_RCC_ResetRTCDomain	8	static
C:/Users/wikto/Desktop/test/workpls_cmake/stm32c5xx_drivers/hal/stm32c5xx_hal_rcc.c:690:6:HAL_RCC_Reset	16	static
C:/Users/wikto/Desktop/test/workpls_cmake/stm32c5xx_drivers/hal/stm32c5xx_hal_rcc.c:809:14:HAL_RCC_ResetSystemClock	16	static
C:/Users/wikto/Desktop/test/workpls_cmake/stm32c5xx_drivers/hal/stm32c5xx_hal_rcc.c:854:14:HAL_RCC_HSI_EnableInStopMode	8	static
C:/Users/wikto/Desktop/test/workpls_cmake/stm32c5xx_drivers/hal/stm32c5xx_hal_rcc.c:864:14:HAL_RCC_HSI_DisableInStopMode	8	static
C:/Users/wikto/Desktop/test/workpls_cmake/stm32c5xx_drivers/hal/stm32c5xx_hal_rcc.c:876:32:HAL_RCC_HSI_IsEnabledInStopMode	8	static
C:/Users/wikto/Desktop/test/workpls_cmake/stm32c5xx_drivers/hal/stm32c5xx_hal_rcc.c:887:14:HAL_RCC_HSIS_Enable	8	static
C:/Users/wikto/Desktop/test/workpls_cmake/stm32c5xx_drivers/hal/stm32c5xx_hal_rcc.c:902:14:HAL_RCC_HSIS_Disable	24	static
C:/Users/wikto/Desktop/test/workpls_cmake/stm32c5xx_drivers/hal/stm32c5xx_hal_rcc.c:932:29:HAL_RCC_HSIS_IsEnabled	8	static
C:/Users/wikto/Desktop/test/workpls_cmake/stm32c5xx_drivers/hal/stm32c5xx_hal_rcc.c:943:28:HAL_RCC_HSIS_IsReady	8	static
C:/Users/wikto/Desktop/test/workpls_cmake/stm32c5xx_drivers/hal/stm32c5xx_hal_rcc.c:954:14:HAL_RCC_HSIDIV3_Enable	8	static
C:/Users/wikto/Desktop/test/workpls_cmake/stm32c5xx_drivers/hal/stm32c5xx_hal_rcc.c:970:14:HAL_RCC_HSIDIV3_Disable	16	static
C:/Users/wikto/Desktop/test/workpls_cmake/stm32c5xx_drivers/hal/stm32c5xx_hal_rcc.c:997:29:HAL_RCC_HSIDIV3_IsEnabled	8	static
C:/Users/wikto/Desktop/test/workpls_cmake/stm32c5xx_drivers/hal/stm32c5xx_hal_rcc.c:1008:28:HAL_RCC_HSIDIV3_IsReady	8	static
C:/Users/wikto/Desktop/test/workpls_cmake/stm32c5xx_drivers/hal/stm32c5xx_hal_rcc.c:1020:14:HAL_RCC_HSIK_Enable	16	static
C:/Users/wikto/Desktop/test/workpls_cmake/stm32c5xx_drivers/hal/stm32c5xx_hal_rcc.c:1039:14:HAL_RCC_HSIK_Disable	16	static
C:/Users/wikto/Desktop/test/workpls_cmake/stm32c5xx_drivers/hal/stm32c5xx_hal_rcc.c:1055:29:HAL_RCC_HSIK_IsEnabled	8	static
C:/Users/wikto/Desktop/test/workpls_cmake/stm32c5xx_drivers/hal/stm32c5xx_hal_rcc.c:1066:28:HAL_RCC_HSIK_IsReady	8	static
C:/Users/wikto/Desktop/test/workpls_cmake/stm32c5xx_drivers/hal/stm32c5xx_hal_rcc.c:1075:20:HAL_RCC_HSIK_GetDivider	8	static
C:/Users/wikto/Desktop/test/workpls_cmake/stm32c5xx_drivers/hal/stm32c5xx_hal_rcc.c:1085:14:HAL_RCC_LSI_Enable	8	static
C:/Users/wikto/Desktop/test/workpls_cmake/stm32c5xx_drivers/hal/stm32c5xx_hal_rcc.c:1099:14:HAL_RCC_LSI_Disable	8	static
C:/Users/wikto/Desktop/test/workpls_cmake/stm32c5xx_drivers/hal/stm32c5xx_hal_rcc.c:1112:29:HAL_RCC_LSI_IsEnabled	8	static
C:/Users/wikto/Desktop/test/workpls_cmake/stm32c5xx_drivers/hal/stm32c5xx_hal_rcc.c:1123:28:HAL_RCC_LSI_IsReady	8	static
C:/Users/wikto/Desktop/test/workpls_cmake/stm32c5xx_drivers/hal/stm32c5xx_hal_rcc.c:1140:14:HAL_RCC_HSE_Enable	16	static
C:/Users/wikto/Desktop/test/workpls_cmake/stm32c5xx_drivers/hal/stm32c5xx_hal_rcc.c:1164:14:HAL_RCC_HSE_Disable	24	static
C:/Users/wikto/Desktop/test/workpls_cmake/stm32c5xx_drivers/hal/stm32c5xx_hal_rcc.c:1197:29:HAL_RCC_HSE_IsEnabled	8	static
C:/Users/wikto/Desktop/test/workpls_cmake/stm32c5xx_drivers/hal/stm32c5xx_hal_rcc.c:1208:28:HAL_RCC_HSE_IsReady	8	static
C:/Users/wikto/Desktop/test/workpls_cmake/stm32c5xx_drivers/hal/stm32c5xx_hal_rcc.c:1328:14:HAL_RCC_PSI_EnableInStopMode	8	static
C:/Users/wikto/Desktop/test/workpls_cmake/stm32c5xx_drivers/hal/stm32c5xx_hal_rcc.c:1338:14:HAL_RCC_PSI_DisableInStopMode	8	static
C:/Users/wikto/Desktop/test/workpls_cmake/stm32c5xx_drivers/hal/stm32c5xx_hal_rcc.c:1350:32:HAL_RCC_PSI_IsEnabledInStopMode	8	static
C:/Users/wikto/Desktop/test/workpls_cmake/stm32c5xx_drivers/hal/stm32c5xx_hal_rcc.c:1361:14:HAL_RCC_PSIS_Enable	8	static
C:/Users/wikto/Desktop/test/workpls_cmake/stm32c5xx_drivers/hal/stm32c5xx_hal_rcc.c:1376:14:HAL_RCC_PSIS_Disable	16	static
C:/Users/wikto/Desktop/test/workpls_cmake/stm32c5xx_drivers/hal/stm32c5xx_hal_rcc.c:1403:29:HAL_RCC_PSIS_IsEnabled	8	static
C:/Users/wikto/Desktop/test/workpls_cmake/stm32c5xx_drivers/hal/stm32c5xx_hal_rcc.c:1414:28:HAL_RCC_PSIS_IsReady	8	static
C:/Users/wikto/Desktop/test/workpls_cmake/stm32c5xx_drivers/hal/stm32c5xx_hal_rcc.c:1425:14:HAL_RCC_PSIDIV3_Enable	8	static
C:/Users/wikto/Desktop/test/workpls_cmake/stm32c5xx_drivers/hal/stm32c5xx_hal_rcc.c:1440:14:HAL_RCC_PSIDIV3_Disable	16	static
C:/Users/wikto/Desktop/test/workpls_cmake/stm32c5xx_drivers/hal/stm32c5xx_hal_rcc.c:1457:29:HAL_RCC_PSIDIV3_IsEnabled	8	static
C:/Users/wikto/Desktop/test/workpls_cmake/stm32c5xx_drivers/hal/stm32c5xx_hal_rcc.c:1468:28:HAL_RCC_PSIDIV3_IsReady	8	static
C:/Users/wikto/Desktop/test/workpls_cmake/stm32c5xx_drivers/hal/stm32c5xx_hal_rcc.c:1480:14:HAL_RCC_PSIK_Enable	16	static
C:/Users/wikto/Desktop/test/workpls_cmake/stm32c5xx_drivers/hal/stm32c5xx_hal_rcc.c:1499:14:HAL_RCC_PSIK_Disable	16	static
C:/Users/wikto/Desktop/test/workpls_cmake/stm32c5xx_drivers/hal/stm32c5xx_hal_rcc.c:1515:29:HAL_RCC_PSIK_IsEnabled	8	static
C:/Users/wikto/Desktop/test/workpls_cmake/stm32c5xx_drivers/hal/stm32c5xx_hal_rcc.c:1526:28:HAL_RCC_PSIK_IsReady	8	static
C:/Users/wikto/Desktop/test/workpls_cmake/stm32c5xx_drivers/hal/stm32c5xx_hal_rcc.c:1535:20:HAL_RCC_PSIK_GetDivider	8	static
C:/Users/wikto/Desktop/test/workpls_cmake/stm32c5xx_drivers/hal/stm32c5xx_hal_rcc.c:1552:14:HAL_RCC_PSI_SetConfig	32	static
C:/Users/wikto/Desktop/test/workpls_cmake/stm32c5xx_drivers/hal/stm32c5xx_hal_rcc.c:1590:6:HAL_RCC_PSI_GetConfig	32	static
C:/Users/wikto/Desktop/test/workpls_cmake/stm32c5xx_drivers/hal/stm32c5xx_hal_rcc.c:1625:14:HAL_RCC_SetSYSCLKSource	24	static
C:/Users/wikto/Desktop/test/workpls_cmake/stm32c5xx_drivers/hal/stm32c5xx_hal_rcc.c:1652:22:HAL_RCC_GetSYSCLKSource	8	static
C:/Users/wikto/Desktop/test/workpls_cmake/stm32c5xx_drivers/hal/stm32c5xx_hal_rcc.c:1661:6:HAL_RCC_SetSysTickExternalClkSource	16	static
C:/Users/wikto/Desktop/test/workpls_cmake/stm32c5xx_drivers/hal/stm32c5xx_hal_rcc.c:1672:27:HAL_RCC_GetSysTickExternalClkSource	8	static
C:/Users/wikto/Desktop/test/workpls_cmake/stm32c5xx_drivers/hal/stm32c5xx_hal_rcc.c:1681:6:HAL_RCC_SetHCLKPrescaler	16	static
C:/Users/wikto/Desktop/test/workpls_cmake/stm32c5xx_drivers/hal/stm32c5xx_hal_rcc.c:1692:6:HAL_RCC_SetPCLK1Prescaler	16	static
C:/Users/wikto/Desktop/test/workpls_cmake/stm32c5xx_drivers/hal/stm32c5xx_hal_rcc.c:1703:6:HAL_RCC_SetPCLK2Prescaler	16	static
C:/Users/wikto/Desktop/test/workpls_cmake/stm32c5xx_drivers/hal/stm32c5xx_hal_rcc.c:1714:6:HAL_RCC_SetPCLK3Prescaler	16	static
C:/Users/wikto/Desktop/test/workpls_cmake/stm32c5xx_drivers/hal/stm32c5xx_hal_rcc.c:1725:26:HAL_RCC_GetHCLKPrescaler	8	static
C:/Users/wikto/Desktop/test/workpls_cmake/stm32c5xx_drivers/hal/stm32c5xx_hal_rcc.c:1734:26:HAL_RCC_GetPCLK1Prescaler	8	static
C:/Users/wikto/Desktop/test/workpls_cmake/stm32c5xx_drivers/hal/stm32c5xx_hal_rcc.c:1743:26:HAL_RCC_GetPCLK2Prescaler	8	static
C:/Users/wikto/Desktop/test/workpls_cmake/stm32c5xx_drivers/hal/stm32c5xx_hal_rcc.c:1752:26:HAL_RCC_GetPCLK3Prescaler	8	static
C:/Users/wikto/Desktop/test/workpls_cmake/stm32c5xx_drivers/hal/stm32c5xx_hal_rcc.c:1765:14:HAL_RCC_SetBusClockConfig	16	static
C:/Users/wikto/Desktop/test/workpls_cmake/stm32c5xx_drivers/hal/stm32c5xx_hal_rcc.c:1792:6:HAL_RCC_GetBusClockConfig	16	static
C:/Users/wikto/Desktop/test/workpls_cmake/stm32c5xx_drivers/hal/stm32c5xx_hal_rcc.c:1815:10:HAL_RCC_GetPSIClockFreq	24	static
C:/Users/wikto/Desktop/test/workpls_cmake/stm32c5xx_drivers/hal/stm32c5xx_hal_rcc.c:1886:10:HAL_RCC_GetSYSCLKFreq	16	static
C:/Users/wikto/Desktop/test/workpls_cmake/stm32c5xx_drivers/hal/stm32c5xx_hal_rcc.c:1923:10:HAL_RCC_GetHCLKFreq	16	static
C:/Users/wikto/Desktop/test/workpls_cmake/stm32c5xx_drivers/hal/stm32c5xx_hal_rcc.c:1934:10:HAL_RCC_GetPCLK1Freq	16	static
C:/Users/wikto/Desktop/test/workpls_cmake/stm32c5xx_drivers/hal/stm32c5xx_hal_rcc.c:1946:10:HAL_RCC_GetPCLK2Freq	16	static
C:/Users/wikto/Desktop/test/workpls_cmake/stm32c5xx_drivers/hal/stm32c5xx_hal_rcc.c:1958:10:HAL_RCC_GetPCLK3Freq	16	static
C:/Users/wikto/Desktop/test/workpls_cmake/stm32c5xx_drivers/hal/stm32c5xx_hal_rcc.c:1981:6:HAL_RCC_SetConfigMCO	16	static
C:/Users/wikto/Desktop/test/workpls_cmake/stm32c5xx_drivers/hal/stm32c5xx_hal_rcc.c:1993:10:HAL_RCC_GetResetSource	16	static
C:/Users/wikto/Desktop/test/workpls_cmake/stm32c5xx_drivers/hal/stm32c5xx_hal_rcc.c:2006:6:HAL_RCC_ClearResetFlags	8	static
C:/Users/wikto/Desktop/test/workpls_cmake/stm32c5xx_drivers/hal/stm32c5xx_hal_rcc.c:2022:6:HAL_RCC_HSE_EnableCSS	8	static
C:/Users/wikto/Desktop/test/workpls_cmake/stm32c5xx_drivers/hal/stm32c5xx_hal_rcc.c:2034:14:HAL_RCC_NMI_IRQHandler	16	static
C:/Users/wikto/Desktop/test/workpls_cmake/stm32c5xx_drivers/hal/stm32c5xx_hal_rcc.c:2067:21:HAL_RCC_HSE_CSSCallback	4	static
C:/Users/wikto/Desktop/test/workpls_cmake/stm32c5xx_drivers/hal/stm32c5xx_hal_rcc.c:2081:7:HAL_RCC_RTC_SetHSEPrescaler	16	static
C:/Users/wikto/Desktop/test/workpls_cmake/stm32c5xx_drivers/hal/stm32c5xx_hal_rcc.c:2092:10:HAL_RCC_RTC_GetHSEPrescaler	8	static
C:/Users/wikto/Desktop/test/workpls_cmake/stm32c5xx_drivers/hal/stm32c5xx_hal_rcc.c:2106:6:HAL_RCC_SetClockAfterWakeFromStop	16	static
C:/Users/wikto/Desktop/test/workpls_cmake/stm32c5xx_drivers/hal/stm32c5xx_hal_rcc.c:2118:27:HAL_RCC_GetClockAfterWakeFromStop	8	static
C:/Users/wikto/Desktop/test/workpls_cmake/stm32c5xx_drivers/hal/stm32c5xx_hal_rcc.c:2166:14:HAL_RCC_EnableLSCO	16	static
C:/Users/wikto/Desktop/test/workpls_cmake/stm32c5xx_drivers/hal/stm32c5xx_hal_rcc.c:2188:14:HAL_RCC_DisableLSCO	8	static
C:/Users/wikto/Desktop/test/workpls_cmake/stm32c5xx_drivers/hal/stm32c5xx_hal_rcc.c:2206:14:HAL_RCC_RTC_EnableKernelClock	8	static
C:/Users/wikto/Desktop/test/workpls_cmake/stm32c5xx_drivers/hal/stm32c5xx_hal_rcc.c:2224:14:HAL_RCC_RTC_DisableKernelClock	8	static
C:/Users/wikto/Desktop/test/workpls_cmake/stm32c5xx_drivers/hal/stm32c5xx_hal_rcc.c:2247:14:HAL_RCC_USART1_SetKernelClkSource	16	static
C:/Users/wikto/Desktop/test/workpls_cmake/stm32c5xx_drivers/hal/stm32c5xx_hal_rcc.c:2260:14:HAL_RCC_USART2_SetKernelClkSource	16	static
C:/Users/wikto/Desktop/test/workpls_cmake/stm32c5xx_drivers/hal/stm32c5xx_hal_rcc.c:2274:14:HAL_RCC_USART3_SetKernelClkSource	16	static
C:/Users/wikto/Desktop/test/workpls_cmake/stm32c5xx_drivers/hal/stm32c5xx_hal_rcc.c:2288:14:HAL_RCC_UART4_SetKernelClkSource	16	static
C:/Users/wikto/Desktop/test/workpls_cmake/stm32c5xx_drivers/hal/stm32c5xx_hal_rcc.c:2301:14:HAL_RCC_UART5_SetKernelClkSource	16	static
C:/Users/wikto/Desktop/test/workpls_cmake/stm32c5xx_drivers/hal/stm32c5xx_hal_rcc.c:2344:14:HAL_RCC_LPUART1_SetKernelClkSource	16	static
C:/Users/wikto/Desktop/test/workpls_cmake/stm32c5xx_drivers/hal/stm32c5xx_hal_rcc.c:2357:14:HAL_RCC_SPI1_SetKernelClkSource	16	static
C:/Users/wikto/Desktop/test/workpls_cmake/stm32c5xx_drivers/hal/stm32c5xx_hal_rcc.c:2370:14:HAL_RCC_SPI2_SetKernelClkSource	16	static
C:/Users/wikto/Desktop/test/workpls_cmake/stm32c5xx_drivers/hal/stm32c5xx_hal_rcc.c:2384:14:HAL_RCC_SPI3_SetKernelClkSource	16	static
C:/Users/wikto/Desktop/test/workpls_cmake/stm32c5xx_drivers/hal/stm32c5xx_hal_rcc.c:2401:14:HAL_RCC_FDCAN_SetKernelClkSource	16	static
C:/Users/wikto/Desktop/test/workpls_cmake/stm32c5xx_drivers/hal/stm32c5xx_hal_rcc.c:2415:14:HAL_RCC_I2C1_SetKernelClkSource	16	static
C:/Users/wikto/Desktop/test/workpls_cmake/stm32c5xx_drivers/hal/stm32c5xx_hal_rcc.c:2429:14:HAL_RCC_I2C2_SetKernelClkSource	16	static
C:/Users/wikto/Desktop/test/workpls_cmake/stm32c5xx_drivers/hal/stm32c5xx_hal_rcc.c:2443:14:HAL_RCC_I3C1_SetKernelClkSource	16	static
C:/Users/wikto/Desktop/test/workpls_cmake/stm32c5xx_drivers/hal/stm32c5xx_hal_rcc.c:2457:14:HAL_RCC_ADCDAC_SetKernelClkSource	16	static
C:/Users/wikto/Desktop/test/workpls_cmake/stm32c5xx_drivers/hal/stm32c5xx_hal_rcc.c:2470:14:HAL_RCC_DAC1_SetSampleHoldClkSource	16	static
C:/Users/wikto/Desktop/test/workpls_cmake/stm32c5xx_drivers/hal/stm32c5xx_hal_rcc.c:2484:14:HAL_RCC_LPTIM1_SetKernelClkSource	16	static
C:/Users/wikto/Desktop/test/workpls_cmake/stm32c5xx_drivers/hal/stm32c5xx_hal_rcc.c:2498:14:HAL_RCC_CK48_SetKernelClkSource	16	static
C:/Users/wikto/Desktop/test/workpls_cmake/stm32c5xx_drivers/hal/stm32c5xx_hal_rcc.c:2569:14:HAL_RCC_RTC_SetKernelClkSource	24	static
C:/Users/wikto/Desktop/test/workpls_cmake/stm32c5xx_drivers/hal/stm32c5xx_hal_rcc.c:2613:26:HAL_RCC_USART1_GetKernelClkSource	8	static
C:/Users/wikto/Desktop/test/workpls_cmake/stm32c5xx_drivers/hal/stm32c5xx_hal_rcc.c:2622:26:HAL_RCC_USART2_GetKernelClkSource	8	static
C:/Users/wikto/Desktop/test/workpls_cmake/stm32c5xx_drivers/hal/stm32c5xx_hal_rcc.c:2632:26:HAL_RCC_USART3_GetKernelClkSource	8	static
C:/Users/wikto/Desktop/test/workpls_cmake/stm32c5xx_drivers/hal/stm32c5xx_hal_rcc.c:2642:25:HAL_RCC_UART4_GetKernelClkSource	8	static
C:/Users/wikto/Desktop/test/workpls_cmake/stm32c5xx_drivers/hal/stm32c5xx_hal_rcc.c:2651:25:HAL_RCC_UART5_GetKernelClkSource	8	static
C:/Users/wikto/Desktop/test/workpls_cmake/stm32c5xx_drivers/hal/stm32c5xx_hal_rcc.c:2682:27:HAL_RCC_LPUART1_GetKernelClkSource	8	static
C:/Users/wikto/Desktop/test/workpls_cmake/stm32c5xx_drivers/hal/stm32c5xx_hal_rcc.c:2691:24:HAL_RCC_SPI1_GetKernelClkSource	8	static
C:/Users/wikto/Desktop/test/workpls_cmake/stm32c5xx_drivers/hal/stm32c5xx_hal_rcc.c:2700:24:HAL_RCC_SPI2_GetKernelClkSource	8	static
C:/Users/wikto/Desktop/test/workpls_cmake/stm32c5xx_drivers/hal/stm32c5xx_hal_rcc.c:2710:24:HAL_RCC_SPI3_GetKernelClkSource	8	static
C:/Users/wikto/Desktop/test/workpls_cmake/stm32c5xx_drivers/hal/stm32c5xx_hal_rcc.c:2723:25:HAL_RCC_FDCAN_GetKernelClkSource	8	static
C:/Users/wikto/Desktop/test/workpls_cmake/stm32c5xx_drivers/hal/stm32c5xx_hal_rcc.c:2733:24:HAL_RCC_I2C1_GetKernelClkSource	8	static
C:/Users/wikto/Desktop/test/workpls_cmake/stm32c5xx_drivers/hal/stm32c5xx_hal_rcc.c:2743:24:HAL_RCC_I2C2_GetKernelClkSource	8	static
C:/Users/wikto/Desktop/test/workpls_cmake/stm32c5xx_drivers/hal/stm32c5xx_hal_rcc.c:2753:24:HAL_RCC_I3C1_GetKernelClkSource	8	static
C:/Users/wikto/Desktop/test/workpls_cmake/stm32c5xx_drivers/hal/stm32c5xx_hal_rcc.c:2762:26:HAL_RCC_ADCDAC_GetKernelClkSource	8	static
C:/Users/wikto/Desktop/test/workpls_cmake/stm32c5xx_drivers/hal/stm32c5xx_hal_rcc.c:2771:27:HAL_RCC_DAC1_GetSampleHoldClkSource	8	static
C:/Users/wikto/Desktop/test/workpls_cmake/stm32c5xx_drivers/hal/stm32c5xx_hal_rcc.c:2781:26:HAL_RCC_LPTIM1_GetKernelClkSource	8	static
C:/Users/wikto/Desktop/test/workpls_cmake/stm32c5xx_drivers/hal/stm32c5xx_hal_rcc.c:2791:24:HAL_RCC_CK48_GetKernelClkSource	8	static
C:/Users/wikto/Desktop/test/workpls_cmake/stm32c5xx_drivers/hal/stm32c5xx_hal_rcc.c:2840:23:HAL_RCC_RTC_GetKernelClkSource	8	static
C:/Users/wikto/Desktop/test/workpls_cmake/stm32c5xx_drivers/hal/stm32c5xx_hal_rcc.c:2851:14:HAL_RCC_ADCDAC_SetKernelClkPrescaler	16	static
C:/Users/wikto/Desktop/test/workpls_cmake/stm32c5xx_drivers/hal/stm32c5xx_hal_rcc.c:2863:28:HAL_RCC_ADCDAC_GetKernelClkPrescaler	8	static
C:/Users/wikto/Desktop/test/workpls_cmake/stm32c5xx_drivers/hal/stm32c5xx_hal_rcc.c:2877:14:HAL_RCC_ADCDAC_SetConfigKernelClk	16	static
C:/Users/wikto/Desktop/test/workpls_cmake/stm32c5xx_drivers/hal/stm32c5xx_hal_rcc.c:2903:6:HAL_RCC_ADCDAC_GetConfigKernelClk	24	static
C:/Users/wikto/Desktop/test/workpls_cmake/stm32c5xx_drivers/hal/stm32c5xx_hal_rcc.c:3044:10:HAL_RCC_UART_GetKernelClkFreq	24	static
C:/Users/wikto/Desktop/test/workpls_cmake/stm32c5xx_drivers/hal/stm32c5xx_hal_rcc.c:3103:10:HAL_RCC_USART1_GetKernelClkFreq	24	static
C:/Users/wikto/Desktop/test/workpls_cmake/stm32c5xx_drivers/hal/stm32c5xx_hal_rcc.c:3151:10:HAL_RCC_USART2_GetKernelClkFreq	24	static
C:/Users/wikto/Desktop/test/workpls_cmake/stm32c5xx_drivers/hal/stm32c5xx_hal_rcc.c:3198:10:HAL_RCC_USART3_GetKernelClkFreq	24	static
C:/Users/wikto/Desktop/test/workpls_cmake/stm32c5xx_drivers/hal/stm32c5xx_hal_rcc.c:3245:10:HAL_RCC_UART4_GetKernelClkFreq	24	static
C:/Users/wikto/Desktop/test/workpls_cmake/stm32c5xx_drivers/hal/stm32c5xx_hal_rcc.c:3291:10:HAL_RCC_UART5_GetKernelClkFreq	24	static
C:/Users/wikto/Desktop/test/workpls_cmake/stm32c5xx_drivers/hal/stm32c5xx_hal_rcc.c:3433:10:HAL_RCC_LPUART1_GetKernelClkFreq	16	static
C:/Users/wikto/Desktop/test/workpls_cmake/stm32c5xx_drivers/hal/stm32c5xx_hal_rcc.c:3480:10:HAL_RCC_USART_GetKernelClkFreq	24	static
C:/Users/wikto/Desktop/test/workpls_cmake/stm32c5xx_drivers/hal/stm32c5xx_hal_rcc.c:3521:10:HAL_RCC_SPI_GetKernelClkFreq	24	static
C:/Users/wikto/Desktop/test/workpls_cmake/stm32c5xx_drivers/hal/stm32c5xx_hal_rcc.c:3553:10:HAL_RCC_SPI1_GetKernelClkFreq	24	static
C:/Users/wikto/Desktop/test/workpls_cmake/stm32c5xx_drivers/hal/stm32c5xx_hal_rcc.c:3596:10:HAL_RCC_SPI2_GetKernelClkFreq	24	static
C:/Users/wikto/Desktop/test/workpls_cmake/stm32c5xx_drivers/hal/stm32c5xx_hal_rcc.c:3640:10:HAL_RCC_SPI3_GetKernelClkFreq	24	static
C:/Users/wikto/Desktop/test/workpls_cmake/stm32c5xx_drivers/hal/stm32c5xx_hal_rcc.c:3687:10:HAL_RCC_FDCAN_GetKernelClkFreq	24	static
C:/Users/wikto/Desktop/test/workpls_cmake/stm32c5xx_drivers/hal/stm32c5xx_hal_rcc.c:3735:10:HAL_RCC_LPTIM_GetKernelClkFreq	24	static
C:/Users/wikto/Desktop/test/workpls_cmake/stm32c5xx_drivers/hal/stm32c5xx_hal_rcc.c:3758:11:HAL_RCC_TIM_GetKernelClkFreq	24	static
C:/Users/wikto/Desktop/test/workpls_cmake/stm32c5xx_drivers/hal/stm32c5xx_hal_rcc.c:3780:10:HAL_RCC_I2C_GetKernelClkFreq	24	static
C:/Users/wikto/Desktop/test/workpls_cmake/stm32c5xx_drivers/hal/stm32c5xx_hal_rcc.c:3808:10:HAL_RCC_I2C1_GetKernelClkFreq	24	static
C:/Users/wikto/Desktop/test/workpls_cmake/stm32c5xx_drivers/hal/stm32c5xx_hal_rcc.c:3846:10:HAL_RCC_I2C2_GetKernelClkFreq	24	static
C:/Users/wikto/Desktop/test/workpls_cmake/stm32c5xx_drivers/hal/stm32c5xx_hal_rcc.c:3885:10:HAL_RCC_I3C_GetKernelClkFreq	24	static
C:/Users/wikto/Desktop/test/workpls_cmake/stm32c5xx_drivers/hal/stm32c5xx_hal_rcc.c:3908:10:HAL_RCC_I3C1_GetKernelClkFreq	24	static
C:/Users/wikto/Desktop/test/workpls_cmake/stm32c5xx_drivers/hal/stm32c5xx_hal_rcc.c:3945:10:HAL_RCC_ADCDAC_GetKernelClkFreq	24	static
C:/Users/wikto/Desktop/test/workpls_cmake/stm32c5xx_drivers/hal/stm32c5xx_hal_rcc.c:3992:10:HAL_RCC_DAC_GetKernelClkFreq	16	static
C:/Users/wikto/Desktop/test/workpls_cmake/stm32c5xx_drivers/hal/stm32c5xx_hal_rcc.c:4005:10:HAL_RCC_ADC_GetKernelClkFreq	16	static
C:/Users/wikto/Desktop/test/workpls_cmake/stm32c5xx_drivers/hal/stm32c5xx_hal_rcc.c:4017:10:HAL_RCC_DAC1_GetSampleHoldClkFreq	16	static
C:/Users/wikto/Desktop/test/workpls_cmake/stm32c5xx_drivers/hal/stm32c5xx_hal_rcc.c:4052:10:HAL_RCC_LPTIM1_GetKernelClkFreq	16	static
C:/Users/wikto/Desktop/test/workpls_cmake/stm32c5xx_drivers/hal/stm32c5xx_hal_rcc.c:4245:10:HAL_RCC_RTC_GetKernelClkFreq	24	static
C:/Users/wikto/Desktop/test/workpls_cmake/stm32c5xx_drivers/hal/stm32c5xx_hal_rcc.c:4297:10:HAL_RCC_GetSysTickExternalClkFreq	16	static
C:/Users/wikto/Desktop/test/workpls_cmake/stm32c5xx_drivers/hal/stm32c5xx_hal_rcc.c:4342:14:HAL_RCC_SetPrivAttr	24	static,ignoring_inline_asm
C:/Users/wikto/Desktop/test/workpls_cmake/stm32c5xx_drivers/hal/stm32c5xx_hal_rcc.c:4365:21:HAL_RCC_GetPrivAttr	16	static
C:/Users/wikto/Desktop/test/workpls_cmake/stm32c5xx_drivers/hal/stm32c5xx_hal_rcc.c:4390:21:RCC_WaitForTimeout	32	static
C:/Users/wikto/Desktop/test/workpls_cmake/stm32c5xx_drivers/hal/stm32c5xx_hal_rcc.c:4416:17:RCC_GetDividerValue	24	static
