C:/Users/wikto/Desktop/test/lab1/workpls_cmake/stm32c5xx_drivers/ll/stm32c5xx_ll_bus.h:877:22:LL_AHB2_GRP1_EnableClock	48	static,ignoring_inline_asm
C:/Users/wikto/Desktop/test/lab1/workpls_cmake/stm32c5xx_drivers/ll/stm32c5xx_ll_bus.h:1585:22:LL_APB1_GRP1_EnableClock	48	static,ignoring_inline_asm
C:/Users/wikto/Desktop/test/lab1/workpls_cmake/stm32c5xx_drivers/ll/stm32c5xx_ll_bus.h:1744:22:LL_APB1_GRP1_DisableClock	40	static,ignoring_inline_asm
C:/Users/wikto/Desktop/test/lab1/workpls_cmake/stm32c5xx_drivers/ll/stm32c5xx_ll_bus.h:1813:22:LL_APB1_GRP1_ForceReset	16	static
C:/Users/wikto/Desktop/test/lab1/workpls_cmake/stm32c5xx_drivers/ll/stm32c5xx_ll_bus.h:1882:22:LL_APB1_GRP1_ReleaseReset	16	static
C:/Users/wikto/Desktop/test/lab1/workpls_cmake/stm32c5xx_drivers/hal/stm32c5xx_hal_rcc.h:1354:22:HAL_RCC_GPIOA_EnableClock	8	static
C:/Users/wikto/Desktop/test/lab1/workpls_cmake/stm32c5xx_drivers/hal/stm32c5xx_hal_rcc.h:1792:22:HAL_RCC_USART2_EnableClock	8	static
C:/Users/wikto/Desktop/test/lab1/workpls_cmake/stm32c5xx_drivers/hal/stm32c5xx_hal_rcc.h:1990:22:HAL_RCC_USART2_DisableClock	8	static
C:/Users/wikto/Desktop/test/lab1/workpls_cmake/stm32c5xx_drivers/hal/stm32c5xx_hal_rcc.h:3459:22:HAL_RCC_USART2_Reset	8	static
C:/Users/wikto/Desktop/test/lab1/workpls_cmake/generated/hal/mx_usart2.c:37:20:mx_usart2_uart_init	40	static
C:/Users/wikto/Desktop/test/lab1/workpls_cmake/generated/hal/mx_usart2.c:95:6:mx_usart2_uart_deinit	8	static
C:/Users/wikto/Desktop/test/lab1/workpls_cmake/generated/hal/mx_usart2.c:108:20:mx_usart2_uart_gethandle	4	static
C:/Users/wikto/Desktop/test/lab1/workpls_cmake/generated/hal/mx_usart2.c:116:6:USART2_IRQHandler	8	static
