C:/Users/wikto/Desktop/test/lab1/workpls_cmake/stm32c5xx_drivers/ll/stm32c5xx_ll_bus.h:877:22:LL_AHB2_GRP1_EnableClock	48	static,ignoring_inline_asm
C:/Users/wikto/Desktop/test/lab1/workpls_cmake/stm32c5xx_drivers/hal/stm32c5xx_hal_rcc.h:1422:22:HAL_RCC_ADC12_EnableClock	8	static
C:/Users/wikto/Desktop/test/lab1/workpls_cmake/generated/hal/mx_adc1.c:31:19:mx_adc1_init	40	static
C:/Users/wikto/Desktop/test/lab1/workpls_cmake/generated/hal/mx_adc1.c:80:6:mx_adc1_deinit	8	static
C:/Users/wikto/Desktop/test/lab1/workpls_cmake/generated/hal/mx_adc1.c:87:19:mx_adc1_gethandle	4	static
