C:/Users/wikto/Desktop/test/lab1/workpls_cmake/stm32c5xx_drivers/ll/stm32c5xx_ll_bus.h:877:22:LL_AHB2_GRP1_EnableClock	48	static,ignoring_inline_asm
C:/Users/wikto/Desktop/test/lab1/workpls_cmake/stm32c5xx_drivers/ll/stm32c5xx_ll_bus.h:1585:22:LL_APB1_GRP1_EnableClock	48	static,ignoring_inline_asm
C:/Users/wikto/Desktop/test/lab1/workpls_cmake/stm32c5xx_drivers/ll/stm32c5xx_ll_bus.h:1744:22:LL_APB1_GRP1_DisableClock	40	static,ignoring_inline_asm
C:/Users/wikto/Desktop/test/lab1/workpls_cmake/stm32c5xx_drivers/ll/stm32c5xx_ll_bus.h:1813:22:LL_APB1_GRP1_ForceReset	16	static
C:/Users/wikto/Desktop/test/lab1/workpls_cmake/stm32c5xx_drivers/ll/stm32c5xx_ll_bus.h:1882:22:LL_APB1_GRP1_ReleaseReset	16	static
C:/Users/wikto/Desktop/test/lab1/workpls_cmake/stm32c5xx_drivers/hal/stm32c5xx_hal_rcc.h:1354:22:HAL_RCC_GPIOA_EnableClock	8	static
C:/Users/wikto/Desktop/test/lab1/workpls_cmake/stm32c5xx_drivers/hal/stm32c5xx_hal_rcc.h:1362:22:HAL_RCC_GPIOB_EnableClock	8	static
C:/Users/wikto/Desktop/test/lab1/workpls_cmake/stm32c5xx_drivers/hal/stm32c5xx_hal_rcc.h:1826:22:HAL_RCC_I2C1_EnableClock	8	static
C:/Users/wikto/Desktop/test/lab1/workpls_cmake/stm32c5xx_drivers/hal/stm32c5xx_hal_rcc.h:2024:22:HAL_RCC_I2C1_DisableClock	8	static
C:/Users/wikto/Desktop/test/lab1/workpls_cmake/stm32c5xx_drivers/hal/stm32c5xx_hal_rcc.h:3496:22:HAL_RCC_I2C1_Reset	8	static
C:/Users/wikto/Desktop/test/lab1/workpls_cmake/generated/hal/mx_i2c1.c:32:19:mx_i2c1_i2c_init	32	static
C:/Users/wikto/Desktop/test/lab1/workpls_cmake/generated/hal/mx_i2c1.c:100:6:mx_i2c1_i2c_deinit	8	static
C:/Users/wikto/Desktop/test/lab1/workpls_cmake/generated/hal/mx_i2c1.c:114:19:mx_i2c1_i2c_gethandle	4	static
