Archive member included to satisfy reference by file (symbol)

D:/STM32CubeIDE_1.19.0/STM32CubeIDE/plugins/com.st.stm32cube.ide.mcu.externaltools.gnu-tools-for-stm32.14.3.rel1.win32_1.0.100.202602081740/tools/bin/../lib/gcc/arm-none-eabi/14.3.1/../../../../arm-none-eabi/lib/thumb/v8-m.main+fp/hard\libc_nano.a(libc_a-exit.o)
                              D:/STM32CubeIDE_1.19.0/STM32CubeIDE/plugins/com.st.stm32cube.ide.mcu.externaltools.gnu-tools-for-stm32.14.3.rel1.win32_1.0.100.202602081740/tools/bin/../lib/gcc/arm-none-eabi/14.3.1/../../../../arm-none-eabi/lib/thumb/v8-m.main+fp/hard/crt0.o (exit)
D:/STM32CubeIDE_1.19.0/STM32CubeIDE/plugins/com.st.stm32cube.ide.mcu.externaltools.gnu-tools-for-stm32.14.3.rel1.win32_1.0.100.202602081740/tools/bin/../lib/gcc/arm-none-eabi/14.3.1/../../../../arm-none-eabi/lib/thumb/v8-m.main+fp/hard\libc_nano.a(libc_a-findfp.o)
                              D:/STM32CubeIDE_1.19.0/STM32CubeIDE/plugins/com.st.stm32cube.ide.mcu.externaltools.gnu-tools-for-stm32.14.3.rel1.win32_1.0.100.202602081740/tools/bin/../lib/gcc/arm-none-eabi/14.3.1/../../../../arm-none-eabi/lib/thumb/v8-m.main+fp/hard\libc_nano.a(libc_a-exit.o) (__stdio_exit_handler)
D:/STM32CubeIDE_1.19.0/STM32CubeIDE/plugins/com.st.stm32cube.ide.mcu.externaltools.gnu-tools-for-stm32.14.3.rel1.win32_1.0.100.202602081740/tools/bin/../lib/gcc/arm-none-eabi/14.3.1/../../../../arm-none-eabi/lib/thumb/v8-m.main+fp/hard\libc_nano.a(libc_a-fwalk.o)
                              D:/STM32CubeIDE_1.19.0/STM32CubeIDE/plugins/com.st.stm32cube.ide.mcu.externaltools.gnu-tools-for-stm32.14.3.rel1.win32_1.0.100.202602081740/tools/bin/../lib/gcc/arm-none-eabi/14.3.1/../../../../arm-none-eabi/lib/thumb/v8-m.main+fp/hard\libc_nano.a(libc_a-findfp.o) (_fwalk_sglue)
D:/STM32CubeIDE_1.19.0/STM32CubeIDE/plugins/com.st.stm32cube.ide.mcu.externaltools.gnu-tools-for-stm32.14.3.rel1.win32_1.0.100.202602081740/tools/bin/../lib/gcc/arm-none-eabi/14.3.1/../../../../arm-none-eabi/lib/thumb/v8-m.main+fp/hard\libc_nano.a(libc_a-stdio.o)
                              D:/STM32CubeIDE_1.19.0/STM32CubeIDE/plugins/com.st.stm32cube.ide.mcu.externaltools.gnu-tools-for-stm32.14.3.rel1.win32_1.0.100.202602081740/tools/bin/../lib/gcc/arm-none-eabi/14.3.1/../../../../arm-none-eabi/lib/thumb/v8-m.main+fp/hard\libc_nano.a(libc_a-findfp.o) (__sread)
D:/STM32CubeIDE_1.19.0/STM32CubeIDE/plugins/com.st.stm32cube.ide.mcu.externaltools.gnu-tools-for-stm32.14.3.rel1.win32_1.0.100.202602081740/tools/bin/../lib/gcc/arm-none-eabi/14.3.1/../../../../arm-none-eabi/lib/thumb/v8-m.main+fp/hard\libc_nano.a(libc_a-memset.o)
                              D:/STM32CubeIDE_1.19.0/STM32CubeIDE/plugins/com.st.stm32cube.ide.mcu.externaltools.gnu-tools-for-stm32.14.3.rel1.win32_1.0.100.202602081740/tools/bin/../lib/gcc/arm-none-eabi/14.3.1/../../../../arm-none-eabi/lib/thumb/v8-m.main+fp/hard/crt0.o (memset)
D:/STM32CubeIDE_1.19.0/STM32CubeIDE/plugins/com.st.stm32cube.ide.mcu.externaltools.gnu-tools-for-stm32.14.3.rel1.win32_1.0.100.202602081740/tools/bin/../lib/gcc/arm-none-eabi/14.3.1/../../../../arm-none-eabi/lib/thumb/v8-m.main+fp/hard\libc_nano.a(libc_a-closer.o)
                              D:/STM32CubeIDE_1.19.0/STM32CubeIDE/plugins/com.st.stm32cube.ide.mcu.externaltools.gnu-tools-for-stm32.14.3.rel1.win32_1.0.100.202602081740/tools/bin/../lib/gcc/arm-none-eabi/14.3.1/../../../../arm-none-eabi/lib/thumb/v8-m.main+fp/hard\libc_nano.a(libc_a-stdio.o) (_close_r)
D:/STM32CubeIDE_1.19.0/STM32CubeIDE/plugins/com.st.stm32cube.ide.mcu.externaltools.gnu-tools-for-stm32.14.3.rel1.win32_1.0.100.202602081740/tools/bin/../lib/gcc/arm-none-eabi/14.3.1/../../../../arm-none-eabi/lib/thumb/v8-m.main+fp/hard\libc_nano.a(libc_a-reent.o)
                              D:/STM32CubeIDE_1.19.0/STM32CubeIDE/plugins/com.st.stm32cube.ide.mcu.externaltools.gnu-tools-for-stm32.14.3.rel1.win32_1.0.100.202602081740/tools/bin/../lib/gcc/arm-none-eabi/14.3.1/../../../../arm-none-eabi/lib/thumb/v8-m.main+fp/hard\libc_nano.a(libc_a-closer.o) (errno)
D:/STM32CubeIDE_1.19.0/STM32CubeIDE/plugins/com.st.stm32cube.ide.mcu.externaltools.gnu-tools-for-stm32.14.3.rel1.win32_1.0.100.202602081740/tools/bin/../lib/gcc/arm-none-eabi/14.3.1/../../../../arm-none-eabi/lib/thumb/v8-m.main+fp/hard\libc_nano.a(libc_a-impure.o)
                              D:/STM32CubeIDE_1.19.0/STM32CubeIDE/plugins/com.st.stm32cube.ide.mcu.externaltools.gnu-tools-for-stm32.14.3.rel1.win32_1.0.100.202602081740/tools/bin/../lib/gcc/arm-none-eabi/14.3.1/../../../../arm-none-eabi/lib/thumb/v8-m.main+fp/hard\libc_nano.a(libc_a-reent.o) (_impure_ptr)
D:/STM32CubeIDE_1.19.0/STM32CubeIDE/plugins/com.st.stm32cube.ide.mcu.externaltools.gnu-tools-for-stm32.14.3.rel1.win32_1.0.100.202602081740/tools/bin/../lib/gcc/arm-none-eabi/14.3.1/../../../../arm-none-eabi/lib/thumb/v8-m.main+fp/hard\libc_nano.a(libc_a-lseekr.o)
[...]
Memory Configuration

Name             Origin             Length             Attributes
ROM              0x08000000         0x00080000         xr
RAM              0x20000000         0x00020000         xrw
*default*        0x00000000         0xffffffff

Linker script and memory map

LOAD D:/STM32CubeIDE_1.19.0/STM32CubeIDE/plugins/com.st.stm32cube.ide.mcu.externaltools.gnu-tools-for-stm32.14.3.rel1.win32_1.0.100.202602081740/tools/bin/../lib/gcc/arm-none-eabi/14.3.1/thumb/v8-m.main+fp/hard/crti.o
LOAD D:/STM32CubeIDE_1.19.0/STM32CubeIDE/plugins/com.st.stm32cube.ide.mcu.externaltools.gnu-tools-for-stm32.14.3.rel1.win32_1.0.100.202602081740/tools/bin/../lib/gcc/arm-none-eabi/14.3.1/thumb/v8-m.main+fp/hard/crtbegin.o
LOAD D:/STM32CubeIDE_1.19.0/STM32CubeIDE/plugins/com.st.stm32cube.ide.mcu.externaltools.gnu-tools-for-stm32.14.3.rel1.win32_1.0.100.202602081740/tools/bin/../lib/gcc/arm-none-eabi/14.3.1/../../../../arm-none-eabi/lib/thumb/v8-m.main+fp/hard/crt0.o
START GROUP
LOAD D:/STM32CubeIDE_1.19.0/STM32CubeIDE/plugins/com.st.stm32cube.ide.mcu.externaltools.gnu-tools-for-stm32.14.3.rel1.win32_1.0.100.202602081740/tools/bin/../lib/gcc/arm-none-eabi/14.3.1/../../../../arm-none-eabi/lib/thumb/v8-m.main+fp/hard\libc_nano.a
LOAD D:/STM32CubeIDE_1.19.0/STM32CubeIDE/plugins/com.st.stm32cube.ide.mcu.externaltools.gnu-tools-for-stm32.14.3.rel1.win32_1.0.100.202602081740/tools/bin/../lib/gcc/arm-none-eabi/14.3.1/../../../../arm-none-eabi/lib/thumb/v8-m.main+fp/hard\libm.a
END GROUP
LOAD CMakeFiles/workpls.dir/main.c.obj
LOAD CMakeFiles/workpls.dir/generated/middleware/mx_freertos_app.c.obj
LOAD CMakeFiles/workpls.dir/generated/hal/mx_cortex_mpu.c.obj
LOAD CMakeFiles/workpls.dir/generated/hal/mx_cortex_nvic.c.obj
LOAD CMakeFiles/workpls.dir/generated/hal/mx_gpio_default.c.obj
LOAD CMakeFiles/workpls.dir/generated/hal/mx_icache.c.obj
LOAD CMakeFiles/workpls.dir/generated/hal/mx_rcc.c.obj
LOAD CMakeFiles/workpls.dir/generated/hal/mx_rng.c.obj
LOAD CMakeFiles/workpls.dir/generated/hal/mx_system.c.obj
LOAD CMakeFiles/workpls.dir/generated/hal/mx_tim2.c.obj
LOAD CMakeFiles/workpls.dir/generated/hal/mx_usart2.c.obj
LOAD CMakeFiles/workpls.dir/middleware/freertos/croutine.c.obj
LOAD CMakeFiles/workpls.dir/middleware/freertos/event_groups.c.obj
LOAD CMakeFiles/workpls.dir/middleware/freertos/list.c.obj
LOAD CMakeFiles/workpls.dir/middleware/freertos/queue.c.obj
LOAD CMakeFiles/workpls.dir/middleware/freertos/tasks.c.obj
LOAD CMakeFiles/workpls.dir/middleware/freertos/timers.c.obj
LOAD CMakeFiles/workpls.dir/middleware/freertos/portable/GCC/ARM_CM33_NTZ/non_secure/mpu_wrappers_v2_asm.c.obj
LOAD CMakeFiles/workpls.dir/middleware/freertos/portable/GCC/ARM_CM33_NTZ/non_secure/port.c.obj
LOAD CMakeFiles/workpls.dir/middleware/freertos/portable/GCC/ARM_CM33_NTZ/non_secure/portasm.c.obj
LOAD CMakeFiles/workpls.dir/middleware/freertos/portable/MemMang/heap_4.c.obj
LOAD CMakeFiles/workpls.dir/user_modifiable/Device/STM32C562RET6/system_stm32c5xx.c.obj
LOAD CMakeFiles/workpls.dir/user_modifiable/Device/STM32C562RET6/startup_stm32c562xx.c.obj
LOAD CMakeFiles/workpls.dir/stm32c5xx_drivers/hal/stm32c5xx_hal.c.obj
LOAD CMakeFiles/workpls.dir/stm32c5xx_drivers/hal/stm32c5xx_hal_cortex.c.obj
LOAD CMakeFiles/workpls.dir/stm32c5xx_drivers/hal/stm32c5xx_hal_dma.c.obj
LOAD CMakeFiles/workpls.dir/stm32c5xx_drivers/hal/stm32c5xx_hal_flash.c.obj
LOAD CMakeFiles/workpls.dir/stm32c5xx_drivers/hal/stm32c5xx_hal_flash_itf.c.obj
LOAD CMakeFiles/workpls.dir/stm32c5xx_drivers/hal/stm32c5xx_hal_gpio.c.obj
LOAD CMakeFiles/workpls.dir/stm32c5xx_drivers/hal/stm32c5xx_hal_icache.c.obj
LOAD CMakeFiles/workpls.dir/stm32c5xx_drivers/hal/stm32c5xx_hal_pwr.c.obj
LOAD CMakeFiles/workpls.dir/stm32c5xx_drivers/hal/stm32c5xx_hal_q.c.obj
LOAD CMakeFiles/workpls.dir/stm32c5xx_drivers/hal/stm32c5xx_hal_rcc.c.obj
LOAD CMakeFiles/workpls.dir/stm32c5xx_drivers/hal/stm32c5xx_hal_rng.c.obj
LOAD CMakeFiles/workpls.dir/stm32c5xx_drivers/hal/stm32c5xx_hal_tim.c.obj
LOAD CMakeFiles/workpls.dir/stm32c5xx_drivers/hal/stm32c5xx_hal_uart.c.obj
LOAD CMakeFiles/workpls.dir/utilities/syscalls/syscalls.c.obj
LOAD CMakeFiles/workpls.dir/utilities/syscalls/sysmem.c.obj
START GROUP
LOAD D:/STM32CubeIDE_1.19.0/STM32CubeIDE/plugins/com.st.stm32cube.ide.mcu.externaltools.gnu-tools-for-stm32.14.3.rel1.win32_1.0.100.202602081740/tools/bin/../lib/gcc/arm-none-eabi/14.3.1/thumb/v8-m.main+fp/hard\libgcc.a
LOAD D:/STM32CubeIDE_1.19.0/STM32CubeIDE/plugins/com.st.stm32cube.ide.mcu.externaltools.gnu-tools-for-stm32.14.3.rel1.win32_1.0.100.202602081740/tools/bin/../lib/gcc/arm-none-eabi/14.3.1/../../../../arm-none-eabi/lib/thumb/v8-m.main+fp/hard\libc_nano.a
END GROUP
START GROUP
LOAD D:/STM32CubeIDE_1.19.0/STM32CubeIDE/plugins/com.st.stm32cube.ide.mcu.externaltools.gnu-tools-for-stm32.14.3.rel1.win32_1.0.100.202602081740/tools/bin/../lib/gcc/arm-none-eabi/14.3.1/thumb/v8-m.main+fp/hard\libgcc.a
LOAD D:/STM32CubeIDE_1.19.0/STM32CubeIDE/plugins/com.st.stm32cube.ide.mcu.externaltools.gnu-tools-for-stm32.14.3.rel1.win32_1.0.100.202602081740/tools/bin/../lib/gcc/arm-none-eabi/14.3.1/../../../../arm-none-eabi/lib/thumb/v8-m.main+fp/hard\libc_nano.a
LOAD D:/STM32CubeIDE_1.19.0/STM32CubeIDE/plugins/com.st.stm32cube.ide.mcu.externaltools.gnu-tools-for-stm32.14.3.rel1.win32_1.0.100.202602081740/tools/bin/../lib/gcc/arm-none-eabi/14.3.1/../../../../arm-none-eabi/lib/thumb/v8-m.main+fp/hard\libnosys.a
END GROUP
START GROUP
LOAD D:/STM32CubeIDE_1.19.0/STM32CubeIDE/plugins/com.st.stm32cube.ide.mcu.externaltools.gnu-tools-for-stm32.14.3.rel1.win32_1.0.100.202602081740/tools/bin/../lib/gcc/arm-none-eabi/14.3.1/thumb/v8-m.main+fp/hard\libgcc.a
LOAD D:/STM32CubeIDE_1.19.0/STM32CubeIDE/plugins/com.st.stm32cube.ide.mcu.externaltools.gnu-tools-for-stm32.14.3.rel1.win32_1.0.100.202602081740/tools/bin/../lib/gcc/arm-none-eabi/14.3.1/../../../../arm-none-eabi/lib/thumb/v8-m.main+fp/hard\libc_nano.a
LOAD D:/STM32CubeIDE_1.19.0/STM32CubeIDE/plugins/com.st.stm32cube.ide.mcu.externaltools.gnu-tools-for-stm32.14.3.rel1.win32_1.0.100.202602081740/tools/bin/../lib/gcc/arm-none-eabi/14.3.1/../../../../arm-none-eabi/lib/thumb/v8-m.main+fp/hard\libnosys.a
END GROUP
LOAD D:/STM32CubeIDE_1.19.0/STM32CubeIDE/plugins/com.st.stm32cube.ide.mcu.externaltools.gnu-tools-for-stm32.14.3.rel1.win32_1.0.100.202602081740/tools/bin/../lib/gcc/arm-none-eabi/14.3.1/thumb/v8-m.main+fp/hard/crtend.o
LOAD D:/STM32CubeIDE_1.19.0/STM32CubeIDE/plugins/com.st.stm32cube.ide.mcu.externaltools.gnu-tools-for-stm32.14.3.rel1.win32_1.0.100.202602081740/tools/bin/../lib/gcc/arm-none-eabi/14.3.1/thumb/v8-m.main+fp/hard/crtn.o
                0x00000200                        HEAP_SIZE = 0x200
                0x00000400                        STACK_SIZE = 0x400

.vectors        0x08000000      0x188
                0x08000000                        . = ALIGN (0x8)
 *(.vectors)
 .vectors       0x08000000      0x188 CMakeFiles/workpls.dir/user_modifiable/Device/STM32C562RET6/startup_stm32c562xx.c.obj
                0x08000000                __Vectors
                0x08000188                        . = ALIGN (0x8)

.text           0x08000188     0x6ea0
                0x08000188                        . = ALIGN (0x8)
 *(.text)
 .text          0x08000188       0x40 D:/STM32CubeIDE_1.19.0/STM32CubeIDE/plugins/com.st.stm32cube.ide.mcu.externaltools.gnu-tools-for-stm32.14.3.rel1.win32_1.0.100.202602081740/tools/bin/../lib/gcc/arm-none-eabi/14.3.1/thumb/v8-m.main+fp/hard/crtbegin.o
 .text          0x080001c8       0x7c D:/STM32CubeIDE_1.19.0/STM32CubeIDE/plugins/com.st.stm32cube.ide.mcu.externaltools.gnu-tools-for-stm32.14.3.rel1.win32_1.0.100.202602081740/tools/bin/../lib/gcc/arm-none-eabi/14.3.1/../../../../arm-none-eabi/lib/thumb/v8-m.main+fp/hard/crt0.o
                0x080001c8                _stack_init
                0x080001d0                _start
                0x080001d0                _mainCRTStartup
 .text          0x08000244       0x30 D:/STM32CubeIDE_1.19.0/STM32CubeIDE/plugins/com.st.stm32cube.ide.mcu.externaltools.gnu-tools-for-stm32.14.3.rel1.win32_1.0.100.202602081740/tools/bin/../lib/gcc/arm-none-eabi/14.3.1/thumb/v8-m.main+fp/hard\libgcc.a(_aeabi_uldivmod.o)
                0x08000244                __aeabi_uldivmod
 .text          0x08000274      0x34c D:/STM32CubeIDE_1.19.0/STM32CubeIDE/plugins/com.st.stm32cube.ide.mcu.externaltools.gnu-tools-for-stm32.14.3.rel1.win32_1.0.100.202602081740/tools/bin/../lib/gcc/arm-none-eabi/14.3.1/thumb/v8-m.main+fp/hard\libgcc.a(_udivmoddi4.o)
                0x08000274                __udivmoddi4
 .text          0x080005c0        0x4 D:/STM32CubeIDE_1.19.0/STM32CubeIDE/plugins/com.st.stm32cube.ide.mcu.externaltools.gnu-tools-for-stm32.14.3.rel1.win32_1.0.100.202602081740/tools/bin/../lib/gcc/arm-none-eabi/14.3.1/thumb/v8-m.main+fp/hard\libgcc.a(_dvmd_tls.o)
                0x080005c0                __aeabi_idiv0
                0x080005c0                __aeabi_ldiv0
 .text          0x080005c4       0x10 D:/STM32CubeIDE_1.19.0/STM32CubeIDE/plugins/com.st.stm32cube.ide.mcu.externaltools.gnu-tools-for-stm32.14.3.rel1.win32_1.0.100.202602081740/tools/bin/../lib/gcc/arm-none-eabi/14.3.1/../../../../arm-none-eabi/lib/thumb/v8-m.main+fp/hard\libc_nano.a(libc_a-strlen.o)
                0x080005c4                strlen
 *(.text*)
 .text.exit     0x080005d4       0x24 D:/STM32CubeIDE_1.19.0/STM32CubeIDE/plugins/com.st.stm32cube.ide.mcu.externaltools.gnu-tools-for-stm32.14.3.rel1.win32_1.0.100.202602081740/tools/bin/../lib/gcc/arm-none-eabi/14.3.1/../../../../arm-none-eabi/lib/thumb/v8-m.main+fp/hard\libc_nano.a(libc_a-exit.o)
                0x080005d4                exit
 .text.memset   0x080005f8       0x10 D:/STM32CubeIDE_1.19.0/STM32CubeIDE/plugins/com.st.stm32cube.ide.mcu.externaltools.gnu-tools-for-stm32.14.3.rel1.win32_1.0.100.202602081740/tools/bin/../lib/gcc/arm-none-eabi/14.3.1/../../../../arm-none-eabi/lib/thumb/v8-m.main+fp/hard\libc_nano.a(libc_a-memset.o)
                0x080005f8                memset
 .text.__libc_init_array
                0x08000608       0x48 D:/STM32CubeIDE_1.19.0/STM32CubeIDE/plugins/com.st.stm32cube.ide.mcu.externaltools.gnu-tools-for-stm32.14.3.rel1.win32_1.0.100.202602081740/tools/bin/../lib/gcc/arm-none-eabi/14.3.1/../../../../arm-none-eabi/lib/thumb/v8-m.main+fp/hard\libc_nano.a(libc_a-init.o)
                0x08000608                __libc_init_array
 .text.main     0x08000650       0x26 CMakeFiles/workpls.dir/main.c.obj
                0x08000650                main
 *fill*         0x08000676        0x2 
 .text.uart_puts
                0x08000678       0x30 CMakeFiles/workpls.dir/generated/middleware/mx_freertos_app.c.obj
 .text.led_toggle
                0x080006a8       0x54 CMakeFiles/workpls.dir/generated/middleware/mx_freertos_app.c.obj
 .text.rng_0_3  0x080006fc       0x3c CMakeFiles/workpls.dir/generated/middleware/mx_freertos_app.c.obj
                0x080006fc                rng_0_3
 .text.app_synctasks_init
                0x08000738      0x110 CMakeFiles/workpls.dir/generated/middleware/mx_freertos_app.c.obj
                0x08000738                app_synctasks_init
 .text.function1
                0x08000848       0x24 CMakeFiles/workpls.dir/generated/middleware/mx_freertos_app.c.obj
 .text.function2
                0x0800086c       0x18 CMakeFiles/workpls.dir/generated/middleware/mx_freertos_app.c.obj
 .text.function3
                0x08000884       0x18 CMakeFiles/workpls.dir/generated/middleware/mx_freertos_app.c.obj
 .text.function4
                0x0800089c       0x18 CMakeFiles/workpls.dir/generated/middleware/mx_freertos_app.c.obj
 .text.function5
                0x080008b4       0x5c CMakeFiles/workpls.dir/generated/middleware/mx_freertos_app.c.obj
 .text.mx_cortex_mpu_init
                0x08000910       0x5c CMakeFiles/workpls.dir/generated/hal/mx_cortex_mpu.c.obj
                0x08000910                mx_cortex_mpu_init
 .text.mx_cortex_nvic_init
                0x0800096c       0x30 CMakeFiles/workpls.dir/generated/hal/mx_cortex_nvic.c.obj
                0x0800096c                mx_cortex_nvic_init
 .text.LL_AHB2_GRP1_EnableClock
                0x0800099c       0x60 CMakeFiles/workpls.dir/generated/hal/mx_gpio_default.c.obj
 .text.HAL_RCC_GPIOA_EnableClock
                0x080009fc        0xe CMakeFiles/workpls.dir/generated/hal/mx_gpio_default.c.obj
 .text.HAL_RCC_GPIOC_EnableClock
                0x08000a0a        0xe CMakeFiles/workpls.dir/generated/hal/mx_gpio_default.c.obj
 .text.mx_gpio_default_init
                0x08000a18       0x80 CMakeFiles/workpls.dir/generated/hal/mx_gpio_default.c.obj
                0x08000a18                mx_gpio_default_init
 .text.mx_icache_init
                0x08000a98       0x28 CMakeFiles/workpls.dir/generated/hal/mx_icache.c.obj
                0x08000a98                mx_icache_init
 .text.mx_icache_gethandle
                0x08000ac0       0x14 CMakeFiles/workpls.dir/generated/hal/mx_icache.c.obj
                0x08000ac0                mx_icache_gethandle
 .text.mx_rcc_init
                0x08000ad4       0xc0 CMakeFiles/workpls.dir/generated/hal/mx_rcc.c.obj
                0x08000ad4                mx_rcc_init
 .text.mx_rcc_peripherals_clock_config
                0x08000b94       0x1e CMakeFiles/workpls.dir/generated/hal/mx_rcc.c.obj
                0x08000b94                mx_rcc_peripherals_clock_config
 *fill*         0x08000bb2        0x2 
 .text.LL_AHB2_GRP1_EnableClock
                0x08000bb4       0x60 CMakeFiles/workpls.dir/generated/hal/mx_rng.c.obj
 .text.HAL_RCC_RNG_EnableClock
                0x08000c14       0x10 CMakeFiles/workpls.dir/generated/hal/mx_rng.c.obj
 .text.mx_rng_init
                0x08000c24       0x44 CMakeFiles/workpls.dir/generated/hal/mx_rng.c.obj
                0x08000c24                mx_rng_init
 .text.mx_system_init
                0x08000c68       0xf8 CMakeFiles/workpls.dir/generated/hal/mx_system.c.obj
                0x08000c68                mx_system_init
 .text.pre_system_init_hook
                0x08000d60       0x12 CMakeFiles/workpls.dir/generated/hal/mx_system.c.obj
                0x08000d60                pre_system_init_hook
 .text.post_system_init_hook
                0x08000d72       0x12 CMakeFiles/workpls.dir/generated/hal/mx_system.c.obj
                0x08000d72                post_system_init_hook
 .text.LL_APB1_GRP1_EnableClock
                0x08000d84       0x60 CMakeFiles/workpls.dir/generated/hal/mx_tim2.c.obj
 .text.HAL_RCC_TIM2_EnableClock
                0x08000de4        0xe CMakeFiles/workpls.dir/generated/hal/mx_tim2.c.obj
 *fill*         0x08000df2        0x2 
 .text.mx_tim2_init
                0x08000df4       0xa8 CMakeFiles/workpls.dir/generated/hal/mx_tim2.c.obj
                0x08000df4                mx_tim2_init
 .text.LL_AHB2_GRP1_EnableClock
                0x08000e9c       0x60 CMakeFiles/workpls.dir/generated/hal/mx_usart2.c.obj
 .text.LL_APB1_GRP1_EnableClock
                0x08000efc       0x60 CMakeFiles/workpls.dir/generated/hal/mx_usart2.c.obj
 .text.HAL_RCC_GPIOA_EnableClock
                0x08000f5c        0xe CMakeFiles/workpls.dir/generated/hal/mx_usart2.c.obj
 .text.HAL_RCC_USART2_EnableClock
                0x08000f6a       0x10 CMakeFiles/workpls.dir/generated/hal/mx_usart2.c.obj
 *fill*         0x08000f7a        0x2 
 .text.mx_usart2_uart_init
                0x08000f7c       0xbc CMakeFiles/workpls.dir/generated/hal/mx_usart2.c.obj
                0x08000f7c                mx_usart2_uart_init
 .text.mx_usart2_uart_gethandle
                0x08001038       0x14 CMakeFiles/workpls.dir/generated/hal/mx_usart2.c.obj
                0x08001038                mx_usart2_uart_gethandle
 .text.USART2_IRQHandler
                0x0800104c       0x14 CMakeFiles/workpls.dir/generated/hal/mx_usart2.c.obj
                0x0800104c                USART2_IRQHandler
 .text.vListInitialise
                0x08001060       0x40 CMakeFiles/workpls.dir/middleware/freertos/list.c.obj
                0x08001060                vListInitialise
 .text.vListInitialiseItem
                0x080010a0       0x1a CMakeFiles/workpls.dir/middleware/freertos/list.c.obj
                0x080010a0                vListInitialiseItem
 .text.vListInsertEnd
                0x080010ba       0x48 CMakeFiles/workpls.dir/middleware/freertos/list.c.obj
                0x080010ba                vListInsertEnd
 .text.vListInsert
                0x08001102       0x72 CMakeFiles/workpls.dir/middleware/freertos/list.c.obj
                0x08001102                vListInsert
 .text.uxListRemove
                0x08001174       0x54 CMakeFiles/workpls.dir/middleware/freertos/list.c.obj
                0x08001174                uxListRemove
 .text.xQueueGenericReset
                0x080011c8       0xf2 CMakeFiles/workpls.dir/middleware/freertos/queue.c.obj
                0x080011c8                xQueueGenericReset
 .text.xQueueGenericCreate
                0x080012ba       0x8e CMakeFiles/workpls.dir/middleware/freertos/queue.c.obj
                0x080012ba                xQueueGenericCreate
 .text.prvInitialiseNewQueue
                0x08001348       0x44 CMakeFiles/workpls.dir/middleware/freertos/queue.c.obj
 .text.xQueueReceive
                0x0800138c      0x178 CMakeFiles/workpls.dir/middleware/freertos/queue.c.obj
                0x0800138c                xQueueReceive
 .text.prvCopyDataToQueue
                0x08001504       0xd4 CMakeFiles/workpls.dir/middleware/freertos/queue.c.obj
 .text.prvCopyDataFromQueue
                0x080015d8       0x4c CMakeFiles/workpls.dir/middleware/freertos/queue.c.obj
 .text.prvUnlockQueue
                0x08001624       0xbe CMakeFiles/workpls.dir/middleware/freertos/queue.c.obj
 .text.prvIsQueueEmpty
                0x080016e2       0x2c CMakeFiles/workpls.dir/middleware/freertos/queue.c.obj
 *fill*         0x0800170e        0x2 
 .text.vQueueAddToRegistry
                0x08001710       0x8c CMakeFiles/workpls.dir/middleware/freertos/queue.c.obj
                0x08001710                vQueueAddToRegistry
 .text.vQueueWaitForMessageRestricted
                0x0800179c       0x68 CMakeFiles/workpls.dir/middleware/freertos/queue.c.obj
                0x0800179c                vQueueWaitForMessageRestricted
 .text.prvNotifyQueueSetContainer
                0x08001804       0xb6 CMakeFiles/workpls.dir/middleware/freertos/queue.c.obj
 .text.prvCreateTask
                0x080018ba       0x78 CMakeFiles/workpls.dir/middleware/freertos/tasks.c.obj
 .text.xTaskCreate
                0x08001932       0x46 CMakeFiles/workpls.dir/middleware/freertos/tasks.c.obj
                0x08001932                xTaskCreate
 .text.prvInitialiseNewTask
                0x08001978      0x104 CMakeFiles/workpls.dir/middleware/freertos/tasks.c.obj
 .text.prvAddNewTaskToReadyList
                0x08001a7c      0x11c CMakeFiles/workpls.dir/middleware/freertos/tasks.c.obj
 .text.vTaskDelay
                0x08001b98       0x4c CMakeFiles/workpls.dir/middleware/freertos/tasks.c.obj
                0x08001b98                vTaskDelay
 .text.vTaskSuspend
                0x08001be4       0xf8 CMakeFiles/workpls.dir/middleware/freertos/tasks.c.obj
                0x08001be4                vTaskSuspend
 .text.prvTaskIsTaskSuspended
                0x08001cdc       0x78 CMakeFiles/workpls.dir/middleware/freertos/tasks.c.obj
 .text.vTaskResume
                0x08001d54       0xf4 CMakeFiles/workpls.dir/middleware/freertos/tasks.c.obj
                0x08001d54                vTaskResume
 .text.prvCreateIdleTasks
                0x08001e48       0xac CMakeFiles/workpls.dir/middleware/freertos/tasks.c.obj
 .text.vTaskStartScheduler
                0x08001ef4       0x68 CMakeFiles/workpls.dir/middleware/freertos/tasks.c.obj
                0x08001ef4                vTaskStartScheduler
 .text.vTaskSuspendAll
                0x08001f5c       0x1c CMakeFiles/workpls.dir/middleware/freertos/tasks.c.obj
                0x08001f5c                vTaskSuspendAll
 .text.xTaskResumeAll
                0x08001f78      0x1f4 CMakeFiles/workpls.dir/middleware/freertos/tasks.c.obj
                0x08001f78                xTaskResumeAll
 .text.xTaskGetTickCount
                0x0800216c       0x20 CMakeFiles/workpls.dir/middleware/freertos/tasks.c.obj
                0x0800216c                xTaskGetTickCount
 .text.uxTaskGetNumberOfTasks
                0x0800218c       0x18 CMakeFiles/workpls.dir/middleware/freertos/tasks.c.obj
                0x0800218c                uxTaskGetNumberOfTasks
 .text.xTaskIncrementTick
                0x080021a4      0x224 CMakeFiles/workpls.dir/middleware/freertos/tasks.c.obj
                0x080021a4                xTaskIncrementTick
 .text.vTaskSwitchContext
                0x080023c8       0xac CMakeFiles/workpls.dir/middleware/freertos/tasks.c.obj
                0x080023c8                vTaskSwitchContext
 .text.vTaskPlaceOnEventList
                0x08002474       0x3c CMakeFiles/workpls.dir/middleware/freertos/tasks.c.obj
                0x08002474                vTaskPlaceOnEventList
 .text.vTaskPlaceOnEventListRestricted
                0x080024b0       0x7c CMakeFiles/workpls.dir/middleware/freertos/tasks.c.obj
                0x080024b0                vTaskPlaceOnEventListRestricted
 .text.xTaskRemoveFromEventList
                0x0800252c      0x1a0 CMakeFiles/workpls.dir/middleware/freertos/tasks.c.obj
                0x0800252c                xTaskRemoveFromEventList
 .text.vTaskInternalSetTimeOutState
                0x080026cc       0x2c CMakeFiles/workpls.dir/middleware/freertos/tasks.c.obj
                0x080026cc                vTaskInternalSetTimeOutState
 .text.xTaskCheckForTimeOut
                0x080026f8       0xb0 CMakeFiles/workpls.dir/middleware/freertos/tasks.c.obj
                0x080026f8                xTaskCheckForTimeOut
 .text.vTaskMissedYield
                0x080027a8       0x18 CMakeFiles/workpls.dir/middleware/freertos/tasks.c.obj
                0x080027a8                vTaskMissedYield
 .text.prvIdleTask
                0x080027c0       0x20 CMakeFiles/workpls.dir/middleware/freertos/tasks.c.obj
 .text.prvInitialiseTaskLists
                0x080027e0       0x80 CMakeFiles/workpls.dir/middleware/freertos/tasks.c.obj
 .text.prvCheckTasksWaitingTermination
                0x08002860       0x5c CMakeFiles/workpls.dir/middleware/freertos/tasks.c.obj
 .text.prvDeleteTCB
                0x080028bc       0x20 CMakeFiles/workpls.dir/middleware/freertos/tasks.c.obj
 .text.prvResetNextTaskUnblockTime
                0x080028dc       0x38 CMakeFiles/workpls.dir/middleware/freertos/tasks.c.obj
 .text.xTaskGetSchedulerState
                0x08002914       0x3c CMakeFiles/workpls.dir/middleware/freertos/tasks.c.obj
                0x08002914                xTaskGetSchedulerState
 .text.xTaskPriorityDisinherit
                0x08002950      0x114 CMakeFiles/workpls.dir/middleware/freertos/tasks.c.obj
                0x08002950                xTaskPriorityDisinherit
 .text.prvAddCurrentTaskToDelayedList
                0x08002a64       0xe0 CMakeFiles/workpls.dir/middleware/freertos/tasks.c.obj
 .text.xTimerCreateTimerTask
                0x08002b44       0x54 CMakeFiles/workpls.dir/middleware/freertos/timers.c.obj
                0x08002b44                xTimerCreateTimerTask
 .text.prvReloadTimer
                0x08002b98       0x42 CMakeFiles/workpls.dir/middleware/freertos/timers.c.obj
 *fill*         0x08002bda        0x2 
 .text.prvProcessExpiredTimer
                0x08002bdc       0x60 CMakeFiles/workpls.dir/middleware/freertos/timers.c.obj
 .text.prvTimerTask
                0x08002c3c       0x26 CMakeFiles/workpls.dir/middleware/freertos/timers.c.obj
 *fill*         0x08002c62        0x2 
 .text.prvProcessTimerOrBlockTask
                0x08002c64       0x8c CMakeFiles/workpls.dir/middleware/freertos/timers.c.obj
 .text.prvGetNextExpireTime
                0x08002cf0       0x48 CMakeFiles/workpls.dir/middleware/freertos/timers.c.obj
 .text.prvSampleTimeNow
                0x08002d38       0x40 CMakeFiles/workpls.dir/middleware/freertos/timers.c.obj
 .text.prvInsertTimerInActiveList
                0x08002d78       0x84 CMakeFiles/workpls.dir/middleware/freertos/timers.c.obj
 .text.prvProcessReceivedCommands
                0x08002dfc      0x184 CMakeFiles/workpls.dir/middleware/freertos/timers.c.obj
 .text.prvSwitchTimerLists
                0x08002f80       0x4c CMakeFiles/workpls.dir/middleware/freertos/timers.c.obj
 .text.prvCheckForValidListAndQueue
                0x08002fcc       0x6c CMakeFiles/workpls.dir/middleware/freertos/timers.c.obj
 .text.vPortSetupTimerInterrupt
                0x08003038       0x34 CMakeFiles/workpls.dir/middleware/freertos/portable/GCC/ARM_CM33_NTZ/non_secure/port.c.obj
                0x08003038                vPortSetupTimerInterrupt
 .text.prvTaskExitError
                0x0800306c       0x38 CMakeFiles/workpls.dir/middleware/freertos/portable/GCC/ARM_CM33_NTZ/non_secure/port.c.obj
 .text.vPortYield
                0x080030a4       0x24 CMakeFiles/workpls.dir/middleware/freertos/portable/GCC/ARM_CM33_NTZ/non_secure/port.c.obj
                0x080030a4                vPortYield
 .text.vPortEnterCritical
                0x080030c8       0x24 CMakeFiles/workpls.dir/middleware/freertos/portable/GCC/ARM_CM33_NTZ/non_secure/port.c.obj
                0x080030c8                vPortEnterCritical
 .text.vPortExitCritical
                0x080030ec       0x34 CMakeFiles/workpls.dir/middleware/freertos/portable/GCC/ARM_CM33_NTZ/non_secure/port.c.obj
                0x080030ec                vPortExitCritical
 .text.SysTick_Handler
                0x08003120       0x30 CMakeFiles/workpls.dir/middleware/freertos/portable/GCC/ARM_CM33_NTZ/non_secure/port.c.obj
                0x08003120                SysTick_Handler
 .text.vPortSVCHandler_C
                0x08003150       0x32 CMakeFiles/workpls.dir/middleware/freertos/portable/GCC/ARM_CM33_NTZ/non_secure/port.c.obj
                0x08003150                vPortSVCHandler_C
 *fill*         0x08003182        0x2 
 .text.pxPortInitialiseStack
                0x08003184      0x114 CMakeFiles/workpls.dir/middleware/freertos/portable/GCC/ARM_CM33_NTZ/non_secure/port.c.obj
                0x08003184                pxPortInitialiseStack
 .text.xPortStartScheduler
                0x08003298      0x12c CMakeFiles/workpls.dir/middleware/freertos/portable/GCC/ARM_CM33_NTZ/non_secure/port.c.obj
                0x08003298                xPortStartScheduler
 .text.vRestoreContextOfFirstTask
                0x080033c4       0x34 CMakeFiles/workpls.dir/middleware/freertos/portable/GCC/ARM_CM33_NTZ/non_secure/portasm.c.obj
                0x080033c4                vRestoreContextOfFirstTask
 .text.vStartFirstTask
                0x080033f8       0x20 CMakeFiles/workpls.dir/middleware/freertos/portable/GCC/ARM_CM33_NTZ/non_secure/portasm.c.obj
                0x080033f8                vStartFirstTask
 .text.ulSetInterruptMask
                0x08003418       0x1a CMakeFiles/workpls.dir/middleware/freertos/portable/GCC/ARM_CM33_NTZ/non_secure/portasm.c.obj
                0x08003418                ulSetInterruptMask
 .text.vClearInterruptMask
                0x08003432       0x10 CMakeFiles/workpls.dir/middleware/freertos/portable/GCC/ARM_CM33_NTZ/non_secure/portasm.c.obj
                0x08003432                vClearInterruptMask
 *fill*         0x08003442        0x2 
 .text.PendSV_Handler
                0x08003444       0x4c CMakeFiles/workpls.dir/middleware/freertos/portable/GCC/ARM_CM33_NTZ/non_secure/portasm.c.obj
                0x08003444                PendSV_Handler
 .text.SVC_Handler
                0x08003490       0x18 CMakeFiles/workpls.dir/middleware/freertos/portable/GCC/ARM_CM33_NTZ/non_secure/portasm.c.obj
                0x08003490                SVC_Handler
 .text.pvPortMalloc
                0x080034a8      0x20c CMakeFiles/workpls.dir/middleware/freertos/portable/MemMang/heap_4.c.obj
                0x080034a8                pvPortMalloc
 .text.vPortFree
                0x080036b4       0xbc CMakeFiles/workpls.dir/middleware/freertos/portable/MemMang/heap_4.c.obj
                0x080036b4                vPortFree
 .text.prvHeapInit
                0x08003770       0xb4 CMakeFiles/workpls.dir/middleware/freertos/portable/MemMang/heap_4.c.obj
 .text.prvInsertBlockIntoFreeList
                0x08003824       0xe0 CMakeFiles/workpls.dir/middleware/freertos/portable/MemMang/heap_4.c.obj
 .text.SCB_SetVTOR
                0x08003904       0x20 CMakeFiles/workpls.dir/user_modifiable/Device/STM32C562RET6/system_stm32c5xx.c.obj
 .text.SCB_EnableFPU
                0x08003924       0x24 CMakeFiles/workpls.dir/user_modifiable/Device/STM32C562RET6/system_stm32c5xx.c.obj
 .text.SystemInit
                0x08003948       0x18 CMakeFiles/workpls.dir/user_modifiable/Device/STM32C562RET6/system_stm32c5xx.c.obj
                0x08003948                SystemInit
 .text.Reset_Handler
                0x08003960       0xc4 CMakeFiles/workpls.dir/user_modifiable/Device/STM32C562RET6/startup_stm32c562xx.c.obj
                0x08003960                Reset_Handler
 .text.HardFault_Handler
                0x08003a24        0x8 CMakeFiles/workpls.dir/user_modifiable/Device/STM32C562RET6/startup_stm32c562xx.c.obj
                0x08003a24                HardFault_Handler
 .text.Default_IRQHandler
                0x08003a2c        0x8 CMakeFiles/workpls.dir/user_modifiable/Device/STM32C562RET6/startup_stm32c562xx.c.obj
                0x08003a2c                EXTI2_IRQHandler
                0x08003a2c                TIM8_CC_IRQHandler
                0x08003a2c                EXTI5_IRQHandler
                0x08003a2c                DebugMon_Handler
                0x08003a2c                TIM8_TRGI_COM_DIR_IDX_IRQHandler
                0x08003a2c                EXTI13_IRQHandler
                0x08003a2c                LPDMA2_CH1_IRQHandler
                0x08003a2c                I2C1_ERR_IRQHandler
                0x08003a2c                TIM1_CC_IRQHandler
                0x08003a2c                LPDMA1_CH6_IRQHandler
                0x08003a2c                TAMP_IRQHandler
                0x08003a2c                TIM6_IRQHandler
                0x08003a2c                EXTI12_IRQHandler
                0x08003a2c                CORDIC_IRQHandler
                0x08003a2c                USB_DRD_FS_IRQHandler
                0x08003a2c                NMI_Handler
                0x08003a2c                EXTI3_IRQHandler
                0x08003a2c                EXTI8_IRQHandler
                0x08003a2c                PWR_PVD_IRQHandler
                0x08003a2c                EXTI0_IRQHandler
                0x08003a2c                I2C2_EV_IRQHandler
                0x08003a2c                FPU_IRQHandler
                0x08003a2c                FDCAN1_IT1_IRQHandler
                0x08003a2c                RAMCFG_IRQHandler
                0x08003a2c                UsageFault_Handler
                0x08003a2c                TIM1_UPD_IRQHandler
                0x08003a2c                SPI1_IRQHandler
                0x08003a2c                ADC1_IRQHandler
                0x08003a2c                EXTI15_IRQHandler
                0x08003a2c                TIM17_IRQHandler
                0x08003a2c                USART3_IRQHandler
                0x08003a2c                RTC_IRQHandler
                0x08003a2c                EXTI9_IRQHandler
                0x08003a2c                UART5_IRQHandler
                0x08003a2c                LPDMA2_CH3_IRQHandler
                0x08003a2c                LPDMA1_CH1_IRQHandler
                0x08003a2c                I2C1_EV_IRQHandler
                0x08003a2c                TIM16_IRQHandler
                0x08003a2c                UART4_IRQHandler
                0x08003a2c                RCC_IRQHandler
                0x08003a2c                LPDMA1_CH5_IRQHandler
                0x08003a2c                LPDMA2_CH2_IRQHandler
                0x08003a2c                TIM12_IRQHandler
                0x08003a2c                TIM7_IRQHandler
                0x08003a2c                TIM5_IRQHandler
                0x08003a2c                I3C1_EV_IRQHandler
                0x08003a2c                TIM15_IRQHandler
                0x08003a2c                TIM8_BRK_TERR_IERR_IRQHandler
                0x08003a2c                TIM8_UPD_IRQHandler
                0x08003a2c                ADC2_IRQHandler
                0x08003a2c                SPI2_IRQHandler
                0x08003a2c                MemManage_Handler
                0x08003a2c                LPDMA1_CH3_IRQHandler
                0x08003a2c                EXTI14_IRQHandler
                0x08003a2c                EXTI11_IRQHandler
                0x08003a2c                CRS_IRQHandler
                0x08003a2c                EXTI4_IRQHandler
                0x08003a2c                TIM1_BRK_TERR_IERR_IRQHandler
                0x08003a2c                RNG_IRQHandler
                0x08003a2c                TIM1_TRGI_COM_DIR_IDX_IRQHandler
                0x08003a2c                LPDMA2_CH0_IRQHandler
                0x08003a2c                I3C1_ERR_IRQHandler
                0x08003a2c                WWDG_IRQHandler
                0x08003a2c                Default_IRQHandler
                0x08003a2c                IWDG_IRQHandler
                0x08003a2c                LPUART1_IRQHandler
                0x08003a2c                FDCAN1_IT0_IRQHandler
                0x08003a2c                TIM2_IRQHandler
                0x08003a2c                LPDMA1_CH2_IRQHandler
                0x08003a2c                EXTI7_IRQHandler
                0x08003a2c                EXTI1_IRQHandler
                0x08003a2c                AES_IRQHandler
                0x08003a2c                DAC1_IRQHandler
                0x08003a2c                LPDMA1_CH4_IRQHandler
                0x08003a2c                FLASH_IRQHandler
                0x08003a2c                I2C2_ERR_IRQHandler
                0x08003a2c                BusFault_Handler
                0x08003a2c                USART1_IRQHandler
                0x08003a2c                EXTI10_IRQHandler
                0x08003a2c                SPI3_IRQHandler
                0x08003a2c                LPDMA1_CH0_IRQHandler
                0x08003a2c                EXTI6_IRQHandler
                0x08003a2c                COMP1_IRQHandler
                0x08003a2c                LPTIM1_IRQHandler
                0x08003a2c                ICACHE_IRQHandler
                0x08003a2c                LPDMA1_CH7_IRQHandler
                0x08003a2c                HASH_IRQHandler
 .text.Default_IRQHandler_Hook
                0x08003a34        0x8 CMakeFiles/workpls.dir/user_modifiable/Device/STM32C562RET6/startup_stm32c562xx.c.obj
                0x08003a34                Default_IRQHandler_Hook
 .text.LL_RCC_GetAHBPrescaler
                0x08003a3c       0x1c CMakeFiles/workpls.dir/stm32c5xx_drivers/hal/stm32c5xx_hal.c.obj
 .text.LL_FLASH_EnablePrefetch
                0x08003a58       0x20 CMakeFiles/workpls.dir/stm32c5xx_drivers/hal/stm32c5xx_hal.c.obj
 .text.HAL_Init
                0x08003a78       0x44 CMakeFiles/workpls.dir/stm32c5xx_drivers/hal/stm32c5xx_hal.c.obj
                0x08003a78                HAL_Init
 .text.HAL_InitTick
                0x08003abc       0x68 CMakeFiles/workpls.dir/stm32c5xx_drivers/hal/stm32c5xx_hal.c.obj
                0x08003abc                HAL_InitTick
 .text.HAL_UpdateCoreClock
                0x08003b24       0x30 CMakeFiles/workpls.dir/stm32c5xx_drivers/hal/stm32c5xx_hal.c.obj
                0x08003b24                HAL_UpdateCoreClock
 .text.HAL_GetTick
                0x08003b54       0x18 CMakeFiles/workpls.dir/stm32c5xx_drivers/hal/stm32c5xx_hal.c.obj
                0x08003b54                HAL_GetTick
 .text.__NVIC_SetPriorityGrouping
                0x08003b6c       0x48 CMakeFiles/workpls.dir/stm32c5xx_drivers/hal/stm32c5xx_hal_cortex.c.obj
 .text.__NVIC_GetPriorityGrouping
                0x08003bb4       0x1c CMakeFiles/workpls.dir/stm32c5xx_drivers/hal/stm32c5xx_hal_cortex.c.obj
 .text.__NVIC_EnableIRQ
                0x08003bd0       0x3c CMakeFiles/workpls.dir/stm32c5xx_drivers/hal/stm32c5xx_hal_cortex.c.obj
 .text.__NVIC_SetPriority
                0x08003c0c       0x54 CMakeFiles/workpls.dir/stm32c5xx_drivers/hal/stm32c5xx_hal_cortex.c.obj
 .text.NVIC_EncodePriority
                0x08003c60       0x66 CMakeFiles/workpls.dir/stm32c5xx_drivers/hal/stm32c5xx_hal_cortex.c.obj
 *fill*         0x08003cc6        0x2 
 .text.ARM_MPU_Enable
                0x08003cc8       0x44 CMakeFiles/workpls.dir/stm32c5xx_drivers/hal/stm32c5xx_hal_cortex.c.obj
 .text.ARM_MPU_Disable
                0x08003d0c       0x40 CMakeFiles/workpls.dir/stm32c5xx_drivers/hal/stm32c5xx_hal_cortex.c.obj
 .text.ARM_MPU_SetMemAttrEx
                0x08003d4c       0x6a CMakeFiles/workpls.dir/stm32c5xx_drivers/hal/stm32c5xx_hal_cortex.c.obj
 *fill*         0x08003db6        0x2 
 .text.ARM_MPU_SetMemAttr
                0x08003db8       0x28 CMakeFiles/workpls.dir/stm32c5xx_drivers/hal/stm32c5xx_hal_cortex.c.obj
 .text.ARM_MPU_SetRegionEx
                0x08003de0       0x2c CMakeFiles/workpls.dir/stm32c5xx_drivers/hal/stm32c5xx_hal_cortex.c.obj
 .text.ARM_MPU_SetRegion
                0x08003e0c       0x24 CMakeFiles/workpls.dir/stm32c5xx_drivers/hal/stm32c5xx_hal_cortex.c.obj
 .text.SysTick_SetClkSource
                0x08003e30       0x38 CMakeFiles/workpls.dir/stm32c5xx_drivers/hal/stm32c5xx_hal_cortex.c.obj
 .text.SysTick_GetClkSource
                0x08003e68       0x1c CMakeFiles/workpls.dir/stm32c5xx_drivers/hal/stm32c5xx_hal_cortex.c.obj
 .text.SysTick_EnableIT
                0x08003e84       0x20 CMakeFiles/workpls.dir/stm32c5xx_drivers/hal/stm32c5xx_hal_cortex.c.obj
 .text.SysTick_Enable
                0x08003ea4       0x20 CMakeFiles/workpls.dir/stm32c5xx_drivers/hal/stm32c5xx_hal_cortex.c.obj
 .text.SysTick_SetReload
                0x08003ec4       0x30 CMakeFiles/workpls.dir/stm32c5xx_drivers/hal/stm32c5xx_hal_cortex.c.obj
 .text.SysTick_SetCounter
                0x08003ef4       0x20 CMakeFiles/workpls.dir/stm32c5xx_drivers/hal/stm32c5xx_hal_cortex.c.obj
 .text.HAL_CORTEX_NVIC_SetPriorityGrouping
                0x08003f14       0x1a CMakeFiles/workpls.dir/stm32c5xx_drivers/hal/stm32c5xx_hal_cortex.c.obj
                0x08003f14                HAL_CORTEX_NVIC_SetPriorityGrouping
 .text.HAL_CORTEX_NVIC_SetPriority
                0x08003f2e       0x36 CMakeFiles/workpls.dir/stm32c5xx_drivers/hal/stm32c5xx_hal_cortex.c.obj
                0x08003f2e                HAL_CORTEX_NVIC_SetPriority
 .text.HAL_CORTEX_NVIC_EnableIRQ
                0x08003f64       0x1c CMakeFiles/workpls.dir/stm32c5xx_drivers/hal/stm32c5xx_hal_cortex.c.obj
                0x08003f64                HAL_CORTEX_NVIC_EnableIRQ
 .text.HAL_CORTEX_SYSTICK_SetFreq
                0x08003f80       0x66 CMakeFiles/workpls.dir/stm32c5xx_drivers/hal/stm32c5xx_hal_cortex.c.obj
                0x08003f80                HAL_CORTEX_SYSTICK_SetFreq
 .text.HAL_CORTEX_SYSTICK_SetClkSource
                0x08003fe6       0x1a CMakeFiles/workpls.dir/stm32c5xx_drivers/hal/stm32c5xx_hal_cortex.c.obj
                0x08003fe6                HAL_CORTEX_SYSTICK_SetClkSource
 .text.HAL_CORTEX_MPU_Enable
                0x08004000       0x26 CMakeFiles/workpls.dir/stm32c5xx_drivers/hal/stm32c5xx_hal_cortex.c.obj
                0x08004000                HAL_CORTEX_MPU_Enable
 .text.HAL_CORTEX_MPU_Disable
                0x08004026        0xc CMakeFiles/workpls.dir/stm32c5xx_drivers/hal/stm32c5xx_hal_cortex.c.obj
                0x08004026                HAL_CORTEX_MPU_Disable
 .text.HAL_CORTEX_MPU_SetCacheMemAttr
                0x08004032       0x2a CMakeFiles/workpls.dir/stm32c5xx_drivers/hal/stm32c5xx_hal_cortex.c.obj
                0x08004032                HAL_CORTEX_MPU_SetCacheMemAttr
 .text.HAL_CORTEX_MPU_SetConfigRegion
                0x0800405c       0x54 CMakeFiles/workpls.dir/stm32c5xx_drivers/hal/stm32c5xx_hal_cortex.c.obj
                0x0800405c                HAL_CORTEX_MPU_SetConfigRegion
 .text.HAL_CORTEX_MPU_EnableRegion
                0x080040b0       0x2c CMakeFiles/workpls.dir/stm32c5xx_drivers/hal/stm32c5xx_hal_cortex.c.obj
                0x080040b0                HAL_CORTEX_MPU_EnableRegion
 .text.LL_FLASH_SetLatency
                0x080040dc       0x26 CMakeFiles/workpls.dir/stm32c5xx_drivers/hal/stm32c5xx_hal_flash_itf.c.obj
 .text.LL_FLASH_SetProgrammingDelay
                0x08004102       0x26 CMakeFiles/workpls.dir/stm32c5xx_drivers/hal/stm32c5xx_hal_flash_itf.c.obj
 .text.HAL_FLASH_ITF_SetLatency
                0x08004128       0x24 CMakeFiles/workpls.dir/stm32c5xx_drivers/hal/stm32c5xx_hal_flash_itf.c.obj
                0x08004128                HAL_FLASH_ITF_SetLatency
 .text.HAL_FLASH_ITF_SetProgrammingDelay
                0x0800414c       0x24 CMakeFiles/workpls.dir/stm32c5xx_drivers/hal/stm32c5xx_hal_flash_itf.c.obj
                0x0800414c                HAL_FLASH_ITF_SetProgrammingDelay
 .text.LL_GPIO_SetPinMode
                0x08004170       0x9c CMakeFiles/workpls.dir/stm32c5xx_drivers/hal/stm32c5xx_hal_gpio.c.obj
 .text.LL_GPIO_SetPinOutputType
                0x0800420c       0x56 CMakeFiles/workpls.dir/stm32c5xx_drivers/hal/stm32c5xx_hal_gpio.c.obj
 .text.LL_GPIO_SetPinSpeed
                0x08004262       0xa0 CMakeFiles/workpls.dir/stm32c5xx_drivers/hal/stm32c5xx_hal_gpio.c.obj
 .text.LL_GPIO_SetPinPull
                0x08004302       0xa0 CMakeFiles/workpls.dir/stm32c5xx_drivers/hal/stm32c5xx_hal_gpio.c.obj
 .text.LL_GPIO_SetAFPin_0_7
                0x080043a2       0xa0 CMakeFiles/workpls.dir/stm32c5xx_drivers/hal/stm32c5xx_hal_gpio.c.obj
 .text.LL_GPIO_SetAFPin_8_15
                0x08004442       0xa4 CMakeFiles/workpls.dir/stm32c5xx_drivers/hal/stm32c5xx_hal_gpio.c.obj
 .text.LL_GPIO_WriteOutputPin
                0x080044e6       0x2a CMakeFiles/workpls.dir/stm32c5xx_drivers/hal/stm32c5xx_hal_gpio.c.obj
 .text.LL_GPIO_TogglePin
                0x08004510       0x32 CMakeFiles/workpls.dir/stm32c5xx_drivers/hal/stm32c5xx_hal_gpio.c.obj
 .text.HAL_GPIO_Init
                0x08004542      0x134 CMakeFiles/workpls.dir/stm32c5xx_drivers/hal/stm32c5xx_hal_gpio.c.obj
                0x08004542                HAL_GPIO_Init
 .text.HAL_GPIO_TogglePin
                0x08004676       0x1c CMakeFiles/workpls.dir/stm32c5xx_drivers/hal/stm32c5xx_hal_gpio.c.obj
                0x08004676                HAL_GPIO_TogglePin
 .text.LL_ICACHE_Enable
                0x08004692       0x20 CMakeFiles/workpls.dir/stm32c5xx_drivers/hal/stm32c5xx_hal_icache.c.obj
 .text.LL_ICACHE_EnableIT
                0x080046b2       0x22 CMakeFiles/workpls.dir/stm32c5xx_drivers/hal/stm32c5xx_hal_icache.c.obj
 .text.HAL_ICACHE_Init
                0x080046d4       0x34 CMakeFiles/workpls.dir/stm32c5xx_drivers/hal/stm32c5xx_hal_icache.c.obj
                0x080046d4                HAL_ICACHE_Init
 .text.HAL_ICACHE_Start
                0x08004708       0x32 CMakeFiles/workpls.dir/stm32c5xx_drivers/hal/stm32c5xx_hal_icache.c.obj
                0x08004708                HAL_ICACHE_Start
 *fill*         0x0800473a        0x2 
 .text.LL_RCC_LSI_IsReady
                0x0800473c       0x28 CMakeFiles/workpls.dir/stm32c5xx_drivers/hal/stm32c5xx_hal_rcc.c.obj
 .text.LL_RCC_HSIDIV3_Enable
                0x08004764       0x20 CMakeFiles/workpls.dir/stm32c5xx_drivers/hal/stm32c5xx_hal_rcc.c.obj
 .text.LL_RCC_HSIDIV3_IsReady
                0x08004784       0x24 CMakeFiles/workpls.dir/stm32c5xx_drivers/hal/stm32c5xx_hal_rcc.c.obj
 .text.LL_RCC_HSIK_IsReady
                0x080047a8       0x24 CMakeFiles/workpls.dir/stm32c5xx_drivers/hal/stm32c5xx_hal_rcc.c.obj
 .text.LL_RCC_HSIK_GetDivider
                0x080047cc       0x1c CMakeFiles/workpls.dir/stm32c5xx_drivers/hal/stm32c5xx_hal_rcc.c.obj
 .text.LL_RCC_PSIS_Enable
                0x080047e8       0x20 CMakeFiles/workpls.dir/stm32c5xx_drivers/hal/stm32c5xx_hal_rcc.c.obj
 .text.LL_RCC_PSIS_IsReady
                0x08004808       0x28 CMakeFiles/workpls.dir/stm32c5xx_drivers/hal/stm32c5xx_hal_rcc.c.obj
 .text.LL_RCC_PSIDIV3_IsReady
                0x08004830       0x28 CMakeFiles/workpls.dir/stm32c5xx_drivers/hal/stm32c5xx_hal_rcc.c.obj
 .text.LL_RCC_PSIK_IsReady
                0x08004858       0x28 CMakeFiles/workpls.dir/stm32c5xx_drivers/hal/stm32c5xx_hal_rcc.c.obj
 .text.LL_RCC_PSIK_GetDivider
                0x08004880       0x1c CMakeFiles/workpls.dir/stm32c5xx_drivers/hal/stm32c5xx_hal_rcc.c.obj
 .text.LL_RCC_ConfigPSI
                0x0800489c       0x38 CMakeFiles/workpls.dir/stm32c5xx_drivers/hal/stm32c5xx_hal_rcc.c.obj
 .text.LL_RCC_GetConfigPSI
                0x080048d4       0x40 CMakeFiles/workpls.dir/stm32c5xx_drivers/hal/stm32c5xx_hal_rcc.c.obj
 .text.LL_RCC_HSE_Enable
                0x08004914       0x20 CMakeFiles/workpls.dir/stm32c5xx_drivers/hal/stm32c5xx_hal_rcc.c.obj
 .text.LL_RCC_HSE_IsReady
                0x08004934       0x28 CMakeFiles/workpls.dir/stm32c5xx_drivers/hal/stm32c5xx_hal_rcc.c.obj
 .text.LL_RCC_HSE_ConfigBypass
                0x0800495c       0x2c CMakeFiles/workpls.dir/stm32c5xx_drivers/hal/stm32c5xx_hal_rcc.c.obj
 .text.LL_RCC_SetSysClkSource
                0x08004988       0x28 CMakeFiles/workpls.dir/stm32c5xx_drivers/hal/stm32c5xx_hal_rcc.c.obj
 .text.LL_RCC_GetSysClkSource
                0x080049b0       0x1c CMakeFiles/workpls.dir/stm32c5xx_drivers/hal/stm32c5xx_hal_rcc.c.obj
 .text.LL_RCC_GetAHBPrescaler
                0x080049cc       0x1c CMakeFiles/workpls.dir/stm32c5xx_drivers/hal/stm32c5xx_hal_rcc.c.obj
 .text.LL_RCC_GetSystickClockSource
                0x080049e8       0x1c CMakeFiles/workpls.dir/stm32c5xx_drivers/hal/stm32c5xx_hal_rcc.c.obj
 .text.LL_RCC_GetAPB1Prescaler
                0x08004a04       0x1c CMakeFiles/workpls.dir/stm32c5xx_drivers/hal/stm32c5xx_hal_rcc.c.obj
 .text.LL_RCC_GetAPB2Prescaler
                0x08004a20       0x1c CMakeFiles/workpls.dir/stm32c5xx_drivers/hal/stm32c5xx_hal_rcc.c.obj
 .text.LL_RCC_GetAPB3Prescaler
                0x08004a3c       0x1c CMakeFiles/workpls.dir/stm32c5xx_drivers/hal/stm32c5xx_hal_rcc.c.obj
 .text.LL_RCC_ConfigBusClock
                0x08004a58       0x2c CMakeFiles/workpls.dir/stm32c5xx_drivers/hal/stm32c5xx_hal_rcc.c.obj
 .text.LL_RCC_SetClockSource
                0x08004a84       0x54 CMakeFiles/workpls.dir/stm32c5xx_drivers/hal/stm32c5xx_hal_rcc.c.obj
 .text.LL_RCC_SetUSARTClockSource
                0x08004ad8       0x16 CMakeFiles/workpls.dir/stm32c5xx_drivers/hal/stm32c5xx_hal_rcc.c.obj
 *fill*         0x08004aee        0x2 
 .text.LL_RCC_SetCK48ClockSource
                0x08004af0       0x2c CMakeFiles/workpls.dir/stm32c5xx_drivers/hal/stm32c5xx_hal_rcc.c.obj
 .text.LL_RCC_GetClockSource
                0x08004b1c       0x48 CMakeFiles/workpls.dir/stm32c5xx_drivers/hal/stm32c5xx_hal_rcc.c.obj
 .text.LL_RCC_GetUSARTClockSource
                0x08004b64       0x18 CMakeFiles/workpls.dir/stm32c5xx_drivers/hal/stm32c5xx_hal_rcc.c.obj
 .text.LL_RCC_GetUARTClockSource
                0x08004b7c       0x18 CMakeFiles/workpls.dir/stm32c5xx_drivers/hal/stm32c5xx_hal_rcc.c.obj
 .text.LL_RCC_GetLPUARTClockSource
                0x08004b94       0x24 CMakeFiles/workpls.dir/stm32c5xx_drivers/hal/stm32c5xx_hal_rcc.c.obj
 .text.HAL_RCC_HSIDIV3_Enable
                0x08004bb8       0x1c CMakeFiles/workpls.dir/stm32c5xx_drivers/hal/stm32c5xx_hal_rcc.c.obj
                0x08004bb8                HAL_RCC_HSIDIV3_Enable
 .text.HAL_RCC_HSE_Enable
                0x08004bd4       0x3c CMakeFiles/workpls.dir/stm32c5xx_drivers/hal/stm32c5xx_hal_rcc.c.obj
                0x08004bd4                HAL_RCC_HSE_Enable
 .text.HAL_RCC_PSIS_Enable
                0x08004c10       0x1c CMakeFiles/workpls.dir/stm32c5xx_drivers/hal/stm32c5xx_hal_rcc.c.obj
                0x08004c10                HAL_RCC_PSIS_Enable
 .text.HAL_RCC_PSI_SetConfig
                0x08004c2c       0x5c CMakeFiles/workpls.dir/stm32c5xx_drivers/hal/stm32c5xx_hal_rcc.c.obj
                0x08004c2c                HAL_RCC_PSI_SetConfig
 .text.HAL_RCC_PSI_GetConfig
                0x08004c88       0x34 CMakeFiles/workpls.dir/stm32c5xx_drivers/hal/stm32c5xx_hal_rcc.c.obj
                0x08004c88                HAL_RCC_PSI_GetConfig
 .text.HAL_RCC_SetSYSCLKSource
                0x08004cbc       0x52 CMakeFiles/workpls.dir/stm32c5xx_drivers/hal/stm32c5xx_hal_rcc.c.obj
                0x08004cbc                HAL_RCC_SetSYSCLKSource
 .text.HAL_RCC_GetSYSCLKSource
                0x08004d0e       0x12 CMakeFiles/workpls.dir/stm32c5xx_drivers/hal/stm32c5xx_hal_rcc.c.obj
                0x08004d0e                HAL_RCC_GetSYSCLKSource
 .text.HAL_RCC_SetBusClockConfig
                0x08004d20       0x44 CMakeFiles/workpls.dir/stm32c5xx_drivers/hal/stm32c5xx_hal_rcc.c.obj
                0x08004d20                HAL_RCC_SetBusClockConfig
 .text.HAL_RCC_GetPSIClockFreq
                0x08004d64       0x9c CMakeFiles/workpls.dir/stm32c5xx_drivers/hal/stm32c5xx_hal_rcc.c.obj
                0x08004d64                HAL_RCC_GetPSIClockFreq
 .text.HAL_RCC_GetSYSCLKFreq
                0x08004e00       0x4c CMakeFiles/workpls.dir/stm32c5xx_drivers/hal/stm32c5xx_hal_rcc.c.obj
                0x08004e00                HAL_RCC_GetSYSCLKFreq
 .text.HAL_RCC_GetHCLKFreq
                0x08004e4c       0x20 CMakeFiles/workpls.dir/stm32c5xx_drivers/hal/stm32c5xx_hal_rcc.c.obj
                0x08004e4c                HAL_RCC_GetHCLKFreq
 .text.HAL_RCC_GetPCLK1Freq
                0x08004e6c       0x24 CMakeFiles/workpls.dir/stm32c5xx_drivers/hal/stm32c5xx_hal_rcc.c.obj
                0x08004e6c                HAL_RCC_GetPCLK1Freq
 .text.HAL_RCC_GetPCLK2Freq
                0x08004e90       0x24 CMakeFiles/workpls.dir/stm32c5xx_drivers/hal/stm32c5xx_hal_rcc.c.obj
                0x08004e90                HAL_RCC_GetPCLK2Freq
 .text.HAL_RCC_GetPCLK3Freq
                0x08004eb4       0x24 CMakeFiles/workpls.dir/stm32c5xx_drivers/hal/stm32c5xx_hal_rcc.c.obj
                0x08004eb4                HAL_RCC_GetPCLK3Freq
 .text.HAL_RCC_USART2_SetKernelClkSource
                0x08004ed8       0x1a CMakeFiles/workpls.dir/stm32c5xx_drivers/hal/stm32c5xx_hal_rcc.c.obj
                0x08004ed8                HAL_RCC_USART2_SetKernelClkSource
 .text.HAL_RCC_CK48_SetKernelClkSource
                0x08004ef2       0x1a CMakeFiles/workpls.dir/stm32c5xx_drivers/hal/stm32c5xx_hal_rcc.c.obj
                0x08004ef2                HAL_RCC_CK48_SetKernelClkSource
 .text.HAL_RCC_UART_GetKernelClkFreq
                0x08004f0c       0xa0 CMakeFiles/workpls.dir/stm32c5xx_drivers/hal/stm32c5xx_hal_rcc.c.obj
                0x08004f0c                HAL_RCC_UART_GetKernelClkFreq
 .text.HAL_RCC_USART1_GetKernelClkFreq
                0x08004fac       0xb0 CMakeFiles/workpls.dir/stm32c5xx_drivers/hal/stm32c5xx_hal_rcc.c.obj
                0x08004fac                HAL_RCC_USART1_GetKernelClkFreq
 .text.HAL_RCC_USART2_GetKernelClkFreq
                0x0800505c       0xb4 CMakeFiles/workpls.dir/stm32c5xx_drivers/hal/stm32c5xx_hal_rcc.c.obj
                0x0800505c                HAL_RCC_USART2_GetKernelClkFreq
 .text.HAL_RCC_USART3_GetKernelClkFreq
                0x08005110       0xb4 CMakeFiles/workpls.dir/stm32c5xx_drivers/hal/stm32c5xx_hal_rcc.c.obj
                0x08005110                HAL_RCC_USART3_GetKernelClkFreq
 .text.HAL_RCC_UART4_GetKernelClkFreq
                0x080051c4       0xb4 CMakeFiles/workpls.dir/stm32c5xx_drivers/hal/stm32c5xx_hal_rcc.c.obj
                0x080051c4                HAL_RCC_UART4_GetKernelClkFreq
 .text.HAL_RCC_UART5_GetKernelClkFreq
                0x08005278       0xb4 CMakeFiles/workpls.dir/stm32c5xx_drivers/hal/stm32c5xx_hal_rcc.c.obj
                0x08005278                HAL_RCC_UART5_GetKernelClkFreq
 .text.HAL_RCC_LPUART1_GetKernelClkFreq
                0x0800532c       0x88 CMakeFiles/workpls.dir/stm32c5xx_drivers/hal/stm32c5xx_hal_rcc.c.obj
                0x0800532c                HAL_RCC_LPUART1_GetKernelClkFreq
 .text.HAL_RCC_GetSysTickExternalClkFreq
                0x080053b4       0x3e CMakeFiles/workpls.dir/stm32c5xx_drivers/hal/stm32c5xx_hal_rcc.c.obj
                0x080053b4                HAL_RCC_GetSysTickExternalClkFreq
 .text.RCC_WaitForTimeout
                0x080053f2       0x54 CMakeFiles/workpls.dir/stm32c5xx_drivers/hal/stm32c5xx_hal_rcc.c.obj
 .text.RCC_GetDividerValue
                0x08005446      0x132 CMakeFiles/workpls.dir/stm32c5xx_drivers/hal/stm32c5xx_hal_rcc.c.obj
 .text.LL_RNG_Enable
                0x08005578       0x20 CMakeFiles/workpls.dir/stm32c5xx_drivers/hal/stm32c5xx_hal_rng.c.obj
 .text.LL_RNG_Disable
                0x08005598       0x20 CMakeFiles/workpls.dir/stm32c5xx_drivers/hal/stm32c5xx_hal_rng.c.obj
 .text.LL_RNG_DisableCondReset
                0x080055b8       0x20 CMakeFiles/workpls.dir/stm32c5xx_drivers/hal/stm32c5xx_hal_rng.c.obj
 .text.LL_RNG_IsEnabledCondReset
                0x080055d8       0x28 CMakeFiles/workpls.dir/stm32c5xx_drivers/hal/stm32c5xx_hal_rng.c.obj
 .text.LL_RNG_IsConfigLocked
                0x08005600       0x28 CMakeFiles/workpls.dir/stm32c5xx_drivers/hal/stm32c5xx_hal_rng.c.obj
 .text.LL_RNG_IsActiveFlag_DRDY
                0x08005628       0x26 CMakeFiles/workpls.dir/stm32c5xx_drivers/hal/stm32c5xx_hal_rng.c.obj
 .text.LL_RNG_IsActiveFlag_SECS
                0x0800564e       0x26 CMakeFiles/workpls.dir/stm32c5xx_drivers/hal/stm32c5xx_hal_rng.c.obj
 .text.LL_RNG_IsActiveFlag_CEIS
                0x08005674       0x26 CMakeFiles/workpls.dir/stm32c5xx_drivers/hal/stm32c5xx_hal_rng.c.obj
 .text.LL_RNG_IsActiveFlag_SEIS
                0x0800569a       0x26 CMakeFiles/workpls.dir/stm32c5xx_drivers/hal/stm32c5xx_hal_rng.c.obj
 .text.LL_RNG_IsActiveFlag_BUSY
                0x080056c0       0x26 CMakeFiles/workpls.dir/stm32c5xx_drivers/hal/stm32c5xx_hal_rng.c.obj
 .text.LL_RNG_ClearFlag_CEIS
                0x080056e6       0x1c CMakeFiles/workpls.dir/stm32c5xx_drivers/hal/stm32c5xx_hal_rng.c.obj
 .text.LL_RNG_ClearFlag_SEIS
                0x08005702       0x1c CMakeFiles/workpls.dir/stm32c5xx_drivers/hal/stm32c5xx_hal_rng.c.obj
 .text.LL_RNG_ReadRandData32
                0x0800571e       0x18 CMakeFiles/workpls.dir/stm32c5xx_drivers/hal/stm32c5xx_hal_rng.c.obj
 .text.HAL_RNG_Init
                0x08005736       0x40 CMakeFiles/workpls.dir/stm32c5xx_drivers/hal/stm32c5xx_hal_rng.c.obj
                0x08005736                HAL_RNG_Init
 *fill*         0x08005776        0x2 
 .text.HAL_RNG_SetCandidateNISTConfig
                0x08005778       0x60 CMakeFiles/workpls.dir/stm32c5xx_drivers/hal/stm32c5xx_hal_rng.c.obj
                0x08005778                HAL_RNG_SetCandidateNISTConfig
 .text.HAL_RNG_GenerateRandomNumber
                0x080057d8      0x110 CMakeFiles/workpls.dir/stm32c5xx_drivers/hal/stm32c5xx_hal_rng.c.obj
                0x080057d8                HAL_RNG_GenerateRandomNumber
 .text.RNG_WaitOnFlagUntilTimeout
                0x080058e8       0x50 CMakeFiles/workpls.dir/stm32c5xx_drivers/hal/stm32c5xx_hal_rng.c.obj
 .text.RNG_WaitOnBusyFlagUntilTimeout
                0x08005938       0x40 CMakeFiles/workpls.dir/stm32c5xx_drivers/hal/stm32c5xx_hal_rng.c.obj
 .text.LL_TIM_EnableUpdateEvent
                0x08005978       0x20 CMakeFiles/workpls.dir/stm32c5xx_drivers/hal/stm32c5xx_hal_tim.c.obj
 .text.LL_TIM_SetUpdateSource
                0x08005998       0x26 CMakeFiles/workpls.dir/stm32c5xx_drivers/hal/stm32c5xx_hal_tim.c.obj
 .text.LL_TIM_GetUpdateSource
                0x080059be       0x1c CMakeFiles/workpls.dir/stm32c5xx_drivers/hal/stm32c5xx_hal_tim.c.obj
 .text.LL_TIM_SetCounterMode
                0x080059da       0x26 CMakeFiles/workpls.dir/stm32c5xx_drivers/hal/stm32c5xx_hal_tim.c.obj
 .text.LL_TIM_SetClockDivision
                0x08005a00       0x26 CMakeFiles/workpls.dir/stm32c5xx_drivers/hal/stm32c5xx_hal_tim.c.obj
 .text.LL_TIM_SetClockDivision2
                0x08005a26       0x26 CMakeFiles/workpls.dir/stm32c5xx_drivers/hal/stm32c5xx_hal_tim.c.obj
 .text.LL_TIM_SetPrescaler
                0x08005a4c       0x1c CMakeFiles/workpls.dir/stm32c5xx_drivers/hal/stm32c5xx_hal_tim.c.obj
 .text.LL_TIM_SetAutoReload
                0x08005a68       0x1c CMakeFiles/workpls.dir/stm32c5xx_drivers/hal/stm32c5xx_hal_tim.c.obj
 .text.LL_TIM_SetRepetitionCounter
                0x08005a84       0x1c CMakeFiles/workpls.dir/stm32c5xx_drivers/hal/stm32c5xx_hal_tim.c.obj
 .text.LL_TIM_SetClockSource
                0x08005aa0       0x2a CMakeFiles/workpls.dir/stm32c5xx_drivers/hal/stm32c5xx_hal_tim.c.obj
 .text.LL_TIM_SetTriggerInput
                0x08005aca       0x2a CMakeFiles/workpls.dir/stm32c5xx_drivers/hal/stm32c5xx_hal_tim.c.obj
 .text.LL_TIM_GenerateEvent_UPDATE
                0x08005af4       0x20 CMakeFiles/workpls.dir/stm32c5xx_drivers/hal/stm32c5xx_hal_tim.c.obj
 .text.TIM_SetClockSource
                0x08005b14       0xb4 CMakeFiles/workpls.dir/stm32c5xx_drivers/hal/stm32c5xx_hal_tim.c.obj
 .text.HAL_TIM_Init
                0x08005bc8       0x54 CMakeFiles/workpls.dir/stm32c5xx_drivers/hal/stm32c5xx_hal_tim.c.obj
                0x08005bc8                HAL_TIM_Init
 .text.HAL_TIM_SetConfig
                0x08005c1c      0x130 CMakeFiles/workpls.dir/stm32c5xx_drivers/hal/stm32c5xx_hal_tim.c.obj
                0x08005c1c                HAL_TIM_SetConfig
 .text.HAL_TIM_SetDTSPrescaler
                0x08005d4c       0x28 CMakeFiles/workpls.dir/stm32c5xx_drivers/hal/stm32c5xx_hal_tim.c.obj
                0x08005d4c                HAL_TIM_SetDTSPrescaler
 .text.HAL_TIM_SetDTS2Prescaler
                0x08005d74       0x24 CMakeFiles/workpls.dir/stm32c5xx_drivers/hal/stm32c5xx_hal_tim.c.obj
                0x08005d74                HAL_TIM_SetDTS2Prescaler
 .text.HAL_TIM_EnableUpdateGeneration
                0x08005d98       0x1e CMakeFiles/workpls.dir/stm32c5xx_drivers/hal/stm32c5xx_hal_tim.c.obj
                0x08005d98                HAL_TIM_EnableUpdateGeneration
 .text.HAL_TIM_SetUpdateSource
                0x08005db6       0x28 CMakeFiles/workpls.dir/stm32c5xx_drivers/hal/stm32c5xx_hal_tim.c.obj
                0x08005db6                HAL_TIM_SetUpdateSource
 .text.LL_USART_Enable
                0x08005dde       0x20 CMakeFiles/workpls.dir/stm32c5xx_drivers/hal/stm32c5xx_hal_uart.c.obj
 .text.LL_USART_Disable
                0x08005dfe       0x20 CMakeFiles/workpls.dir/stm32c5xx_drivers/hal/stm32c5xx_hal_uart.c.obj
 .text.LL_USART_IsEnabled
                0x08005e1e       0x26 CMakeFiles/workpls.dir/stm32c5xx_drivers/hal/stm32c5xx_hal_uart.c.obj
 .text.LL_USART_ConfigXfer
                0x08005e44       0x3c CMakeFiles/workpls.dir/stm32c5xx_drivers/hal/stm32c5xx_hal_uart.c.obj
 .text.LL_USART_IsEnabledDirectionRx
                0x08005e80       0x26 CMakeFiles/workpls.dir/stm32c5xx_drivers/hal/stm32c5xx_hal_uart.c.obj
 .text.LL_USART_IsEnabledDirectionTx
                0x08005ea6       0x26 CMakeFiles/workpls.dir/stm32c5xx_drivers/hal/stm32c5xx_hal_uart.c.obj
 .text.LL_USART_SetTransferDirection
                0x08005ecc       0x48 CMakeFiles/workpls.dir/stm32c5xx_drivers/hal/stm32c5xx_hal_uart.c.obj
 .text.LL_USART_SetPrescaler
                0x08005f14       0x28 CMakeFiles/workpls.dir/stm32c5xx_drivers/hal/stm32c5xx_hal_uart.c.obj
 .text.LL_USART_DisableRxTimeout
                0x08005f3c       0x20 CMakeFiles/workpls.dir/stm32c5xx_drivers/hal/stm32c5xx_hal_uart.c.obj
 .text.LL_USART_SetHWFlowCtrl
                0x08005f5c       0x26 CMakeFiles/workpls.dir/stm32c5xx_drivers/hal/stm32c5xx_hal_uart.c.obj
 .text.LL_USART_EnableOneBitSample
                0x08005f82       0x20 CMakeFiles/workpls.dir/stm32c5xx_drivers/hal/stm32c5xx_hal_uart.c.obj
 .text.LL_USART_DisableOneBitSample
                0x08005fa2       0x20 CMakeFiles/workpls.dir/stm32c5xx_drivers/hal/stm32c5xx_hal_uart.c.obj
 *fill*         0x08005fc2        0x2 
 .text.LL_USART_SetBaudRate
                0x08005fc4       0x9c CMakeFiles/workpls.dir/stm32c5xx_drivers/hal/stm32c5xx_hal_uart.c.obj
 .text.LL_USART_IsEnabledHalfDuplex
                0x08006060       0x26 CMakeFiles/workpls.dir/stm32c5xx_drivers/hal/stm32c5xx_hal_uart.c.obj
 .text.LL_USART_ConfigAsyncMode
                0x08006086       0x2c CMakeFiles/workpls.dir/stm32c5xx_drivers/hal/stm32c5xx_hal_uart.c.obj
 .text.LL_USART_IsActiveFlag_RTO
                0x080060b2       0x28 CMakeFiles/workpls.dir/stm32c5xx_drivers/hal/stm32c5xx_hal_uart.c.obj
 .text.LL_USART_IsActiveFlag_TEACK
                0x080060da       0x28 CMakeFiles/workpls.dir/stm32c5xx_drivers/hal/stm32c5xx_hal_uart.c.obj
 .text.LL_USART_IsActiveFlag_REACK
                0x08006102       0x28 CMakeFiles/workpls.dir/stm32c5xx_drivers/hal/stm32c5xx_hal_uart.c.obj
 .text.LL_USART_ClearFlag_PE
                0x0800612a       0x1a CMakeFiles/workpls.dir/stm32c5xx_drivers/hal/stm32c5xx_hal_uart.c.obj
 .text.LL_USART_ClearFlag_FE
                0x08006144       0x1a CMakeFiles/workpls.dir/stm32c5xx_drivers/hal/stm32c5xx_hal_uart.c.obj
 .text.LL_USART_ClearFlag_NE
                0x0800615e       0x1a CMakeFiles/workpls.dir/stm32c5xx_drivers/hal/stm32c5xx_hal_uart.c.obj
 .text.LL_USART_ClearFlag_ORE
                0x08006178       0x1a CMakeFiles/workpls.dir/stm32c5xx_drivers/hal/stm32c5xx_hal_uart.c.obj
 .text.LL_USART_ClearFlag_IDLE
                0x08006192       0x1a CMakeFiles/workpls.dir/stm32c5xx_drivers/hal/stm32c5xx_hal_uart.c.obj
 .text.LL_USART_ClearFlag_LBD
                0x080061ac       0x1c CMakeFiles/workpls.dir/stm32c5xx_drivers/hal/stm32c5xx_hal_uart.c.obj
 .text.LL_USART_ClearFlag_RTO
                0x080061c8       0x1c CMakeFiles/workpls.dir/stm32c5xx_drivers/hal/stm32c5xx_hal_uart.c.obj
 .text.LL_USART_ClearFlag_CM
                0x080061e4       0x1c CMakeFiles/workpls.dir/stm32c5xx_drivers/hal/stm32c5xx_hal_uart.c.obj
 .text.LL_USART_ClearFlag_WKUP
                0x08006200       0x1c CMakeFiles/workpls.dir/stm32c5xx_drivers/hal/stm32c5xx_hal_uart.c.obj
 .text.LL_USART_DisableIT_CR1
                0x0800621c       0x46 CMakeFiles/workpls.dir/stm32c5xx_drivers/hal/stm32c5xx_hal_uart.c.obj
 .text.LL_USART_DisableIT_IDLE
                0x08006262       0x42 CMakeFiles/workpls.dir/stm32c5xx_drivers/hal/stm32c5xx_hal_uart.c.obj
 .text.LL_USART_DisableIT_TC
                0x080062a4       0x42 CMakeFiles/workpls.dir/stm32c5xx_drivers/hal/stm32c5xx_hal_uart.c.obj
 .text.LL_USART_DisableIT_CM
                0x080062e6       0x42 CMakeFiles/workpls.dir/stm32c5xx_drivers/hal/stm32c5xx_hal_uart.c.obj
 .text.LL_USART_DisableIT_RTO
                0x08006328       0x42 CMakeFiles/workpls.dir/stm32c5xx_drivers/hal/stm32c5xx_hal_uart.c.obj
 .text.LL_USART_DisableIT_RXFF
                0x0800636a       0x42 CMakeFiles/workpls.dir/stm32c5xx_drivers/hal/stm32c5xx_hal_uart.c.obj
 .text.LL_USART_DisableIT_LBD
                0x080063ac       0x20 CMakeFiles/workpls.dir/stm32c5xx_drivers/hal/stm32c5xx_hal_uart.c.obj
 .text.LL_USART_DisableIT_CR3
                0x080063cc       0x4a CMakeFiles/workpls.dir/stm32c5xx_drivers/hal/stm32c5xx_hal_uart.c.obj
 .text.LL_USART_IsEnabledIT_RXFF
                0x08006416       0x28 CMakeFiles/workpls.dir/stm32c5xx_drivers/hal/stm32c5xx_hal_uart.c.obj
 .text.LL_USART_IsEnabledIT_LBD
                0x0800643e       0x26 CMakeFiles/workpls.dir/stm32c5xx_drivers/hal/stm32c5xx_hal_uart.c.obj
 .text.LL_USART_IsEnabledDMAReq_RX
                0x08006464       0x26 CMakeFiles/workpls.dir/stm32c5xx_drivers/hal/stm32c5xx_hal_uart.c.obj
 .text.LL_USART_TransmitData8
                0x0800648a       0x1e CMakeFiles/workpls.dir/stm32c5xx_drivers/hal/stm32c5xx_hal_uart.c.obj
 .text.LL_USART_TransmitData9
                0x080064a8       0x22 CMakeFiles/workpls.dir/stm32c5xx_drivers/hal/stm32c5xx_hal_uart.c.obj
 *fill*         0x080064ca        0x2 
 .text.LL_LPUART_DIV
                0x080064cc       0x8c CMakeFiles/workpls.dir/stm32c5xx_drivers/hal/stm32c5xx_hal_uart.c.obj
 .text.LL_LPUART_ConfigXfer
                0x08006558       0x3c CMakeFiles/workpls.dir/stm32c5xx_drivers/hal/stm32c5xx_hal_uart.c.obj
 .text.LL_LPUART_SetBaudRate
                0x08006594       0x2c CMakeFiles/workpls.dir/stm32c5xx_drivers/hal/stm32c5xx_hal_uart.c.obj
 .text.HAL_UART_Init
                0x080065c0       0x5e CMakeFiles/workpls.dir/stm32c5xx_drivers/hal/stm32c5xx_hal_uart.c.obj
                0x080065c0                HAL_UART_Init
 *fill*         0x0800661e        0x2 
 .text.HAL_UART_SetConfig
                0x08006620      0x198 CMakeFiles/workpls.dir/stm32c5xx_drivers/hal/stm32c5xx_hal_uart.c.obj
                0x08006620                HAL_UART_SetConfig
 .text.HAL_UART_Transmit
                0x080067b8      0x13e CMakeFiles/workpls.dir/stm32c5xx_drivers/hal/stm32c5xx_hal_uart.c.obj
                0x080067b8                HAL_UART_Transmit
 *fill*         0x080068f6        0x2 
 .text.HAL_UART_IRQHandler
                0x080068f8      0x3b8 CMakeFiles/workpls.dir/stm32c5xx_drivers/hal/stm32c5xx_hal_uart.c.obj
                0x080068f8                HAL_UART_IRQHandler
 .text.HAL_UART_TxCpltCallback
                0x08006cb0       0x14 CMakeFiles/workpls.dir/stm32c5xx_drivers/hal/stm32c5xx_hal_uart.c.obj
                0x08006cb0                HAL_UART_TxCpltCallback
 .text.HAL_UART_RxCpltCallback
                0x08006cc4       0x1a CMakeFiles/workpls.dir/stm32c5xx_drivers/hal/stm32c5xx_hal_uart.c.obj
                0x08006cc4                HAL_UART_RxCpltCallback
 .text.HAL_UART_ErrorCallback
                0x08006cde       0x14 CMakeFiles/workpls.dir/stm32c5xx_drivers/hal/stm32c5xx_hal_uart.c.obj
                0x08006cde                HAL_UART_ErrorCallback
 .text.HAL_UART_WakeupCallback
                0x08006cf2       0x14 CMakeFiles/workpls.dir/stm32c5xx_drivers/hal/stm32c5xx_hal_uart.c.obj
                0x08006cf2                HAL_UART_WakeupCallback
 .text.HAL_UART_RxFifoFullCallback
                0x08006d06       0x14 CMakeFiles/workpls.dir/stm32c5xx_drivers/hal/stm32c5xx_hal_uart.c.obj
                0x08006d06                HAL_UART_RxFifoFullCallback
 .text.HAL_UART_TxFifoEmptyCallback
                0x08006d1a       0x14 CMakeFiles/workpls.dir/stm32c5xx_drivers/hal/stm32c5xx_hal_uart.c.obj
                0x08006d1a                HAL_UART_TxFifoEmptyCallback
 .text.HAL_UART_LINBreakCallback
                0x08006d2e       0x14 CMakeFiles/workpls.dir/stm32c5xx_drivers/hal/stm32c5xx_hal_uart.c.obj
                0x08006d2e                HAL_UART_LINBreakCallback
 .text.HAL_UART_ClearToSendCallback
                0x08006d42       0x14 CMakeFiles/workpls.dir/stm32c5xx_drivers/hal/stm32c5xx_hal_uart.c.obj
                0x08006d42                HAL_UART_ClearToSendCallback
 *fill*         0x08006d56        0x2 
 .text.UART_CheckEnabledState
                0x08006d58       0xb0 CMakeFiles/workpls.dir/stm32c5xx_drivers/hal/stm32c5xx_hal_uart.c.obj
 .text.UART_WaitOnFlagUntilTimeout
                0x08006e08       0xb6 CMakeFiles/workpls.dir/stm32c5xx_drivers/hal/stm32c5xx_hal_uart.c.obj
 *fill*         0x08006ebe        0x2 
 .text.UART_EndRxTransfer
                0x08006ec0       0xbc CMakeFiles/workpls.dir/stm32c5xx_drivers/hal/stm32c5xx_hal_uart.c.obj
 .text.UART_EndTransmit_IT
                0x08006f7c       0x30 CMakeFiles/workpls.dir/stm32c5xx_drivers/hal/stm32c5xx_hal_uart.c.obj
 .text._kill    0x08006fac       0x20 CMakeFiles/workpls.dir/utilities/syscalls/syscalls.c.obj
                0x08006fac                _kill
 .text._exit    0x08006fcc       0x16 CMakeFiles/workpls.dir/utilities/syscalls/syscalls.c.obj
                0x08006fcc                _exit
 *fill*         0x08006fe2        0x2 
 .text.__errno  0x08006fe4        0xc D:/STM32CubeIDE_1.19.0/STM32CubeIDE/plugins/com.st.stm32cube.ide.mcu.externaltools.gnu-tools-for-stm32.14.3.rel1.win32_1.0.100.202602081740/tools/bin/../lib/gcc/arm-none-eabi/14.3.1/../../../../arm-none-eabi/lib/thumb/v8-m.main+fp/hard\libc_nano.a(libc_a-errno.o)
                0x08006fe4                __errno
 .text.memcpy   0x08006ff0       0x1a D:/STM32CubeIDE_1.19.0/STM32CubeIDE/plugins/com.st.stm32cube.ide.mcu.externaltools.gnu-tools-for-stm32.14.3.rel1.win32_1.0.100.202602081740/tools/bin/../lib/gcc/arm-none-eabi/14.3.1/../../../../arm-none-eabi/lib/thumb/v8-m.main+fp/hard\libc_nano.a(libc_a-memcpy-stub.o)
                0x08006ff0                memcpy
 *(.glue_7)
 .glue_7        0x0800700a        0x0 linker stubs
 *(.glue_7t)
 .glue_7t       0x0800700a        0x0 linker stubs
 *(.eh_frame)
 *fill*         0x0800700a        0x2 
 .eh_frame      0x0800700c        0x0 D:/STM32CubeIDE_1.19.0/STM32CubeIDE/plugins/com.st.stm32cube.ide.mcu.externaltools.gnu-tools-for-stm32.14.3.rel1.win32_1.0.100.202602081740/tools/bin/../lib/gcc/arm-none-eabi/14.3.1/thumb/v8-m.main+fp/hard/crtbegin.o
 *(.init)
 .init          0x0800700c        0x4 D:/STM32CubeIDE_1.19.0/STM32CubeIDE/plugins/com.st.stm32cube.ide.mcu.externaltools.gnu-tools-for-stm32.14.3.rel1.win32_1.0.100.202602081740/tools/bin/../lib/gcc/arm-none-eabi/14.3.1/thumb/v8-m.main+fp/hard/crti.o
                0x0800700c                _init
 .init          0x08007010        0x8 D:/STM32CubeIDE_1.19.0/STM32CubeIDE/plugins/com.st.stm32cube.ide.mcu.externaltools.gnu-tools-for-stm32.14.3.rel1.win32_1.0.100.202602081740/tools/bin/../lib/gcc/arm-none-eabi/14.3.1/thumb/v8-m.main+fp/hard/crtn.o
 *(.fini)
 .fini          0x08007018        0x4 D:/STM32CubeIDE_1.19.0/STM32CubeIDE/plugins/com.st.stm32cube.ide.mcu.externaltools.gnu-tools-for-stm32.14.3.rel1.win32_1.0.100.202602081740/tools/bin/../lib/gcc/arm-none-eabi/14.3.1/thumb/v8-m.main+fp/hard/crti.o
                0x08007018                _fini
 .fini          0x0800701c        0x8 D:/STM32CubeIDE_1.19.0/STM32CubeIDE/plugins/com.st.stm32cube.ide.mcu.externaltools.gnu-tools-for-stm32.14.3.rel1.win32_1.0.100.202602081740/tools/bin/../lib/gcc/arm-none-eabi/14.3.1/thumb/v8-m.main+fp/hard/crtn.o
                0x08007028                        . = ALIGN (0x8)
 *fill*         0x08007024        0x4 
                0x08007028                        _etext = .

.vfp11_veneer   0x08007028        0x0
 .vfp11_veneer  0x08007028        0x0 linker stubs

.v4_bx          0x08007028        0x0
 .v4_bx         0x08007028        0x0 linker stubs

.iplt           0x08007028        0x0
 .iplt          0x08007028        0x0 D:/STM32CubeIDE_1.19.0/STM32CubeIDE/plugins/com.st.stm32cube.ide.mcu.externaltools.gnu-tools-for-stm32.14.3.rel1.win32_1.0.100.202602081740/tools/bin/../lib/gcc/arm-none-eabi/14.3.1/thumb/v8-m.main+fp/hard/crtbegin.o

.rodata         0x08007028       0xf8
                0x08007028                        . = ALIGN (0x8)
 *(.rodata)
 .rodata        0x08007028       0x62 CMakeFiles/workpls.dir/generated/middleware/mx_freertos_app.c.obj
 *fill*         0x0800708a        0x2 
 .rodata        0x0800708c        0x5 CMakeFiles/workpls.dir/middleware/freertos/tasks.c.obj
 *fill*         0x08007091        0x3 
 .rodata        0x08007094        0xd CMakeFiles/workpls.dir/middleware/freertos/timers.c.obj
 *(.rodata*)
 *fill*         0x080070a1        0x3 
 .rodata.uxTopUsedPriority
                0x080070a4        0x4 CMakeFiles/workpls.dir/middleware/freertos/tasks.c.obj
 .rodata.AHBPrescTable
                0x080070a8       0x10 CMakeFiles/workpls.dir/user_modifiable/Device/STM32C562RET6/system_stm32c5xx.c.obj
                0x080070a8                AHBPrescTable
 .rodata.APBPrescTable
                0x080070b8        0x8 CMakeFiles/workpls.dir/user_modifiable/Device/STM32C562RET6/system_stm32c5xx.c.obj
                0x080070b8                APBPrescTable
 .rodata.USART_PRESCALER_TAB
                0x080070c0       0x40 CMakeFiles/workpls.dir/stm32c5xx_drivers/hal/stm32c5xx_hal_uart.c.obj
 .rodata.LL_LPUART_PRESCALER_TAB
                0x08007100       0x20 CMakeFiles/workpls.dir/stm32c5xx_drivers/hal/stm32c5xx_hal_uart.c.obj
                0x08007120                        . = ALIGN (0x8)

.ARM.extab      0x08007120        0x0
                0x08007120                        . = ALIGN (0x8)
 *(.ARM.extab* .gnu.linkonce.armextab.*)
                0x08007120                        . = ALIGN (0x8)

.ARM            0x08007120        0x8
                0x08007120                        . = ALIGN (0x8)
                0x08007120                        __exidx_start = .
 *(.ARM.exidx*)
 .ARM.exidx     0x08007120        0x8 D:/STM32CubeIDE_1.19.0/STM32CubeIDE/plugins/com.st.stm32cube.ide.mcu.externaltools.gnu-tools-for-stm32.14.3.rel1.win32_1.0.100.202602081740/tools/bin/../lib/gcc/arm-none-eabi/14.3.1/../../../../arm-none-eabi/lib/thumb/v8-m.main+fp/hard/crt0.o
                                 0x10 (size before relaxing)
 .ARM.exidx     0x08007128        0x0 D:/STM32CubeIDE_1.19.0/STM32CubeIDE/plugins/com.st.stm32cube.ide.mcu.externaltools.gnu-tools-for-stm32.14.3.rel1.win32_1.0.100.202602081740/tools/bin/../lib/gcc/arm-none-eabi/14.3.1/thumb/v8-m.main+fp/hard\libgcc.a(_udivmoddi4.o)
                                  0x8 (size before relaxing)
 .ARM.exidx     0x08007128        0x0 D:/STM32CubeIDE_1.19.0/STM32CubeIDE/plugins/com.st.stm32cube.ide.mcu.externaltools.gnu-tools-for-stm32.14.3.rel1.win32_1.0.100.202602081740/tools/bin/../lib/gcc/arm-none-eabi/14.3.1/../../../../arm-none-eabi/lib/thumb/v8-m.main+fp/hard\libc_nano.a(libc_a-strlen.o)
                                  0x8 (size before relaxing)
                0x08007128                        __exidx_end = .
                0x08007128                        . = ALIGN (0x8)

.preinit_array  0x08007128        0x0
                0x08007128                        . = ALIGN (0x8)
                0x08007128                        PROVIDE (__preinit_array_start = .)
 *(.preinit_array*)
                0x08007128                        PROVIDE (__preinit_array_end = .)
                0x08007128                        . = ALIGN (0x8)

.init_array     0x08007128        0x8
                0x08007128                        . = ALIGN (0x8)
                0x08007128                        PROVIDE (__init_array_start = .)
 *(SORT_BY_NAME(.init_array.*))
 *(.init_array*)
 .init_array    0x08007128        0x4 D:/STM32CubeIDE_1.19.0/STM32CubeIDE/plugins/com.st.stm32cube.ide.mcu.externaltools.gnu-tools-for-stm32.14.3.rel1.win32_1.0.100.202602081740/tools/bin/../lib/gcc/arm-none-eabi/14.3.1/thumb/v8-m.main+fp/hard/crtbegin.o
                0x0800712c                        PROVIDE (__init_array_end = .)
                0x08007130                        . = ALIGN (0x8)
 *fill*         0x0800712c        0x4 

.fini_array     0x08007130        0x8
                0x08007130                        . = ALIGN (0x8)
                [!provide]                        PROVIDE (__fini_array_start = .)
 *(SORT_BY_NAME(.fini_array.*))
 *(.fini_array*)
 .fini_array    0x08007130        0x4 D:/STM32CubeIDE_1.19.0/STM32CubeIDE/plugins/com.st.stm32cube.ide.mcu.externaltools.gnu-tools-for-stm32.14.3.rel1.win32_1.0.100.202602081740/tools/bin/../lib/gcc/arm-none-eabi/14.3.1/thumb/v8-m.main+fp/hard/crtbegin.o
                [!provide]                        PROVIDE (__fini_array_end = .)
                0x08007138                        . = ALIGN (0x8)
 *fill*         0x08007134        0x4 

.copy.table     0x08007138        0xc
                0x08007138                        . = ALIGN (0x8)
                0x08007138                        __copy_table_start__ = .
                0x08007138        0x4 LONG 0x8007150 LOADADDR (.data)
                0x0800713c        0x4 LONG 0x20000000 ADDR (.data)
                0x08007140        0x4 LONG 0x1a (SIZEOF (.data) / 0x4)
                0x08007144                        __copy_table_end__ = .

.zero.table     0x08007144        0xc
                0x08007148                        . = ALIGN (0x8)
 *fill*         0x08007144        0x4 
                0x08007148                        __zero_table_start__ = .
                0x08007148        0x4 LONG 0x20000068 ADDR (.bss)
                0x0800714c        0x4 LONG 0x97c (SIZEOF (.bss) / 0x4)
                0x08007150                        __zero_table_end__ = .

.rel.dyn        0x08007150        0x0
 .rel.iplt      0x08007150        0x0 D:/STM32CubeIDE_1.19.0/STM32CubeIDE/plugins/com.st.stm32cube.ide.mcu.externaltools.gnu-tools-for-stm32.14.3.rel1.win32_1.0.100.202602081740/tools/bin/../lib/gcc/arm-none-eabi/14.3.1/thumb/v8-m.main+fp/hard/crtbegin.o

.data           0x20000000       0x68 load address 0x08007150
                0x20000000                        . = ALIGN (0x8)
                0x08007150                        _sidata = LOADADDR (.data)
                0x20000000                        __data_start__ = .
                0x20000000                        _sdata = .
 *(.data)
 *(.data*)
 .data._impure_ptr
                0x20000000        0x4 D:/STM32CubeIDE_1.19.0/STM32CubeIDE/plugins/com.st.stm32cube.ide.mcu.externaltools.gnu-tools-for-stm32.14.3.rel1.win32_1.0.100.202602081740/tools/bin/../lib/gcc/arm-none-eabi/14.3.1/../../../../arm-none-eabi/lib/thumb/v8-m.main+fp/hard\libc_nano.a(libc_a-impure.o)
                0x20000000                _impure_ptr
 .data._impure_data
                0x20000004       0x4c D:/STM32CubeIDE_1.19.0/STM32CubeIDE/plugins/com.st.stm32cube.ide.mcu.externaltools.gnu-tools-for-stm32.14.3.rel1.win32_1.0.100.202602081740/tools/bin/../lib/gcc/arm-none-eabi/14.3.1/../../../../arm-none-eabi/lib/thumb/v8-m.main+fp/hard\libc_nano.a(libc_a-impure.o)
                0x20000004                _impure_data
 .data.isOn     0x20000050        0x4 CMakeFiles/workpls.dir/generated/middleware/mx_freertos_app.c.obj
                0x20000050                isOn
 .data.ulCriticalNesting
                0x20000054        0x4 CMakeFiles/workpls.dir/middleware/freertos/portable/GCC/ARM_CM33_NTZ/non_secure/port.c.obj
 .data.SystemCoreClock
                0x20000058        0x4 CMakeFiles/workpls.dir/user_modifiable/Device/STM32C562RET6/system_stm32c5xx.c.obj
                0x20000058                SystemCoreClock
 .data.uwTickPrio
                0x2000005c        0x4 CMakeFiles/workpls.dir/stm32c5xx_drivers/hal/stm32c5xx_hal.c.obj
                0x2000005c                uwTickPrio
 .data.uwTickFreq
                0x20000060        0x1 CMakeFiles/workpls.dir/stm32c5xx_drivers/hal/stm32c5xx_hal.c.obj
                0x20000060                uwTickFreq
                0x20000068                        . = ALIGN (0x8)
 *fill*         0x20000061        0x7 
                0x20000068                        _edata = .

.igot.plt       0x20000068        0x0 load address 0x080071b8
 .igot.plt      0x20000068        0x0 D:/STM32CubeIDE_1.19.0/STM32CubeIDE/plugins/com.st.stm32cube.ide.mcu.externaltools.gnu-tools-for-stm32.14.3.rel1.win32_1.0.100.202602081740/tools/bin/../lib/gcc/arm-none-eabi/14.3.1/thumb/v8-m.main+fp/hard/crtbegin.o

.bss            0x20000068     0x25f0 load address 0x080071b8
                0x20000068                        . = ALIGN (0x8)
                0x20000068                        _sbss = .
                0x20000068                        __bss_start__ = _sbss
 *(.bss)
 .bss           0x20000068       0x1c D:/STM32CubeIDE_1.19.0/STM32CubeIDE/plugins/com.st.stm32cube.ide.mcu.externaltools.gnu-tools-for-stm32.14.3.rel1.win32_1.0.100.202602081740/tools/bin/../lib/gcc/arm-none-eabi/14.3.1/thumb/v8-m.main+fp/hard/crtbegin.o
 *(.bss*)
 .bss.__sf      0x20000084      0x138 D:/STM32CubeIDE_1.19.0/STM32CubeIDE/plugins/com.st.stm32cube.ide.mcu.externaltools.gnu-tools-for-stm32.14.3.rel1.win32_1.0.100.202602081740/tools/bin/../lib/gcc/arm-none-eabi/14.3.1/../../../../arm-none-eabi/lib/thumb/v8-m.main+fp/hard\libc_nano.a(libc_a-findfp.o)
                0x20000084                __sf
 .bss.__stdio_exit_handler
                0x200001bc        0x4 D:/STM32CubeIDE_1.19.0/STM32CubeIDE/plugins/com.st.stm32cube.ide.mcu.externaltools.gnu-tools-for-stm32.14.3.rel1.win32_1.0.100.202602081740/tools/bin/../lib/gcc/arm-none-eabi/14.3.1/../../../../arm-none-eabi/lib/thumb/v8-m.main+fp/hard\libc_nano.a(libc_a-findfp.o)
                0x200001bc                __stdio_exit_handler
 .bss.husart2   0x200001c0        0x4 CMakeFiles/workpls.dir/generated/middleware/mx_freertos_app.c.obj
                0x200001c0                husart2
 .bss.Task1_Handle
                0x200001c4        0x4 CMakeFiles/workpls.dir/generated/middleware/mx_freertos_app.c.obj
 .bss.Task2_Handle
                0x200001c8        0x4 CMakeFiles/workpls.dir/generated/middleware/mx_freertos_app.c.obj
 .bss.Task3_Handle
                0x200001cc        0x4 CMakeFiles/workpls.dir/generated/middleware/mx_freertos_app.c.obj
 .bss.Task4_Handle
                0x200001d0        0x4 CMakeFiles/workpls.dir/generated/middleware/mx_freertos_app.c.obj
 .bss.taskArray
                0x200001d4       0x10 CMakeFiles/workpls.dir/generated/middleware/mx_freertos_app.c.obj
                0x200001d4                taskArray
 .bss.Task5_Handle
                0x200001e4        0x4 CMakeFiles/workpls.dir/generated/middleware/mx_freertos_app.c.obj
 .bss.pRNG      0x200001e8        0x4 CMakeFiles/workpls.dir/generated/middleware/mx_freertos_app.c.obj
                0x200001e8                pRNG
 .bss.RandomNumbers
                0x200001ec       0x20 CMakeFiles/workpls.dir/generated/middleware/mx_freertos_app.c.obj
                0x200001ec                RandomNumbers
 .bss.hICACHE   0x2000020c        0x8 CMakeFiles/workpls.dir/generated/hal/mx_icache.c.obj
 .bss.hRNG      0x20000214       0x10 CMakeFiles/workpls.dir/generated/hal/mx_rng.c.obj
 .bss.hTIM2     0x20000224       0x34 CMakeFiles/workpls.dir/generated/hal/mx_tim2.c.obj
 .bss.hUSART2   0x20000258       0x3c CMakeFiles/workpls.dir/generated/hal/mx_usart2.c.obj
 .bss.xQueueRegistry
                0x20000294       0x40 CMakeFiles/workpls.dir/middleware/freertos/queue.c.obj
                0x20000294                xQueueRegistry
 .bss.pxCurrentTCB
                0x200002d4        0x4 CMakeFiles/workpls.dir/middleware/freertos/tasks.c.obj
                0x200002d4                pxCurrentTCB
 .bss.pxReadyTasksLists
                0x200002d8      0x280 CMakeFiles/workpls.dir/middleware/freertos/tasks.c.obj
 .bss.xDelayedTaskList1
                0x20000558       0x14 CMakeFiles/workpls.dir/middleware/freertos/tasks.c.obj
 .bss.xDelayedTaskList2
                0x2000056c       0x14 CMakeFiles/workpls.dir/middleware/freertos/tasks.c.obj
 .bss.pxDelayedTaskList
                0x20000580        0x4 CMakeFiles/workpls.dir/middleware/freertos/tasks.c.obj
 .bss.pxOverflowDelayedTaskList
                0x20000584        0x4 CMakeFiles/workpls.dir/middleware/freertos/tasks.c.obj
 .bss.xPendingReadyList
                0x20000588       0x14 CMakeFiles/workpls.dir/middleware/freertos/tasks.c.obj
 .bss.xTasksWaitingTermination
                0x2000059c       0x14 CMakeFiles/workpls.dir/middleware/freertos/tasks.c.obj
 .bss.uxDeletedTasksWaitingCleanUp
                0x200005b0        0x4 CMakeFiles/workpls.dir/middleware/freertos/tasks.c.obj
 .bss.xSuspendedTaskList
                0x200005b4       0x14 CMakeFiles/workpls.dir/middleware/freertos/tasks.c.obj
 .bss.uxCurrentNumberOfTasks
                0x200005c8        0x4 CMakeFiles/workpls.dir/middleware/freertos/tasks.c.obj
 .bss.xTickCount
                0x200005cc        0x4 CMakeFiles/workpls.dir/middleware/freertos/tasks.c.obj
 .bss.uxTopReadyPriority
                0x200005d0        0x4 CMakeFiles/workpls.dir/middleware/freertos/tasks.c.obj
 .bss.xSchedulerRunning
                0x200005d4        0x4 CMakeFiles/workpls.dir/middleware/freertos/tasks.c.obj
 .bss.xPendedTicks
                0x200005d8        0x4 CMakeFiles/workpls.dir/middleware/freertos/tasks.c.obj
 .bss.xYieldPendings
                0x200005dc        0x4 CMakeFiles/workpls.dir/middleware/freertos/tasks.c.obj
 .bss.xNumOfOverflows
                0x200005e0        0x4 CMakeFiles/workpls.dir/middleware/freertos/tasks.c.obj
 .bss.uxTaskNumber
                0x200005e4        0x4 CMakeFiles/workpls.dir/middleware/freertos/tasks.c.obj
 .bss.xNextTaskUnblockTime
                0x200005e8        0x4 CMakeFiles/workpls.dir/middleware/freertos/tasks.c.obj
 .bss.xIdleTaskHandles
                0x200005ec        0x4 CMakeFiles/workpls.dir/middleware/freertos/tasks.c.obj
 .bss.uxSchedulerSuspended
                0x200005f0        0x4 CMakeFiles/workpls.dir/middleware/freertos/tasks.c.obj
 .bss.xActiveTimerList1
                0x200005f4       0x14 CMakeFiles/workpls.dir/middleware/freertos/timers.c.obj
 .bss.xActiveTimerList2
                0x20000608       0x14 CMakeFiles/workpls.dir/middleware/freertos/timers.c.obj
 .bss.pxCurrentTimerList
                0x2000061c        0x4 CMakeFiles/workpls.dir/middleware/freertos/timers.c.obj
 .bss.pxOverflowTimerList
                0x20000620        0x4 CMakeFiles/workpls.dir/middleware/freertos/timers.c.obj
 .bss.xTimerQueue
                0x20000624        0x4 CMakeFiles/workpls.dir/middleware/freertos/timers.c.obj
 .bss.xTimerTaskHandle
                0x20000628        0x4 CMakeFiles/workpls.dir/middleware/freertos/timers.c.obj
 .bss.xLastTime.0
                0x2000062c        0x4 CMakeFiles/workpls.dir/middleware/freertos/timers.c.obj
 .bss.ucMaxSysCallPriority
                0x20000630        0x1 CMakeFiles/workpls.dir/middleware/freertos/portable/GCC/ARM_CM33_NTZ/non_secure/port.c.obj
 *fill*         0x20000631        0x3 
 .bss.ulMaxPRIGROUPValue
                0x20000634        0x4 CMakeFiles/workpls.dir/middleware/freertos/portable/GCC/ARM_CM33_NTZ/non_secure/port.c.obj
 .bss.ucHeap    0x20000638     0x2000 CMakeFiles/workpls.dir/middleware/freertos/portable/MemMang/heap_4.c.obj
 .bss.xStart    0x20002638        0x8 CMakeFiles/workpls.dir/middleware/freertos/portable/MemMang/heap_4.c.obj
 .bss.pxEnd     0x20002640        0x4 CMakeFiles/workpls.dir/middleware/freertos/portable/MemMang/heap_4.c.obj
 .bss.xFreeBytesRemaining
                0x20002644        0x4 CMakeFiles/workpls.dir/middleware/freertos/portable/MemMang/heap_4.c.obj
 .bss.xMinimumEverFreeBytesRemaining
                0x20002648        0x4 CMakeFiles/workpls.dir/middleware/freertos/portable/MemMang/heap_4.c.obj
 .bss.xNumberOfSuccessfulAllocations
                0x2000264c        0x4 CMakeFiles/workpls.dir/middleware/freertos/portable/MemMang/heap_4.c.obj
 .bss.xNumberOfSuccessfulFrees
                0x20002650        0x4 CMakeFiles/workpls.dir/middleware/freertos/portable/MemMang/heap_4.c.obj
 .bss.uwTick    0x20002654        0x4 CMakeFiles/workpls.dir/stm32c5xx_drivers/hal/stm32c5xx_hal.c.obj
                0x20002654                uwTick
 *(COMMON)
                0x20002658                        . = ALIGN (0x8)
                0x20002658                        _ebss = .
                0x20002658                        __bss_end__ = _ebss

.heap           0x20002658      0x200 load address 0x080071b8
                0x20002658                        . = ALIGN (0x8)
                0x20002658                        __end__ = .
                [!provide]                        PROVIDE (end = .)
                0x20002658                        _heap_start = .
                0x20002858                        . = (. + HEAP_SIZE)
 *fill*         0x20002658      0x200 
                0x20002858                        . = ALIGN (0x8)
                0x20002858                        _heap_end = .
                0x20002858                        __HeapLimit = .

.stack          0x20002858      0x400 load address 0x080071b8
                0x20002858                        . = ALIGN (0x8)
                0x20002858                        __StackLimit = .
                0x20002c58                        . = (. + STACK_SIZE)
 *fill*         0x20002858      0x400 
                0x20002c58                        . = ALIGN (0x8)
                0x20002c58                        __StackTop = .
                0x20002c58                        _estack = .
                0x20002c58                        __stack = .

/DISCARD/
 libc.a(*)
 libm.a(*)
 libgcc.a(*)

.ARM.attributes
                0x00000000       0x36
 *(.ARM.attributes)
 .ARM.attributes
                0x00000000       0x26 D:/STM32CubeIDE_1.19.0/STM32CubeIDE/plugins/com.st.stm32cube.ide.mcu.externaltools.gnu-tools-for-stm32.14.3.rel1.win32_1.0.100.202602081740/tools/bin/../lib/gcc/arm-none-eabi/14.3.1/thumb/v8-m.main+fp/hard/crti.o
 .ARM.attributes
                0x00000026       0x38 D:/STM32CubeIDE_1.19.0/STM32CubeIDE/plugins/com.st.stm32cube.ide.mcu.externaltools.gnu-tools-for-stm32.14.3.rel1.win32_1.0.100.202602081740/tools/bin/../lib/gcc/arm-none-eabi/14.3.1/thumb/v8-m.main+fp/hard/crtbegin.o
 .ARM.attributes
                0x0000005e       0x24 D:/STM32CubeIDE_1.19.0/STM32CubeIDE/plugins/com.st.stm32cube.ide.mcu.externaltools.gnu-tools-for-stm32.14.3.rel1.win32_1.0.100.202602081740/tools/bin/../lib/gcc/arm-none-eabi/14.3.1/../../../../arm-none-eabi/lib/thumb/v8-m.main+fp/hard/crt0.o
 .ARM.attributes
                0x00000082       0x38 D:/STM32CubeIDE_1.19.0/STM32CubeIDE/plugins/com.st.stm32cube.ide.mcu.externaltools.gnu-tools-for-stm32.14.3.rel1.win32_1.0.100.202602081740/tools/bin/../lib/gcc/arm-none-eabi/14.3.1/../../../../arm-none-eabi/lib/thumb/v8-m.main+fp/hard\libc_nano.a(libc_a-exit.o)
 .ARM.attributes
                0x000000ba       0x38 D:/STM32CubeIDE_1.19.0/STM32CubeIDE/plugins/com.st.stm32cube.ide.mcu.externaltools.gnu-tools-for-stm32.14.3.rel1.win32_1.0.100.202602081740/tools/bin/../lib/gcc/arm-none-eabi/14.3.1/../../../../arm-none-eabi/lib/thumb/v8-m.main+fp/hard\libc_nano.a(libc_a-findfp.o)
 .ARM.attributes
                0x000000f2       0x38 D:/STM32CubeIDE_1.19.0/STM32CubeIDE/plugins/com.st.stm32cube.ide.mcu.externaltools.gnu-tools-for-stm32.14.3.rel1.win32_1.0.100.202602081740/tools/bin/../lib/gcc/arm-none-eabi/14.3.1/../../../../arm-none-eabi/lib/thumb/v8-m.main+fp/hard\libc_nano.a(libc_a-memset.o)
 .ARM.attributes
                0x0000012a       0x38 D:/STM32CubeIDE_1.19.0/STM32CubeIDE/plugins/com.st.stm32cube.ide.mcu.externaltools.gnu-tools-for-stm32.14.3.rel1.win32_1.0.100.202602081740/tools/bin/../lib/gcc/arm-none-eabi/14.3.1/../../../../arm-none-eabi/lib/thumb/v8-m.main+fp/hard\libc_nano.a(libc_a-impure.o)
 .ARM.attributes
                0x00000162       0x38 D:/STM32CubeIDE_1.19.0/STM32CubeIDE/plugins/com.st.stm32cube.ide.mcu.externaltools.gnu-tools-for-stm32.14.3.rel1.win32_1.0.100.202602081740/tools/bin/../lib/gcc/arm-none-eabi/14.3.1/../../../../arm-none-eabi/lib/thumb/v8-m.main+fp/hard\libc_nano.a(libc_a-init.o)
 .ARM.attributes
                0x0000019a       0x3a CMakeFiles/workpls.dir/main.c.obj
 .ARM.attributes
                0x000001d4       0x3a CMakeFiles/workpls.dir/generated/middleware/mx_freertos_app.c.obj
 .ARM.attributes
                0x0000020e       0x3a CMakeFiles/workpls.dir/generated/hal/mx_cortex_mpu.c.obj
 .ARM.attributes
                0x00000248       0x3a CMakeFiles/workpls.dir/generated/hal/mx_cortex_nvic.c.obj
 .ARM.attributes
                0x00000282       0x3a CMakeFiles/workpls.dir/generated/hal/mx_gpio_default.c.obj
 .ARM.attributes
                0x000002bc       0x3a CMakeFiles/workpls.dir/generated/hal/mx_icache.c.obj
 .ARM.attributes
                0x000002f6       0x3a CMakeFiles/workpls.dir/generated/hal/mx_rcc.c.obj
 .ARM.attributes
                0x00000330       0x3a CMakeFiles/workpls.dir/generated/hal/mx_rng.c.obj
 .ARM.attributes
                0x0000036a       0x3a CMakeFiles/workpls.dir/generated/hal/mx_system.c.obj
 .ARM.attributes
                0x000003a4       0x3a CMakeFiles/workpls.dir/generated/hal/mx_tim2.c.obj
 .ARM.attributes
                0x000003de       0x3a CMakeFiles/workpls.dir/generated/hal/mx_usart2.c.obj
 .ARM.attributes
                0x00000418       0x3a CMakeFiles/workpls.dir/middleware/freertos/list.c.obj
 .ARM.attributes
                0x00000452       0x3a CMakeFiles/workpls.dir/middleware/freertos/queue.c.obj
 .ARM.attributes
                0x0000048c       0x3a CMakeFiles/workpls.dir/middleware/freertos/tasks.c.obj
 .ARM.attributes
                0x000004c6       0x3a CMakeFiles/workpls.dir/middleware/freertos/timers.c.obj
 .ARM.attributes
                0x00000500       0x3a CMakeFiles/workpls.dir/middleware/freertos/portable/GCC/ARM_CM33_NTZ/non_secure/port.c.obj
 .ARM.attributes
                0x0000053a       0x3a CMakeFiles/workpls.dir/middleware/freertos/portable/GCC/ARM_CM33_NTZ/non_secure/portasm.c.obj
 .ARM.attributes
                0x00000574       0x3a CMakeFiles/workpls.dir/middleware/freertos/portable/MemMang/heap_4.c.obj
 .ARM.attributes
                0x000005ae       0x3a CMakeFiles/workpls.dir/user_modifiable/Device/STM32C562RET6/system_stm32c5xx.c.obj
 .ARM.attributes
                0x000005e8       0x3a CMakeFiles/workpls.dir/user_modifiable/Device/STM32C562RET6/startup_stm32c562xx.c.obj
 .ARM.attributes
                0x00000622       0x3a CMakeFiles/workpls.dir/stm32c5xx_drivers/hal/stm32c5xx_hal.c.obj
 .ARM.attributes
                0x0000065c       0x3a CMakeFiles/workpls.dir/stm32c5xx_drivers/hal/stm32c5xx_hal_cortex.c.obj
 .ARM.attributes
                0x00000696       0x3a CMakeFiles/workpls.dir/stm32c5xx_drivers/hal/stm32c5xx_hal_flash_itf.c.obj
 .ARM.attributes
                0x000006d0       0x3a CMakeFiles/workpls.dir/stm32c5xx_drivers/hal/stm32c5xx_hal_gpio.c.obj
 .ARM.attributes
                0x0000070a       0x3a CMakeFiles/workpls.dir/stm32c5xx_drivers/hal/stm32c5xx_hal_icache.c.obj
 .ARM.attributes
                0x00000744       0x3a CMakeFiles/workpls.dir/stm32c5xx_drivers/hal/stm32c5xx_hal_rcc.c.obj
 .ARM.attributes
                0x0000077e       0x3a CMakeFiles/workpls.dir/stm32c5xx_drivers/hal/stm32c5xx_hal_rng.c.obj
 .ARM.attributes
                0x000007b8       0x3a CMakeFiles/workpls.dir/stm32c5xx_drivers/hal/stm32c5xx_hal_tim.c.obj
 .ARM.attributes
                0x000007f2       0x3a CMakeFiles/workpls.dir/stm32c5xx_drivers/hal/stm32c5xx_hal_uart.c.obj
 .ARM.attributes
                0x0000082c       0x3a CMakeFiles/workpls.dir/utilities/syscalls/syscalls.c.obj
 .ARM.attributes