C:/Users/wikto/Desktop/test/workpls_cmake/stm32c5xx_dfp/Include/stm32c5xx.h:263:22:SCB_EnableDeepSleep	4	static
C:/Users/wikto/Desktop/test/workpls_cmake/stm32c5xx_dfp/Include/stm32c5xx.h:273:22:SCB_DisableDeepSleep	4	static
C:/Users/wikto/Desktop/test/workpls_cmake/stm32c5xx_dfp/Include/stm32c5xx.h:283:26:SCB_IsEnabledDeepSleep	4	static
C:/Users/wikto/Desktop/test/workpls_cmake/stm32c5xx_dfp/Include/stm32c5xx.h:294:22:SCB_EnableSleepOnExit	4	static
C:/Users/wikto/Desktop/test/workpls_cmake/stm32c5xx_dfp/Include/stm32c5xx.h:304:22:SCB_DisableSleepOnExit	4	static
C:/Users/wikto/Desktop/test/workpls_cmake/stm32c5xx_dfp/Include/stm32c5xx.h:314:26:SCB_IsEnabledSleepOnExit	4	static
C:/Users/wikto/Desktop/test/workpls_cmake/stm32c5xx_dfp/Include/stm32c5xx.h:324:22:SCB_EnableEventOnPend	4	static
C:/Users/wikto/Desktop/test/workpls_cmake/stm32c5xx_dfp/Include/stm32c5xx.h:335:22:SCB_DisableEventOnPend	4	static
C:/Users/wikto/Desktop/test/workpls_cmake/stm32c5xx_dfp/Include/stm32c5xx.h:346:26:SCB_IsEnabledEventOnPend	4	static
C:/Users/wikto/Desktop/test/workpls_cmake/stm32c5xx_drivers/ll/stm32c5xx_ll_pwr.h:249:22:LL_PWR_SetPowerMode	16	static
C:/Users/wikto/Desktop/test/workpls_cmake/stm32c5xx_drivers/ll/stm32c5xx_ll_pwr.h:263:26:LL_PWR_GetPowerMode	4	static
C:/Users/wikto/Desktop/test/workpls_cmake/stm32c5xx_drivers/ll/stm32c5xx_ll_pwr.h:273:22:LL_PWR_EnableFlashLowPWRMode	4	static
C:/Users/wikto/Desktop/test/workpls_cmake/stm32c5xx_drivers/ll/stm32c5xx_ll_pwr.h:283:22:LL_PWR_DisableFlashLowPWRMode	4	static
C:/Users/wikto/Desktop/test/workpls_cmake/stm32c5xx_drivers/ll/stm32c5xx_ll_pwr.h:294:26:LL_PWR_IsEnabledFlashLowPWRMode	4	static
C:/Users/wikto/Desktop/test/workpls_cmake/stm32c5xx_drivers/ll/stm32c5xx_ll_pwr.h:317:22:LL_PWR_EnableMemoryStopRetention	16	static
C:/Users/wikto/Desktop/test/workpls_cmake/stm32c5xx_drivers/ll/stm32c5xx_ll_pwr.h:340:22:LL_PWR_DisableMemoryStopRetention	16	static
C:/Users/wikto/Desktop/test/workpls_cmake/stm32c5xx_drivers/ll/stm32c5xx_ll_pwr.h:364:26:LL_PWR_IsEnabledMemoryStopRetention	16	static
C:/Users/wikto/Desktop/test/workpls_cmake/stm32c5xx_drivers/ll/stm32c5xx_ll_pwr.h:415:22:LL_PWR_EnableSRAM2PagesStopRetention	16	static
C:/Users/wikto/Desktop/test/workpls_cmake/stm32c5xx_drivers/ll/stm32c5xx_ll_pwr.h:465:22:LL_PWR_DisableSRAM2PagesStopRetention	16	static
C:/Users/wikto/Desktop/test/workpls_cmake/stm32c5xx_drivers/ll/stm32c5xx_ll_pwr.h:525:26:LL_PWR_IsEnabledSRAM2PagesStopRetention	16	static
C:/Users/wikto/Desktop/test/workpls_cmake/stm32c5xx_drivers/ll/stm32c5xx_ll_pwr.h:536:22:LL_PWR_EnableRTCDomainWriteProtection	4	static
C:/Users/wikto/Desktop/test/workpls_cmake/stm32c5xx_drivers/ll/stm32c5xx_ll_pwr.h:546:22:LL_PWR_DisableRTCDomainWriteProtection	4	static
C:/Users/wikto/Desktop/test/workpls_cmake/stm32c5xx_drivers/ll/stm32c5xx_ll_pwr.h:557:26:LL_PWR_IsEnabledRTCDomainWriteProtection	4	static
C:/Users/wikto/Desktop/test/workpls_cmake/stm32c5xx_drivers/ll/stm32c5xx_ll_pwr.h:567:22:LL_PWR_EnablePVD	4	static
C:/Users/wikto/Desktop/test/workpls_cmake/stm32c5xx_drivers/ll/stm32c5xx_ll_pwr.h:577:22:LL_PWR_DisablePVD	4	static
C:/Users/wikto/Desktop/test/workpls_cmake/stm32c5xx_drivers/ll/stm32c5xx_ll_pwr.h:588:26:LL_PWR_IsEnabledPVD	4	static
C:/Users/wikto/Desktop/test/workpls_cmake/stm32c5xx_drivers/ll/stm32c5xx_ll_pwr.h:689:22:LL_PWR_EnableWakeUpPin	16	static
C:/Users/wikto/Desktop/test/workpls_cmake/stm32c5xx_drivers/ll/stm32c5xx_ll_pwr.h:789:22:LL_PWR_DisableWakeUpPin	16	static
C:/Users/wikto/Desktop/test/workpls_cmake/stm32c5xx_drivers/ll/stm32c5xx_ll_pwr.h:897:26:LL_PWR_IsEnabledWakeUpPin	16	static
C:/Users/wikto/Desktop/test/workpls_cmake/stm32c5xx_drivers/ll/stm32c5xx_ll_pwr.h:1970:26:LL_PWR_IsEnabledIORetentionStandbyMode	4	static
C:/Users/wikto/Desktop/test/workpls_cmake/stm32c5xx_drivers/ll/stm32c5xx_ll_pwr.h:2001:26:LL_PWR_IsEnabledJTAGIORetentionStandbyMode	4	static
C:/Users/wikto/Desktop/test/workpls_cmake/stm32c5xx_drivers/ll/stm32c5xx_ll_pwr.h:2019:26:LL_PWR_IsActiveFlag_SB	4	static
C:/Users/wikto/Desktop/test/workpls_cmake/stm32c5xx_drivers/ll/stm32c5xx_ll_pwr.h:2030:26:LL_PWR_IsActiveFlag_STOP	4	static
C:/Users/wikto/Desktop/test/workpls_cmake/stm32c5xx_drivers/ll/stm32c5xx_ll_pwr.h:2041:26:LL_PWR_IsActiveFlag_PVDO	4	static
C:/Users/wikto/Desktop/test/workpls_cmake/stm32c5xx_drivers/ll/stm32c5xx_ll_pwr.h:2184:22:LL_PWR_ClearFlag_SB	4	static
C:/Users/wikto/Desktop/test/workpls_cmake/stm32c5xx_drivers/ll/stm32c5xx_ll_pwr.h:2298:22:LL_PWR_ClearFlag_WU	16	static
C:/Users/wikto/Desktop/test/workpls_cmake/stm32c5xx_drivers/ll/stm32c5xx_ll_pwr.h:2319:22:LL_PWR_SetPrivAttr	16	static
C:/Users/wikto/Desktop/test/workpls_cmake/stm32c5xx_drivers/ll/stm32c5xx_ll_pwr.h:2334:26:LL_PWR_GetPrivAttr	16	static
C:/Users/wikto/Desktop/test/workpls_cmake/stm32c5xx_drivers/hal/stm32c5xx_hal_pwr.c:338:14:HAL_PWR_LP_SetConfigWakeupPin	56	static,ignoring_inline_asm
C:/Users/wikto/Desktop/test/workpls_cmake/stm32c5xx_drivers/hal/stm32c5xx_hal_pwr.c:399:6:HAL_PWR_LP_GetConfigWakeupPin	72	static,ignoring_inline_asm
C:/Users/wikto/Desktop/test/workpls_cmake/stm32c5xx_drivers/hal/stm32c5xx_hal_pwr.c:436:6:HAL_PWR_LP_EnableWakeupPin	16	static
C:/Users/wikto/Desktop/test/workpls_cmake/stm32c5xx_drivers/hal/stm32c5xx_hal_pwr.c:457:6:HAL_PWR_LP_DisableWakeupPin	16	static
C:/Users/wikto/Desktop/test/workpls_cmake/stm32c5xx_drivers/hal/stm32c5xx_hal_pwr.c:479:29:HAL_PWR_LP_IsEnabledWakeupPin	16	static
C:/Users/wikto/Desktop/test/workpls_cmake/stm32c5xx_drivers/hal/stm32c5xx_hal_pwr.c:500:10:HAL_PWR_LP_GetWakeupSource	4	static
C:/Users/wikto/Desktop/test/workpls_cmake/stm32c5xx_drivers/hal/stm32c5xx_hal_pwr.c:518:6:HAL_PWR_LP_CleanWakeupSource	16	static
C:/Users/wikto/Desktop/test/workpls_cmake/stm32c5xx_drivers/hal/stm32c5xx_hal_pwr.c:541:6:HAL_PWR_EnableRTCDomainWriteProtection	8	static
C:/Users/wikto/Desktop/test/workpls_cmake/stm32c5xx_drivers/hal/stm32c5xx_hal_pwr.c:550:6:HAL_PWR_DisableRTCDomainWriteProtection	8	static
C:/Users/wikto/Desktop/test/workpls_cmake/stm32c5xx_drivers/hal/stm32c5xx_hal_pwr.c:561:33:HAL_PWR_IsEnabledRTCDomainWriteProtection	8	static
C:/Users/wikto/Desktop/test/workpls_cmake/stm32c5xx_drivers/hal/stm32c5xx_hal_pwr.c:594:6:HAL_PWR_ClearCorePendingEvent	4	static,ignoring_inline_asm
C:/Users/wikto/Desktop/test/workpls_cmake/stm32c5xx_drivers/hal/stm32c5xx_hal_pwr.c:604:6:HAL_PWR_EnterSleepMode	16	static,ignoring_inline_asm
C:/Users/wikto/Desktop/test/workpls_cmake/stm32c5xx_drivers/hal/stm32c5xx_hal_pwr.c:628:6:HAL_PWR_EnterStopMode	16	static,ignoring_inline_asm
C:/Users/wikto/Desktop/test/workpls_cmake/stm32c5xx_drivers/hal/stm32c5xx_hal_pwr.c:656:6:HAL_PWR_EnterStandbyMode	8	static,ignoring_inline_asm
C:/Users/wikto/Desktop/test/workpls_cmake/stm32c5xx_drivers/hal/stm32c5xx_hal_pwr.c:671:6:HAL_PWR_SetCoreSleepMode	16	static
C:/Users/wikto/Desktop/test/workpls_cmake/stm32c5xx_drivers/hal/stm32c5xx_hal_pwr.c:690:27:HAL_PWR_GetCoreSleepMode	8	static
C:/Users/wikto/Desktop/test/workpls_cmake/stm32c5xx_drivers/hal/stm32c5xx_hal_pwr.c:698:6:HAL_PWR_EnableCoreSleepOnExit	8	static
C:/Users/wikto/Desktop/test/workpls_cmake/stm32c5xx_drivers/hal/stm32c5xx_hal_pwr.c:706:6:HAL_PWR_DisableCoreSleepOnExit	8	static
C:/Users/wikto/Desktop/test/workpls_cmake/stm32c5xx_drivers/hal/stm32c5xx_hal_pwr.c:715:37:HAL_PWR_IsEnabledCoreSleepOnExit	8	static
C:/Users/wikto/Desktop/test/workpls_cmake/stm32c5xx_drivers/hal/stm32c5xx_hal_pwr.c:723:6:HAL_PWR_EnableCoreSendEventOnPending	8	static
C:/Users/wikto/Desktop/test/workpls_cmake/stm32c5xx_drivers/hal/stm32c5xx_hal_pwr.c:731:6:HAL_PWR_DisableCoreSendEventOnPending	8	static
C:/Users/wikto/Desktop/test/workpls_cmake/stm32c5xx_drivers/hal/stm32c5xx_hal_pwr.c:741:38:HAL_PWR_IsEnabledCoreSendEventOnPending	8	static
C:/Users/wikto/Desktop/test/workpls_cmake/stm32c5xx_drivers/hal/stm32c5xx_hal_pwr.c:754:23:HAL_PWR_GetPreviousSystemPowerMode	16	static
C:/Users/wikto/Desktop/test/workpls_cmake/stm32c5xx_drivers/hal/stm32c5xx_hal_pwr.c:789:6:HAL_PWR_CleanPreviousSystemPowerMode	8	static
C:/Users/wikto/Desktop/test/workpls_cmake/stm32c5xx_drivers/hal/stm32c5xx_hal_pwr.c:810:6:HAL_PWR_EnableProgrammableVoltageDetector	8	static
C:/Users/wikto/Desktop/test/workpls_cmake/stm32c5xx_drivers/hal/stm32c5xx_hal_pwr.c:818:6:HAL_PWR_DisableProgrammableVoltageDetector	8	static
C:/Users/wikto/Desktop/test/workpls_cmake/stm32c5xx_drivers/hal/stm32c5xx_hal_pwr.c:828:22:HAL_PWR_IsEnabledProgrammableVoltageDetector	8	static
C:/Users/wikto/Desktop/test/workpls_cmake/stm32c5xx_drivers/hal/stm32c5xx_hal_pwr.c:838:19:HAL_PWR_GetProgrammableVoltageDetectorOutput	8	static
C:/Users/wikto/Desktop/test/workpls_cmake/stm32c5xx_drivers/hal/stm32c5xx_hal_pwr.c:865:14:HAL_PWR_LP_EnableMemoryRetention	16	static
C:/Users/wikto/Desktop/test/workpls_cmake/stm32c5xx_drivers/hal/stm32c5xx_hal_pwr.c:889:14:HAL_PWR_LP_DisableMemoryRetention	16	static
C:/Users/wikto/Desktop/test/workpls_cmake/stm32c5xx_drivers/hal/stm32c5xx_hal_pwr.c:914:35:HAL_PWR_LP_IsEnabledMemoryRetention	16	static
C:/Users/wikto/Desktop/test/workpls_cmake/stm32c5xx_drivers/hal/stm32c5xx_hal_pwr.c:939:14:HAL_PWR_LP_EnableMemoryPageRetention	40	static
C:/Users/wikto/Desktop/test/workpls_cmake/stm32c5xx_drivers/hal/stm32c5xx_hal_pwr.c:1007:14:HAL_PWR_LP_DisableMemoryPageRetention	40	static
C:/Users/wikto/Desktop/test/workpls_cmake/stm32c5xx_drivers/hal/stm32c5xx_hal_pwr.c:1076:40:HAL_PWR_LP_IsEnabledMemoryPageRetention	24	static
C:/Users/wikto/Desktop/test/workpls_cmake/stm32c5xx_drivers/hal/stm32c5xx_hal_pwr.c:1142:6:HAL_PWR_LP_EnableFlashLowPWRMode	8	static
C:/Users/wikto/Desktop/test/workpls_cmake/stm32c5xx_drivers/hal/stm32c5xx_hal_pwr.c:1150:6:HAL_PWR_LP_DisableFlashLowPWRMode	8	static
C:/Users/wikto/Desktop/test/workpls_cmake/stm32c5xx_drivers/hal/stm32c5xx_hal_pwr.c:1159:37:HAL_PWR_LP_IsEnabledFlashLowPWRMode	8	static
C:/Users/wikto/Desktop/test/workpls_cmake/stm32c5xx_drivers/hal/stm32c5xx_hal_pwr.c:1185:6:HAL_PWR_LP_EnableIORetention	16	static
C:/Users/wikto/Desktop/test/workpls_cmake/stm32c5xx_drivers/hal/stm32c5xx_hal_pwr.c:1201:6:HAL_PWR_LP_DisableIORetention	16	static
C:/Users/wikto/Desktop/test/workpls_cmake/stm32c5xx_drivers/hal/stm32c5xx_hal_pwr.c:1217:31:HAL_PWR_LP_IsEnabledIORetention	24	static
C:/Users/wikto/Desktop/test/workpls_cmake/stm32c5xx_drivers/hal/stm32c5xx_hal_pwr.c:1254:14:HAL_PWR_SetPrivAttr	24	static,ignoring_inline_asm
C:/Users/wikto/Desktop/test/workpls_cmake/stm32c5xx_drivers/hal/stm32c5xx_hal_pwr.c:1273:21:HAL_PWR_GetPrivAttr	16	static
